20260331 20:33:53- INFO- 策略参数: {'mv_min': 30, 'mv_max': 1000, 'vol_ratio_min': 0.8, 'price_position_max': 3, 'stop_loss_pct': 0.08, 'trailing_stop_pct': 0.05, 'max_holding_days': 30}
20260331 20:33:53- INFO- 数据加载完成，共 1539133 条记录
20260331 20:33:54- INFO- 特征计算完成
20260331 20:33:54- INFO- 生成买入信号 13319 个
20260331 20:33:54- INFO- 回测时间区间: 2025-01-01 至 2026-03-31
20260331 20:33:54- INFO- 买入信号数量: 13319
20260331 20:33:54- INFO- 使用40个进程并行处理，共294个日期任务
20260331 20:34:21- INFO- 处理 SHSE.600025 时出错: 'Series' object has no attribute 'days'
20260331 20:35:10- INFO- 处理 SHSE.689009 时出错: index -1 is out of bounds for sequence of length 0
20260331 20:35:29- INFO- 处理 SZSE.000970 时出错: 'Series' object has no attribute 'days'
20260331 20:35:30- INFO- 处理 SZSE.002311 时出错: 'Series' object has no attribute 'days'
20260331 20:36:16- INFO- 处理 SZSE.000598 时出错: 'Series' object has no attribute 'days'
20260331 20:36:18- INFO- 处理 SZSE.002352 时出错: 'Series' object has no attribute 'days'
20260331 20:36:29- INFO- 处理 SHSE.601838 时出错: 'Series' object has no attribute 'days'
20260331 20:37:04- INFO- 处理 SHSE.600237 时出错: 'Series' object has no attribute 'days'
20260331 20:37:12- INFO- 处理 SZSE.000001 时出错: 'Series' object has no attribute 'days'
20260331 20:38:03- INFO- 处理 SZSE.002958 时出错: 'Series' object has no attribute 'days'
20260331 20:38:24- INFO- 处理 SHSE.601598 时出错: 'Series' object has no attribute 'days'
20260331 20:38:53- INFO- 处理 SHSE.600177 时出错: 'Series' object has no attribute 'days'
20260331 20:38:58- INFO- 处理 SHSE.600116 时出错: 'Series' object has no attribute 'days'
20260331 20:39:18- INFO- 处理 SZSE.000050 时出错: 'Series' object has no attribute 'days'
20260331 20:39:23- INFO- 处理 SHSE.600925 时出错: 'Series' object has no attribute 'days'
20260331 20:41:24- INFO- 处理 SZSE.002745 时出错: 'Series' object has no attribute 'days'
20260331 20:42:46- INFO- 处理 SZSE.000539 时出错: 'Series' object has no attribute 'days'
20260331 20:42:47- INFO- 处理 SHSE.600642 时出错: 'Series' object has no attribute 'days'
20260331 20:43:16- INFO- 处理 SHSE.600015 时出错: 'Series' object has no attribute 'days'
20260331 20:43:47- INFO- 处理 SHSE.601939 时出错: 'Series' object has no attribute 'days'
20260331 20:44:02- INFO- 处理 SZSE.000404 时出错: 'Series' object has no attribute 'days'
20260331 20:44:11- INFO- 处理 SHSE.600023 时出错: 'Series' object has no attribute 'days'
20260331 20:44:11- INFO- 处理 SHSE.600007 时出错: 'Series' object has no attribute 'days'
20260331 20:44:12- INFO- 处理 SHSE.600033 时出错: 'Series' object has no attribute 'days'
20260331 20:44:12- INFO- 处理 SHSE.600125 时出错: 'Series' object has no attribute 'days'
20260331 20:44:13- INFO- 处理 SHSE.600008 时出错: 'Series' object has no attribute 'days'
20260331 20:44:13- INFO- 处理 SHSE.600345 时出错: 'Series' object has no attribute 'days'
20260331 20:44:14- INFO- 处理 SHSE.600538 时出错: 'Series' object has no attribute 'days'
20260331 20:44:14- INFO- 处理 SHSE.600233 时出错: 'Series' object has no attribute 'days'
20260331 20:44:15- INFO- 处理 SHSE.600382 时出错: 'Series' object has no attribute 'days'
20260331 20:44:15- INFO- 处理 SHSE.600062 时出错: 'Series' object has no attribute 'days'
20260331 20:44:16- INFO- 处理 SHSE.600398 时出错: 'Series' object has no attribute 'days'
20260331 20:44:16- INFO- 处理 SHSE.600428 时出错: 'Series' object has no attribute 'days'
20260331 20:44:16- INFO- 处理 SHSE.600110 时出错: 'Series' object has no attribute 'days'
20260331 20:44:17- INFO- 处理 SHSE.600502 时出错: 'Series' object has no attribute 'days'
20260331 20:44:17- INFO- 处理 SHSE.601869 时出错: 'Series' object has no attribute 'days'
20260331 20:44:17- INFO- 处理 SHSE.600527 时出错: 'Series' object has no attribute 'days'
20260331 20:44:18- INFO- 处理 SHSE.600158 时出错: 'Series' object has no attribute 'days'
20260331 20:44:18- INFO- 处理 SHSE.600521 时出错: 'Series' object has no attribute 'days'
20260331 20:44:19- INFO- 处理 SHSE.601998 时出错: 'Series' object has no attribute 'days'
20260331 20:44:19- INFO- 处理 SHSE.600976 时出错: 'Series' object has no attribute 'days'
20260331 20:44:19- INFO- 处理 SHSE.603227 时出错: 'Series' object has no attribute 'days'
20260331 20:44:19- INFO- 处理 SHSE.600196 时出错: 'Series' object has no attribute 'days'
20260331 20:44:20- INFO- 处理 SHSE.600522 时出错: 'Series' object has no attribute 'days'
20260331 20:44:20- INFO- 处理 SHSE.600648 时出错: 'Series' object has no attribute 'days'
20260331 20:44:21- INFO- 处理 SHSE.600686 时出错: 'Series' object has no attribute 'days'
20260331 20:44:21- INFO- 处理 SHSE.600251 时出错: 'Series' object has no attribute 'days'
20260331 20:44:22- INFO- 处理 SHSE.600754 时出错: 'Series' object has no attribute 'days'
20260331 20:44:22- INFO- 处理 SHSE.600315 时出错: 'Series' object has no attribute 'days'
20260331 20:44:22- INFO- 处理 SHSE.600698 时出错: 'Series' object has no attribute 'days'
20260331 20:44:23- INFO- 处理 SHSE.600867 时出错: 'Series' object has no attribute 'days'
20260331 20:44:23- INFO- 处理 SZSE.002034 时出错: 'Series' object has no attribute 'days'
20260331 20:44:23- INFO- 处理 SHSE.600316 时出错: 'Series' object has no attribute 'days'
20260331 20:44:24- INFO- 处理 SHSE.603288 时出错: 'Series' object has no attribute 'days'
20260331 20:44:24- INFO- 处理 SHSE.601009 时出错: 'Series' object has no attribute 'days'
20260331 20:44:24- INFO- 处理 SHSE.601333 时出错: 'Series' object has no attribute 'days'
20260331 20:44:24- INFO- 处理 SZSE.000065 时出错: 'Series' object has no attribute 'days'
20260331 20:44:25- INFO- 处理 SHSE.600433 时出错: 'Series' object has no attribute 'days'
20260331 20:44:25- INFO- 处理 SHSE.603520 时出错: 'Series' object has no attribute 'days'
20260331 20:44:25- INFO- 处理 SHSE.601598 时出错: 'Series' object has no attribute 'days'
20260331 20:44:26- INFO- 处理 SHSE.600461 时出错: 'Series' object has no attribute 'days'
20260331 20:44:26- INFO- 处理 SHSE.603601 时出错: 'Series' object has no attribute 'days'
20260331 20:44:26- INFO- 处理 SHSE.601952 时出错: 'Series' object has no attribute 'days'
20260331 20:44:27- INFO- 处理 SHSE.600487 时出错: 'Series' object has no attribute 'days'
20260331 20:44:27- INFO- 处理 SHSE.605305 时出错: 'Series' object has no attribute 'days'
20260331 20:44:27- INFO- 处理 SHSE.603124 时出错: 'Series' object has no attribute 'days'
20260331 20:44:28- INFO- 处理 SHSE.600578 时出错: 'Series' object has no attribute 'days'
20260331 20:44:28- INFO- 处理 SHSE.603345 时出错: 'Series' object has no attribute 'days'
20260331 20:44:28- INFO- 处理 SHSE.605319 时出错: 'Series' object has no attribute 'days'
20260331 20:44:29- INFO- 处理 SZSE.002460 时出错: 'Series' object has no attribute 'days'
20260331 20:44:29- INFO- 处理 SHSE.603978 时出错: 'Series' object has no attribute 'days'
20260331 20:44:29- INFO- 处理 SHSE.600748 时出错: 'Series' object has no attribute 'days'
20260331 20:44:29- INFO- 处理 SZSE.000155 时出错: 'Series' object has no attribute 'days'
20260331 20:44:30- INFO- 处理 SHSE.605168 时出错: 'Series' object has no attribute 'days'
20260331 20:44:30- INFO- 处理 SHSE.600800 时出错: 'Series' object has no attribute 'days'
20260331 20:44:30- INFO- 处理 SZSE.000008 时出错: 'Series' object has no attribute 'days'
20260331 20:44:30- INFO- 处理 SZSE.000659 时出错: 'Series' object has no attribute 'days'
20260331 20:44:31- INFO- 处理 SZSE.000028 时出错: 'Series' object has no attribute 'days'
20260331 20:44:31- INFO- 处理 SHSE.600863 时出错: 'Series' object has no attribute 'days'
20260331 20:44:31- INFO- 处理 SZSE.000927 时出错: 'Series' object has no attribute 'days'
20260331 20:44:32- INFO- 处理 SZSE.000592 时出错: 'Series' object has no attribute 'days'
20260331 20:44:32- INFO- 处理 SZSE.002611 时出错: 'Series' object has no attribute 'days'
20260331 20:44:33- INFO- 处理 SHSE.600868 时出错: 'Series' object has no attribute 'days'
20260331 20:44:33- INFO- 处理 SZSE.002035 时出错: 'Series' object has no attribute 'days'
20260331 20:44:33- INFO- 处理 SZSE.000719 时出错: 'Series' object has no attribute 'days'
20260331 20:44:33- INFO- 处理 SZSE.000729 时出错: 'Series' object has no attribute 'days'
20260331 20:44:34- INFO- 处理 SHSE.600869 时出错: 'Series' object has no attribute 'days'
20260331 20:44:34- INFO- 处理 SZSE.002083 时出错: 'Series' object has no attribute 'days'
20260331 20:44:34- INFO- 处理 SZSE.000753 时出错: 'Series' object has no attribute 'days'
20260331 20:44:34- INFO- 处理 SZSE.002966 时出错: 'Series' object has no attribute 'days'
20260331 20:44:35- INFO- 处理 SZSE.002222 时出错: 'Series' object has no attribute 'days'
20260331 20:44:35- INFO- 处理 SHSE.601000 时出错: 'Series' object has no attribute 'days'
20260331 20:44:35- INFO- 处理 SZSE.001389 时出错: 'Series' object has no attribute 'days'
20260331 20:44:36- INFO- 处理 SZSE.002032 时出错: 'Series' object has no attribute 'days'
20260331 20:44:36- INFO- 处理 SHSE.601229 时出错: 'Series' object has no attribute 'days'
20260331 20:44:36- INFO- 处理 SZSE.002466 时出错: 'Series' object has no attribute 'days'
20260331 20:44:36- INFO- 处理 SZSE.002176 时出错: 'Series' object has no attribute 'days'
20260331 20:44:37- INFO- 处理 SHSE.601311 时出错: 'Series' object has no attribute 'days'
20260331 20:44:37- INFO- 处理 SZSE.002645 时出错: 'Series' object has no attribute 'days'
20260331 20:44:37- INFO- 处理 SZSE.002216 时出错: 'Series' object has no attribute 'days'
20260331 20:44:37- INFO- 处理 SHSE.601658 时出错: 'Series' object has no attribute 'days'
20260331 20:44:38- INFO- 处理 SZSE.002705 时出错: 'Series' object has no attribute 'days'
20260331 20:44:38- INFO- 处理 SZSE.002328 时出错: 'Series' object has no attribute 'days'
20260331 20:44:38- INFO- 处理 SZSE.002352 时出错: 'Series' object has no attribute 'days'
20260331 20:44:38- INFO- 处理 SHSE.601665 时出错: 'Series' object has no attribute 'days'
20260331 20:44:39- INFO- 处理 SZSE.002805 时出错: 'Series' object has no attribute 'days'
20260331 20:44:39- INFO- 处理 SZSE.002368 时出错: 'Series' object has no attribute 'days'
20260331 20:44:39- INFO- 处理 SHSE.603061 时出错: 'Series' object has no attribute 'days'
20260331 20:44:40- INFO- 处理 SZSE.002370 时出错: 'Series' object has no attribute 'days'
20260331 20:44:40- INFO- 处理 SHSE.603118 时出错: 'Series' object has no attribute 'days'
20260331 20:44:40- INFO- 处理 SZSE.002437 时出错: 'Series' object has no attribute 'days'
20260331 20:44:41- INFO- 处理 SHSE.603229 时出错: 'Series' object has no attribute 'days'
20260331 20:44:41- INFO- 处理 SZSE.002455 时出错: 'Series' object has no attribute 'days'
20260331 20:44:41- INFO- 处理 SZSE.002471 时出错: 'Series' object has no attribute 'days'
20260331 20:44:42- INFO- 处理 SHSE.603360 时出错: 'Series' object has no attribute 'days'
20260331 20:44:42- INFO- 处理 SZSE.002491 时出错: 'Series' object has no attribute 'days'
20260331 20:44:42- INFO- 处理 SHSE.603399 时出错: 'Series' object has no attribute 'days'
20260331 20:44:43- INFO- 处理 SZSE.002563 时出错: 'Series' object has no attribute 'days'
20260331 20:44:43- INFO- 处理 SZSE.002692 时出错: 'Series' object has no attribute 'days'
20260331 20:44:43- INFO- 处理 SHSE.603685 时出错: 'Series' object has no attribute 'days'
20260331 20:44:44- INFO- 处理 SZSE.002761 时出错: 'Series' object has no attribute 'days'
20260331 20:44:44- INFO- 处理 SHSE.603737 时出错: 'Series' object has no attribute 'days'
20260331 20:44:44- INFO- 处理 SZSE.002773 时出错: 'Series' object has no attribute 'days'
20260331 20:44:45- INFO- 处理 SZSE.002792 时出错: 'Series' object has no attribute 'days'
20260331 20:44:45- INFO- 处理 SHSE.603881 时出错: 'Series' object has no attribute 'days'
20260331 20:44:45- INFO- 处理 SZSE.002793 时出错: 'Series' object has no attribute 'days'
20260331 20:44:46- INFO- 处理 SHSE.605016 时出错: 'Series' object has no attribute 'days'
20260331 20:44:46- INFO- 处理 SZSE.002940 时出错: 'Series' object has no attribute 'days'
20260331 20:44:46- INFO- 处理 SHSE.605116 时出错: 'Series' object has no attribute 'days'
20260331 20:44:47- INFO- 处理 SZSE.000032 时出错: 'Series' object has no attribute 'days'
20260331 20:44:48- INFO- 处理 SZSE.000516 时出错: 'Series' object has no attribute 'days'
20260331 20:44:48- INFO- 处理 SZSE.000543 时出错: 'Series' object has no attribute 'days'
20260331 20:44:49- INFO- 处理 SZSE.000546 时出错: 'Series' object has no attribute 'days'
20260331 20:44:50- INFO- 处理 SZSE.000593 时出错: 'Series' object has no attribute 'days'
20260331 20:44:50- INFO- 处理 SZSE.000762 时出错: 'Series' object has no attribute 'days'
20260331 20:44:51- INFO- 处理 SZSE.000895 时出错: 'Series' object has no attribute 'days'
20260331 20:44:51- INFO- 处理 SZSE.000899 时出错: 'Series' object has no attribute 'days'
20260331 20:44:52- INFO- 处理 SZSE.000989 时出错: 'Series' object has no attribute 'days'
20260331 20:44:52- INFO- 处理 SZSE.002038 时出错: 'Series' object has no attribute 'days'
20260331 20:44:53- INFO- 处理 SZSE.002060 时出错: 'Series' object has no attribute 'days'
20260331 20:44:53- INFO- 处理 SZSE.002091 时出错: 'Series' object has no attribute 'days'
20260331 20:44:54- INFO- 处理 SZSE.002149 时出错: 'Series' object has no attribute 'days'
20260331 20:44:55- INFO- 处理 SZSE.002203 时出错: 'Series' object has no attribute 'days'
20260331 20:44:55- INFO- 处理 SZSE.002219 时出错: 'Series' object has no attribute 'days'
20260331 20:44:56- INFO- 处理 SZSE.002224 时出错: 'Series' object has no attribute 'days'
20260331 20:44:56- INFO- 处理 SZSE.002240 时出错: 'Series' object has no attribute 'days'
20260331 20:44:57- INFO- 处理 SZSE.002245 时出错: 'Series' object has no attribute 'days'
20260331 20:44:57- INFO- 处理 SZSE.002263 时出错: 'Series' object has no attribute 'days'
20260331 20:44:58- INFO- 处理 SZSE.002265 时出错: 'Series' object has no attribute 'days'
20260331 20:44:58- INFO- 处理 SZSE.002281 时出错: 'Series' object has no attribute 'days'
20260331 20:44:59- INFO- 处理 SZSE.002317 时出错: 'Series' object has no attribute 'days'
20260331 20:44:59- INFO- 处理 SZSE.002361 时出错: 'Series' object has no attribute 'days'
20260331 20:45:00- INFO- 处理 SZSE.002419 时出错: 'Series' object has no attribute 'days'
20260331 20:45:00- INFO- 处理 SZSE.002467 时出错: 'Series' object has no attribute 'days'
20260331 20:45:01- INFO- 处理 SZSE.002675 时出错: 'Series' object has no attribute 'days'
20260331 20:45:01- INFO- 处理 SZSE.002685 时出错: 'Series' object has no attribute 'days'
20260331 20:45:02- INFO- 处理 SZSE.002709 时出错: 'Series' object has no attribute 'days'
20260331 20:45:02- INFO- 处理 SZSE.002755 时出错: 'Series' object has no attribute 'days'
20260331 20:45:03- INFO- 处理 SZSE.002759 时出错: 'Series' object has no attribute 'days'
20260331 20:45:03- INFO- 处理 SZSE.002821 时出错: 'Series' object has no attribute 'days'
20260331 20:45:04- INFO- 处理 SZSE.002850 时出错: 'Series' object has no attribute 'days'
20260331 20:45:04- INFO- 处理 SZSE.002884 时出错: 'Series' object has no attribute 'days'
20260331 20:45:05- INFO- 处理 SZSE.003043 时出错: 'Series' object has no attribute 'days'
20260331 20:45:19- INFO- 所有回测任务完成，共处理292个日期的结果
20260331 20:45:19- INFO- 卖出原因统计:
20260331 20:45:19- INFO- shape: (4, 2)
┌─────────────┬──────┐
│ sell_reason ┆ code │
│ ---         ┆ ---  │
│ str         ┆ u32  │
╞═════════════╪══════╡
│ 追踪止损    ┆ 8413 │
│ 死叉卖出    ┆ 4165 │
│ null        ┆ 163  │
│ 止损卖出    ┆ 578  │
└─────────────┴──────┘
20260331 20:45:19- INFO- ==================================================
20260331 20:45:19- INFO- 双均线策略回测结果:
20260331 21:12:53- INFO- 策略参数: {'mv_min': 300, 'mv_max': 5000, 'vol_ratio_min': 0.8, 'price_position_max': 3, 'stop_loss_pct': 0.08, 'trailing_stop_pct': 0.05, 'max_holding_days': 30}
20260331 21:12:57- INFO- 数据加载完成，共 1539133 条记录
20260331 21:13:03- INFO- 特征计算完成
20260331 21:13:07- INFO- 生成买入信号 1817 个
20260331 21:13:20- INFO- 回测时间区间: 2025-01-01 至 2026-03-31
20260331 21:13:20- INFO- 买入信号数量: 1817
20260331 21:13:20- INFO- 使用40个进程并行处理，共283个日期任务
20260331 21:13:26- INFO- 处理 SHSE.601229 时出错: 'Series' object has no attribute 'days'
20260331 21:13:26- INFO- 处理 SHSE.600036 时出错: 'Series' object has no attribute 'days'
20260331 21:13:30- INFO- 处理 SHSE.600941 时出错: 'Series' object has no attribute 'days'
20260331 21:13:33- INFO- 处理 SHSE.600900 时出错: 'Series' object has no attribute 'days'
20260331 21:13:37- INFO- 处理 SHSE.600919 时出错: 'Series' object has no attribute 'days'
20260331 21:13:41- INFO- 处理 SZSE.002311 时出错: 'Series' object has no attribute 'days'
20260331 21:13:46- INFO- 处理 SHSE.689009 时出错: index -1 is out of bounds for sequence of length 0
20260331 21:13:48- INFO- 处理 SHSE.601838 时出错: 'Series' object has no attribute 'days'
20260331 21:13:49- INFO- 处理 SZSE.000001 时出错: 'Series' object has no attribute 'days'
20260331 21:13:50- INFO- 处理 SZSE.002352 时出错: 'Series' object has no attribute 'days'
20260331 21:13:53- INFO- 处理 SHSE.601166 时出错: 'Series' object has no attribute 'days'
20260331 21:14:36- INFO- 处理 SHSE.600015 时出错: 'Series' object has no attribute 'days'
20260331 21:14:41- INFO- 处理 SZSE.002460 时出错: 'Series' object has no attribute 'days'
20260331 21:14:42- INFO- 处理 SHSE.600036 时出错: 'Series' object has no attribute 'days'
20260331 21:14:42- INFO- 处理 SHSE.600233 时出错: 'Series' object has no attribute 'days'
20260331 21:14:42- INFO- 处理 SHSE.600104 时出错: 'Series' object has no attribute 'days'
20260331 21:14:42- INFO- 处理 SHSE.601939 时出错: 'Series' object has no attribute 'days'
20260331 21:14:42- INFO- 处理 SHSE.600522 时出错: 'Series' object has no attribute 'days'
20260331 21:14:43- INFO- 处理 SHSE.600196 时出错: 'Series' object has no attribute 'days'
20260331 21:14:43- INFO- 处理 SZSE.002966 时出错: 'Series' object has no attribute 'days'
20260331 21:14:43- INFO- 处理 SHSE.603259 时出错: 'Series' object has no attribute 'days'
20260331 21:14:43- INFO- 处理 SHSE.601009 时出错: 'Series' object has no attribute 'days'
20260331 21:14:44- INFO- 处理 SHSE.600487 时出错: 'Series' object has no attribute 'days'
20260331 21:14:44- INFO- 处理 SZSE.000408 时出错: 'Series' object has no attribute 'days'
20260331 21:14:44- INFO- 处理 SHSE.603288 时出错: 'Series' object has no attribute 'days'
20260331 21:14:44- INFO- 处理 SHSE.601169 时出错: 'Series' object has no attribute 'days'
20260331 21:14:45- INFO- 处理 SZSE.000858 时出错: 'Series' object has no attribute 'days'
20260331 21:14:45- INFO- 处理 SHSE.601229 时出错: 'Series' object has no attribute 'days'
20260331 21:14:45- INFO- 处理 SZSE.002466 时出错: 'Series' object has no attribute 'days'
20260331 21:14:46- INFO- 处理 SZSE.002352 时出错: 'Series' object has no attribute 'days'
20260331 21:14:46- INFO- 处理 SHSE.601658 时出错: 'Series' object has no attribute 'days'
20260331 21:14:46- INFO- 处理 SHSE.601825 时出错: 'Series' object has no attribute 'days'
20260331 21:14:46- INFO- 处理 SZSE.002475 时出错: 'Series' object has no attribute 'days'
20260331 21:14:47- INFO- 处理 SHSE.601818 时出错: 'Series' object has no attribute 'days'
20260331 21:14:47- INFO- 处理 SHSE.601838 时出错: 'Series' object has no attribute 'days'
20260331 21:14:47- INFO- 处理 SZSE.002648 时出错: 'Series' object has no attribute 'days'
20260331 21:14:48- INFO- 处理 SZSE.000001 时出错: 'Series' object has no attribute 'days'
20260331 21:14:48- INFO- 处理 SZSE.000792 时出错: 'Series' object has no attribute 'days'
20260331 21:14:49- INFO- 处理 SZSE.002281 时出错: 'Series' object has no attribute 'days'
20260331 21:14:49- INFO- 处理 SZSE.002709 时出错: 'Series' object has no attribute 'days'
20260331 21:14:50- INFO- 处理 SZSE.002850 时出错: 'Series' object has no attribute 'days'
20260331 21:14:56- INFO- 所有回测任务完成，共处理278个日期的结果
20260331 21:15:09- INFO- 卖出原因统计:
20260331 21:15:09- INFO- shape: (4, 2)
┌─────────────┬──────┐
│ sell_reason ┆ code │
│ ---         ┆ ---  │
│ str         ┆ u32  │
╞═════════════╪══════╡
│ null        ┆ 41   │
│ 追踪止损    ┆ 1020 │
│ 死叉卖出    ┆ 702  │
│ 止损卖出    ┆ 54   │
└─────────────┴──────┘
20260331 21:15:09- INFO- ==================================================
20260331 21:15:09- INFO- 双均线策略回测结果:
