20260102 19:31:18- INFO- 正在计算分组avg_limit_turnover_10 (5.024, 7.715] 的回测指标
20260102 19:31:18- INFO- 
回测时间:2025-01-02 - 2025-12-31
策略胜率: 46.84%
策略盈亏比: 1.49
每日平均开仓个数: 1.23
平均持仓天数: 1.69 天
每单位风险期望收益:0.1679
策略总收益率: 17.46%
策略年化收益率: 17.56%
最大回撤: -18.46%
最大回撤阶段: 2025-04-24 至 2025-06-12
夏普比率: 0.68
策略超额年化收益率: -0.21%
最终净值: 1.1746
20260102 19:31:18- INFO- 正在计算分组avg_limit_turnover_10 (7.715, 11.56] 的回测指标
20260102 19:31:18- INFO- 
回测时间:2025-01-02 - 2025-12-31
策略胜率: 46.05%
策略盈亏比: 1.50
每日平均开仓个数: 1.30
平均持仓天数: 1.54 天
每单位风险期望收益:0.1493
策略总收益率: 29.62%
策略年化收益率: 29.80%
最大回撤: -13.59%
最大回撤阶段: 2025-03-21 至 2025-05-21
夏普比率: 1.02
策略超额年化收益率: 12.03%
最终净值: 1.2962
20260102 19:31:18- INFO- 正在计算分组avg_limit_turnover_10 (11.56, 15.437] 的回测指标
20260102 19:31:18- INFO- 
回测时间:2025-01-02 - 2025-12-31
策略胜率: 47.50%
策略盈亏比: 1.46
每日平均开仓个数: 1.23
平均持仓天数: 1.56 天
每单位风险期望收益:0.1665
策略总收益率: 13.80%
策略年化收益率: 13.88%
最大回撤: -20.08%
最大回撤阶段: 2025-03-20 至 2025-11-11
夏普比率: 0.51
策略超额年化收益率: -3.89%
最终净值: 1.1380
20260102 19:31:18- INFO- 正在计算分组avg_limit_turnover_10 (15.437, 21.685] 的回测指标
20260102 19:31:18- INFO- 
回测时间:2025-01-02 - 2025-12-31
策略胜率: 52.63%
策略盈亏比: 1.51
每日平均开仓个数: 1.31
平均持仓天数: 1.57 天
每单位风险期望收益:0.3232
策略总收益率: 37.98%
策略年化收益率: 38.23%
最大回撤: -9.14%
最大回撤阶段: 2025-09-11 至 2025-10-24
夏普比率: 1.53
策略超额年化收益率: 20.46%
最终净值: 1.3798
20260102 19:31:18- INFO- 正在计算分组avg_limit_turnover_10 (21.685, 48.21] 的回测指标
20260102 19:31:18- INFO- 
回测时间:2025-01-02 - 2025-12-31
策略胜率: 56.41%
策略盈亏比: 1.50
每日平均开仓个数: 1.27
平均持仓天数: 1.71 天
每单位风险期望收益:0.4075
策略总收益率: 41.77%
策略年化收益率: 42.04%
最大回撤: -18.35%
最大回撤阶段: 2025-08-12 至 2025-11-27
夏普比率: 1.50
策略超额年化收益率: 24.28%
最终净值: 1.4177
20260102 19:31:18- INFO- 分组描述性统计：
20260102 19:31:18- INFO-         _factor_bin   样本数        均值        标准差        最小值      25分位       中位数  \
0    (5.024, 7.715]  87.0  1.081119   8.998876 -25.134047 -5.270679 -0.478801   
1    (7.715, 11.56]  86.0 -0.095136   9.843895 -16.067782 -6.130938 -1.934475   
2   (11.56, 15.437]  87.0  0.795675   8.554028 -13.472364 -4.621785 -0.747512   
3  (15.437, 21.685]  86.0  1.869651   9.772552 -14.065704 -5.931436  0.770459   
4   (21.685, 48.21]  87.0  2.946588  10.024886 -12.358143 -4.370061  1.947798   

       75分位        最大值      回测开始日期  ...  策略总收益率 策略年化收益率     最大回撤    最大回撤开始日期  \
0  6.352028  33.106689  2025-01-02  ...  17.46%  17.56%  -18.46%  2025-04-24   
1  4.992330  47.949688  2025-01-02  ...  29.62%  29.80%  -13.59%  2025-03-21   
2  3.955335  31.668840  2025-01-02  ...  13.80%  13.88%  -20.08%  2025-03-20   
3  8.461664  30.056536  2025-01-02  ...  37.98%  38.23%   -9.14%  2025-09-11   
4  7.742559  41.607116  2025-01-02  ...  41.77%  42.04%  -18.35%  2025-08-12   

     最大回撤结束日期  夏普比率 策略超额年化收益率    最终净值 每日平均买入股票个数  平均持仓天数  
0  2025-06-12  0.68    -0.21%  1.1746       1.23  1.69 天  
1  2025-05-21  1.02    12.03%  1.2962       1.30  1.54 天  
2  2025-11-11  0.51    -3.89%  1.1380       1.23  1.56 天  
3  2025-10-24  1.53    20.46%  1.3798       1.31  1.57 天  
4  2025-11-27  1.50    24.28%  1.4177       1.27  1.71 天  

[5 rows x 24 columns]
20260102 21:18:03- INFO- 正在计算分组avg_limit_turnover_10 (0.709, 5.818] 的回测指标
20260102 21:18:03- INFO- 
回测时间:2025-01-02 - 2025-12-31
策略胜率: 50.00%
策略盈亏比: 1.80
每日平均开仓个数: 1.29
平均持仓天数: 1.69 天
每单位风险期望收益:0.4021
策略总收益率: 57.39%
策略年化收益率: 57.78%
最大回撤: -11.16%
最大回撤阶段: 2025-03-13 至 2025-04-25
夏普比率: 1.58
策略超额年化收益率: 40.01%
最终净值: 1.5739
20260102 21:18:03- INFO- 正在计算分组avg_limit_turnover_10 (5.818, 9.2] 的回测指标
20260102 21:18:03- INFO- 
回测时间:2025-01-02 - 2025-12-31
策略胜率: 46.81%
策略盈亏比: 1.50
每日平均开仓个数: 1.32
平均持仓天数: 1.66 天
每单位风险期望收益:0.1685
策略总收益率: 18.18%
策略年化收益率: 18.29%
最大回撤: -17.59%
最大回撤阶段: 2025-04-10 至 2025-09-26
夏普比率: 0.78
策略超额年化收益率: 0.52%
最终净值: 1.1818
20260102 21:18:03- INFO- 正在计算分组avg_limit_turnover_10 (9.2, 13.869] 的回测指标
20260102 21:18:03- INFO- 
回测时间:2025-01-02 - 2025-12-31
策略胜率: 41.49%
策略盈亏比: 1.41
每日平均开仓个数: 1.31
平均持仓天数: 1.52 天
每单位风险期望收益:-0.0013
策略总收益率: -5.14%
策略年化收益率: -5.17%
最大回撤: -23.99%
最大回撤阶段: 2025-02-25 至 2025-11-20
夏普比率: -0.24
策略超额年化收益率: -22.94%
最终净值: 0.9486
20260102 21:18:04- INFO- 正在计算分组avg_limit_turnover_10 (13.869, 19.603] 的回测指标
20260102 21:18:04- INFO- 
回测时间:2025-01-02 - 2025-12-31
策略胜率: 53.68%
策略盈亏比: 1.49
每日平均开仓个数: 1.32
平均持仓天数: 1.58 天
每单位风险期望收益:0.3378
策略总收益率: 60.13%
策略年化收益率: 60.54%
最大回撤: -10.81%
最大回撤阶段: 2025-09-11 至 2025-10-24
夏普比率: 1.98
策略超额年化收益率: 42.78%
最终净值: 1.6013
20260102 21:18:04- INFO- 正在计算分组avg_limit_turnover_10 (19.603, 48.21] 的回测指标
20260102 21:18:04- INFO- 
回测时间:2025-01-02 - 2025-12-31
策略胜率: 57.14%
策略盈亏比: 1.55
每日平均开仓个数: 1.33
平均持仓天数: 1.67 天
每单位风险期望收益:0.4568
策略总收益率: 56.34%
策略年化收益率: 56.73%
最大回撤: -14.28%
最大回撤阶段: 2025-08-12 至 2025-11-18
夏普比率: 1.87
策略超额年化收益率: 38.96%
最终净值: 1.5634
20260102 21:18:04- INFO- 分组描述性统计：
20260102 21:18:04- INFO-         _factor_bin    样本数        均值        标准差        最小值      25分位  \
0    (0.709, 5.818]  103.0  1.782265  11.086113 -25.134047 -5.816283   
1      (5.818, 9.2]  103.0  0.987282   9.646572 -16.067782 -5.035202   
2     (9.2, 13.869]  102.0 -0.304614   7.773548 -14.254620 -4.965440   
3  (13.869, 19.603]  103.0  2.136146   9.789888 -13.497707 -5.740863   
4   (19.603, 48.21]  103.0  2.499766   9.964302 -14.065704 -4.698867   

        中位数      75分位        最大值      回测开始日期  ...  策略总收益率 策略年化收益率     最大回撤  \
0 -0.471497  6.624581  37.536641  2025-01-02  ...  57.39%  57.78%  -11.16%   
1 -1.111273  5.917192  47.949688  2025-01-02  ...  18.18%  18.29%  -17.59%   
2 -1.354197  3.566150  29.849990  2025-01-02  ...  -5.14%  -5.17%  -23.99%   
3  0.827951  8.525243  31.668840  2025-01-02  ...  60.13%  60.54%  -10.81%   
4  1.910556  7.938186  41.607116  2025-01-02  ...  56.34%  56.73%  -14.28%   

     最大回撤开始日期    最大回撤结束日期   夏普比率 策略超额年化收益率    最终净值 每日平均买入股票个数  平均持仓天数  
0  2025-03-13  2025-04-25   1.58    40.01%  1.5739       1.29  1.69 天  
1  2025-04-10  2025-09-26   0.78     0.52%  1.1818       1.32  1.66 天  
2  2025-02-25  2025-11-20  -0.24   -22.94%  0.9486       1.31  1.52 天  
3  2025-09-11  2025-10-24   1.98    42.78%  1.6013       1.32  1.58 天  
4  2025-08-12  2025-11-18   1.87    38.96%  1.5634       1.33  1.67 天  

[5 rows x 24 columns]
20260104 03:35:58- INFO- 正在计算分组avg_limit_turnover_20 (4.109, 6.865] 的回测指标
20260104 03:35:59- INFO- 
回测时间:2025-01-02 - 2025-12-31
策略胜率: 50.00%
策略盈亏比: 1.46
每日平均开仓个数: 1.18
平均持仓天数: 1.67 天
每单位风险期望收益:0.2284
策略总收益率: 21.18%
策略年化收益率: 21.31%
最大回撤: -25.77%
最大回撤阶段: 2025-01-16 至 2025-06-12
夏普比率: 0.69
策略超额年化收益率: 3.54%
最终净值: 1.2118
20260104 03:35:59- INFO- 正在计算分组avg_limit_turnover_20 (6.865, 10.14] 的回测指标
20260104 03:35:59- INFO- 
回测时间:2025-01-02 - 2025-12-31
策略胜率: 45.68%
策略盈亏比: 1.47
每日平均开仓个数: 1.27
平均持仓天数: 1.62 天
每单位风险期望收益:0.1304
策略总收益率: 18.99%
策略年化收益率: 19.11%
最大回撤: -22.70%
最大回撤阶段: 2025-03-21 至 2025-10-21
夏普比率: 0.69
策略超额年化收益率: 1.34%
最终净值: 1.1899
20260104 03:35:59- INFO- 正在计算分组avg_limit_turnover_20 (10.14, 14.337] 的回测指标
20260104 03:35:59- INFO- 
回测时间:2025-01-02 - 2025-12-31
策略胜率: 44.71%
策略盈亏比: 1.75
每日平均开仓个数: 1.26
平均持仓天数: 1.56 天
每单位风险期望收益:0.2302
策略总收益率: 23.21%
策略年化收益率: 23.35%
最大回撤: -13.79%
最大回撤阶段: 2025-03-20 至 2025-11-17
夏普比率: 0.87
策略超额年化收益率: 5.58%
最终净值: 1.2321
20260104 03:35:59- INFO- 正在计算分组avg_limit_turnover_20 (14.337, 19.074] 的回测指标
20260104 03:35:59- INFO- 
回测时间:2025-01-02 - 2025-12-31
策略胜率: 57.65%
策略盈亏比: 1.33
每日平均开仓个数: 1.25
平均持仓天数: 1.62 天
每单位风险期望收益:0.3458
策略总收益率: 65.87%
策略年化收益率: 66.34%
最大回撤: -10.65%
最大回撤阶段: 2025-09-11 至 2025-11-05
夏普比率: 1.96
策略超额年化收益率: 48.57%
最终净值: 1.6587
20260104 03:35:59- INFO- 正在计算分组avg_limit_turnover_20 (19.074, 40.606] 的回测指标
20260104 03:35:59- INFO- 
回测时间:2025-01-02 - 2025-12-31
策略胜率: 51.81%
策略盈亏比: 1.46
每日平均开仓个数: 1.35
平均持仓天数: 1.63 天
每单位风险期望收益:0.2754
策略总收益率: 17.92%
策略年化收益率: 18.02%
最大回撤: -20.23%
最大回撤阶段: 2025-08-12 至 2025-11-27
夏普比率: 0.76
策略超额年化收益率: 0.26%
最终净值: 1.1792
20260104 03:36:00- INFO- 分组描述性统计：
20260104 03:36:00- INFO-         _factor_bin   样本数        均值        标准差        最小值      25分位       中位数  \
0    (4.109, 6.865]  95.0  1.094828   9.798012 -25.134047 -5.324121 -0.471497   
1    (6.865, 10.14]  94.0  0.435292   9.788076 -16.067782 -4.845879 -1.066768   
2   (10.14, 14.337]  94.0  0.797384   8.545425 -13.472364 -4.799988 -1.158594   
3  (14.337, 19.074]  94.0  2.448868  10.310013 -13.497707 -6.042801  1.143821   
4  (19.074, 40.606]  94.0  2.070191   9.316880 -14.065704 -4.768698  1.449137   

       75分位        最大值      回测开始日期  ...  策略总收益率 策略年化收益率     最大回撤    最大回撤开始日期  \
0  5.007481  37.318918  2025-01-02  ...  21.18%  21.31%  -25.77%  2025-01-16   
1  5.034043  47.949688  2025-01-02  ...  18.99%  19.11%  -22.70%  2025-03-21   
2  4.964729  30.056536  2025-01-02  ...  23.21%  23.35%  -13.79%  2025-03-20   
3  9.130149  31.668840  2025-01-02  ...  65.87%  66.34%  -10.65%  2025-09-11   
4  7.166652  41.607116  2025-01-02  ...  17.92%  18.02%  -20.23%  2025-08-12   

     最大回撤结束日期  夏普比率 策略超额年化收益率    最终净值 每日平均买入股票个数  平均持仓天数  
0  2025-06-12  0.69     3.54%  1.2118       1.18  1.67 天  
1  2025-10-21  0.69     1.34%  1.1899       1.27  1.62 天  
2  2025-11-17  0.87     5.58%  1.2321       1.26  1.56 天  
3  2025-11-05  1.96    48.57%  1.6587       1.25  1.62 天  
4  2025-11-27  0.76     0.26%  1.1792       1.35  1.63 天  

[5 rows x 24 columns]
20260104 03:46:19- INFO- 正在计算分组avg_limit_turnover_20 (0.469, 5.21] 的回测指标
20260104 03:46:19- INFO- 
回测时间:2025-01-02 - 2025-12-31
策略胜率: 46.96%
策略盈亏比: 1.84
每日平均开仓个数: 1.71
平均持仓天数: 1.64 天
每单位风险期望收益:0.3319
策略总收益率: 66.34%
策略年化收益率: 66.80%
最大回撤: -10.27%
最大回撤阶段: 2025-06-30 至 2025-07-28
夏普比率: 2.03
策略超额年化收益率: 49.04%
最终净值: 1.6634
20260104 03:46:19- INFO- 正在计算分组avg_limit_turnover_20 (5.21, 8.14] 的回测指标
20260104 03:46:19- INFO- 
回测时间:2025-01-02 - 2025-12-31
策略胜率: 46.24%
策略盈亏比: 1.50
每日平均开仓个数: 1.63
平均持仓天数: 1.64 天
每单位风险期望收益:0.1566
策略总收益率: -4.70%
策略年化收益率: -4.73%
最大回撤: -26.33%
最大回撤阶段: 2025-04-24 至 2025-10-27
夏普比率: 0.07
策略超额年化收益率: -22.50%
最终净值: 0.9530
20260104 03:46:19- INFO- 正在计算分组avg_limit_turnover_20 (8.14, 12.16] 的回测指标
20260104 03:46:19- INFO- 
回测时间:2025-01-02 - 2025-12-31
策略胜率: 49.47%
策略盈亏比: 1.02
每日平均开仓个数: 1.64
平均持仓天数: 1.53 天
每单位风险期望收益:-0.0009
策略总收益率: -13.08%
策略年化收益率: -13.14%
最大回撤: -45.83%
最大回撤阶段: 2025-03-14 至 2025-09-04
夏普比率: -0.43
策略超额年化收益率: -30.91%
最终净值: 0.8692
20260104 03:46:19- INFO- 正在计算分组avg_limit_turnover_20 (12.16, 17.27] 的回测指标
20260104 03:46:19- INFO- 
回测时间:2025-01-02 - 2025-12-31
策略胜率: 46.99%
策略盈亏比: 1.72
每日平均开仓个数: 1.58
平均持仓天数: 1.58 天
每单位风险期望收益:0.2779
策略总收益率: 51.34%
策略年化收益率: 51.69%
最大回撤: -14.41%
最大回撤阶段: 2025-03-25 至 2025-04-29
夏普比率: 1.64
策略超额年化收益率: 33.92%
最终净值: 1.5134
20260104 03:46:20- INFO- 正在计算分组avg_limit_turnover_20 (17.27, 51.38] 的回测指标
20260104 03:46:20- INFO- 
回测时间:2025-01-02 - 2025-12-31
策略胜率: 55.25%
策略盈亏比: 1.52
每日平均开仓个数: 1.72
平均持仓天数: 1.63 天
每单位风险期望收益:0.3908
策略总收益率: 73.82%
策略年化收益率: 74.35%
最大回撤: -11.56%
最大回撤阶段: 2025-08-22 至 2025-11-21
夏普比率: 2.40
策略超额年化收益率: 56.58%
最终净值: 1.7382
20260104 03:46:20- INFO- 分组描述性统计：
20260104 03:46:20- INFO-       _factor_bin    样本数        均值       标准差        最小值      25分位       中位数  \
0   (0.469, 5.21]  201.0  1.114685  9.984461 -15.138593 -4.512722 -0.735623   
1    (5.21, 8.14]  200.0  0.593565  8.460036 -25.134047 -4.204299 -0.612818   
2   (8.14, 12.16]  200.0 -0.249583  6.855308 -16.067782 -4.419828 -0.864264   
3  (12.16, 17.27]  200.0  1.310197  9.087263 -15.872338 -4.177071 -0.367652   
4  (17.27, 51.38]  200.0  1.819528  8.938218 -14.065704 -4.527242  1.332880   

       75分位        最大值      回测开始日期  ...   策略总收益率  策略年化收益率     最大回撤  \
0  4.000639  70.841143  2025-01-02  ...   66.34%   66.80%  -10.27%   
1  3.973296  47.949688  2025-01-02  ...   -4.70%   -4.73%  -26.33%   
2  3.447535  19.506262  2025-01-02  ...  -13.08%  -13.14%  -45.83%   
3  5.760239  31.668840  2025-01-02  ...   51.34%   51.69%  -14.41%   
4  6.856961  41.607116  2025-01-02  ...   73.82%   74.35%  -11.56%   

     最大回撤开始日期    最大回撤结束日期   夏普比率 策略超额年化收益率    最终净值 每日平均买入股票个数  平均持仓天数  
0  2025-06-30  2025-07-28   2.03    49.04%  1.6634       1.71  1.64 天  
1  2025-04-24  2025-10-27   0.07   -22.50%  0.9530       1.63  1.64 天  
2  2025-03-14  2025-09-04  -0.43   -30.91%  0.8692       1.64  1.53 天  
3  2025-03-25  2025-04-29   1.64    33.92%  1.5134       1.58  1.58 天  
4  2025-08-22  2025-11-21   2.40    56.58%  1.7382       1.72  1.63 天  

[5 rows x 24 columns]
20260106 00:18:37- INFO- 总调整天数: 77, 调整正确率: 57.29%, 预计平均亏损改善: 2.6401%
20260106 00:18:37- INFO- 回测结果(不风控):
20260106 00:18:37- INFO- 
回测时间:2025-01-02 - 2026-01-05
策略胜率: 49.22%
策略盈亏比: 1.53
每日平均开仓个数: 2.58
平均持仓天数: 1.62 天
每单位风险期望收益:0.2458
策略总收益率: 199.13%
策略年化收益率: 196.47%
最大回撤: -16.79%
最大回撤阶段: 2025-08-27 至 2025-09-26
夏普比率: 2.72
策略超额年化收益率: 173.36%
最终净值: 2.9913
20260106 00:18:37- INFO- 回测结果(触及跌停风控):
20260106 00:18:37- INFO- 
回测时间:2025-01-02 - 2026-01-05
策略胜率: 50.00%
策略盈亏比: 1.59
每日平均开仓个数: 2.58
平均持仓天数: 1.62 天
每单位风险期望收益:0.2957
策略总收益率: 241.36%
策略年化收益率: 237.96%
最大回撤: -11.68%
最大回撤阶段: 2025-08-12 至 2025-09-26
夏普比率: 3.20
策略超额年化收益率: 214.85%
最终净值: 3.4136
20260106 00:18:37- INFO- 回测结果(买点下移风控):
20260106 00:18:37- INFO- 
回测时间:2025-01-02 - 2026-01-05
策略胜率: 48.50%
策略盈亏比: 1.58
每日平均开仓个数: 2.58
平均持仓天数: 1.62 天
每单位风险期望收益:0.2490
策略总收益率: 209.66%
策略年化收益率: 206.82%
最大回撤: -14.48%
最大回撤阶段: 2025-08-12 至 2025-09-26
夏普比率: 2.85
策略超额年化收益率: 183.71%
最终净值: 3.0966
20260106 00:24:00- INFO- 总调整天数: 93, 调整正确率: 58.82%, 预计平均亏损改善: 2.6659%
20260106 00:24:00- INFO- 回测结果(不风控):
20260108 22:50:28- INFO- 总调整天数: 77, 调整正确率: 57.29%, 预计平均亏损改善: 2.6401%
20260108 22:50:28- INFO- 回测结果(不风控):
20260109 22:00:16- INFO- 总调整天数: 77, 调整正确率: 57.29%, 预计平均亏损改善: 2.6401%
20260109 22:00:16- INFO- 回测结果(不风控):
20260110 01:11:15- INFO- 总调整天数: 77, 调整正确率: 55.56%, 预计平均亏损改善: 2.7927%
20260110 01:11:15- INFO- 回测结果(不风控):
20260110 16:35:46- INFO- 总调整天数: 88, 调整正确率: 58.77%, 预计平均亏损改善: 2.6116%
20260110 16:35:46- INFO- 回测结果(不风控):
20260110 19:14:13- INFO- 总调整天数: 88, 调整正确率: 58.77%, 预计平均亏损改善: 2.6116%
20260110 19:14:13- INFO- 总调整天数: 135, 调整正确率: 54.55%, 预计平均亏损改善: 2.4082%
20260110 19:14:13- INFO- 回测结果(不风控):
20260110 22:24:49- INFO- 总调整天数: 88, 调整正确率: 58.77%, 预计平均亏损改善: 2.6116%
20260110 22:24:50- INFO- 总调整天数: 135, 调整正确率: 54.55%, 预计平均亏损改善: 2.4082%
20260110 22:24:50- INFO- 回测结果(不风控):
20260111 21:41:31- INFO- 总调整天数: 85, 调整正确率: 58.52%, 预计平均亏损改善: 2.7129%
20260111 21:41:31- INFO- 总调整天数: 142, 调整正确率: 53.31%, 预计平均亏损改善: 2.5216%
20260111 21:41:31- INFO- 回测结果(不风控):
20260113 15:28:16- INFO- 总调整天数: 88, 调整正确率: 59.31%, 预计平均亏损改善: 2.6621%
20260113 15:28:17- INFO- 总调整天数: 140, 调整正确率: 53.79%, 预计平均亏损改善: 2.4383%
20260113 15:28:17- INFO- 回测结果(不风控):
20260114 23:32:28- INFO- 总调整天数: 89, 调整正确率: 58.90%, 预计平均亏损改善: 2.6643%
20260114 23:32:28- INFO- 总调整天数: 140, 调整正确率: 53.79%, 预计平均亏损改善: 2.4383%
20260114 23:32:28- INFO- 回测结果(不风控):
20260119 20:44:20- INFO- 总调整天数: 91, 调整正确率: 61.04%, 预计平均亏损改善: 2.7696%
20260119 20:44:20- INFO- 总调整天数: 141, 调整正确率: 54.07%, 预计平均亏损改善: 2.4339%
20260119 20:44:20- INFO- 回测结果(不风控):
20260121 22:43:10- INFO- 总调整天数: 86, 调整正确率: 58.92%, 预计平均亏损改善: 2.9041%
20260121 22:43:10- INFO- 总调整天数: 138, 调整正确率: 59.77%, 预计平均亏损改善: 2.4429%
20260121 22:43:10- INFO- 回测结果(不风控):
20260124 22:06:47- INFO- 总调整天数: 83, 调整正确率: 59.92%, 预计平均亏损改善: 3.3921%
20260124 22:06:47- INFO- 总调整天数: 163, 调整正确率: 67.16%, 预计平均亏损改善: 3.2578%
20260124 22:06:47- INFO- 回测结果(不风控):
20260124 23:01:04- INFO- 总调整天数: 82, 调整正确率: 62.50%, 预计平均亏损改善: 2.9618%
20260124 23:01:05- INFO- 总调整天数: 150, 调整正确率: 59.57%, 预计平均亏损改善: 2.6398%
20260124 23:01:05- INFO- 回测结果(不风控):
20260128 00:14:00- INFO- 总调整天数: 92, 调整正确率: 60.56%, 预计平均亏损改善: 2.8204%
20260128 00:14:01- INFO- 总调整天数: 144, 调整正确率: 54.35%, 预计平均亏损改善: 2.4309%
20260128 00:14:01- INFO- 回测结果(不风控):
20260413 22:14:57- INFO- 资金不足,无法买入 SHSE.603110 22500 股，所需资金 946890.94，当前现金 945336.30
20260413 22:15:06- INFO- 资金不足,无法买入 SZSE.002581 53400 股，所需资金 1239753.79，当前现金 1236937.98
20260413 22:15:06- INFO- 资金不足,无法买入 SZSE.002121 420700 股，所需资金 1863214.85，当前现金 1860107.47
20260413 22:15:12- INFO- 资金不足,无法买入 SHSE.600602 197000 股，所需资金 1292931.99，当前现金 1291100.70
20260413 22:15:16- INFO- 资金不足,无法买入 SHSE.603063 128300 股，所需资金 4268083.38，当前现金 4266462.66
20260413 22:15:19- INFO- 资金不足,无法买入 SHSE.600165 104800 股，所需资金 1114152.97，当前现金 1111915.21
20260413 22:15:19- INFO- 资金不足,无法买入 SHSE.603335 134400 股，所需资金 1055804.45，当前现金 1054648.08
20260413 22:15:19- INFO- 资金不足,无法买入 SZSE.000531 149500 股，所需资金 1596858.93，当前现金 1592902.85
20260413 22:15:19- INFO- 资金不足,无法买入 SZSE.002443 94900 股，所需资金 736946.69，当前现金 735667.79
20260413 22:15:20- INFO- 资金不足,无法买入 SZSE.002590 96600 股，所需资金 1059886.60，当前现金 1059075.33
20260413 22:15:20- INFO- 资金不足,无法买入 SZSE.002480 209000 股，所需资金 1447079.82，当前现金 1444669.66
20260413 22:15:21- INFO- 资金不足,无法买入 SZSE.002665 205600 股，所需资金 1009455.89，当前现金 1005180.74
20260413 22:15:32- INFO- 资金不足,无法买入 SZSE.002160 478800 股，所需资金 2931321.86，当前现金 2926208.93
20260413 22:15:54- INFO- 资金不足,无法买入 SHSE.603618 153400 股，所需资金 1029836.59，当前现金 1028430.21
20260413 22:15:58- INFO- 资金不足,无法买入 SHSE.600936 311000 股，所需资金 1430346.41，当前现金 1428138.73
20260413 22:15:59- INFO- 资金不足,无法买入 SZSE.002786 289200 股，所需资金 1993677.38，当前现金 1988290.76
20260413 22:16:03- INFO- 资金不足,无法买入 SZSE.000813 311200 股，所需资金 1278473.12，当前现金 1276434.46
20260413 22:16:07- INFO- 资金不足,无法买入 SZSE.000409 308100 股，所需资金 3019247.45，当前现金 3014868.54
20260413 22:16:10- INFO- 资金不足,无法买入 SHSE.603083 81700 股，所需资金 3520129.71，当前现金 3516840.71
20260413 22:16:10- INFO- 资金不足,无法买入 SHSE.600621 115900 股，所需资金 1975403.89，当前现金 1969887.29
20260413 22:16:10- INFO- 资金不足,无法买入 SHSE.600705 973400 股，所需资金 3247908.09，当前现金 3242463.14
20260413 22:16:16- INFO- 资金不足,无法买入 SHSE.600990 109400 股，所需资金 2030142.20，当前现金 2026960.08
20260413 22:16:17- INFO- 资金不足,无法买入 SHSE.603739 32800 股，所需资金 611629.43，当前现金 609654.28
20260413 22:16:17- INFO- 资金不足,无法买入 SZSE.000957 229200 股，所需资金 2579066.41，当前现金 2573092.70
20260413 22:16:18- INFO- 资金不足,无法买入 SZSE.002055 675900 股，所需资金 4517274.01，当前现金 4508630.03
20260413 22:16:22- INFO- 资金不足,无法买入 SZSE.000868 2078500 股，所需资金 9580231.76，当前现金 9571012.13
20260413 22:16:22- INFO- 资金不足,无法买入 SHSE.600316 82000 股，所需资金 1685185.32，当前现金 1682838.51
20260413 22:16:22- INFO- 资金不足,无法买入 SZSE.002232 121500 股，所需资金 2801309.23，当前现金 2795349.45
20260413 22:16:26- INFO- 资金不足,无法买入 SHSE.600550 273300 股，所需资金 2875392.17，当前现金 2870617.57
20260413 22:16:28- INFO- 资金不足,无法买入 SZSE.002628 1155900 股，所需资金 6150110.80，当前现金 6141460.93
20260413 22:16:28- INFO- 资金不足,无法买入 SZSE.002134 92700 股，所需资金 1746247.26，当前现金 1740275.41
20260413 22:16:36- INFO- 资金不足,无法买入 SZSE.002838 413300 股，所需资金 5549301.98，当前现金 5539781.71
20260413 22:16:36- INFO- 资金不足,无法买入 SZSE.000880 91800 股，所需资金 2830338.20，当前现金 2822264.20
20260413 22:16:44- INFO- 资金不足,无法买入 SHSE.603123 558200 股，所需资金 8026198.35，当前现金 8018968.36
20260413 22:16:47- INFO- 资金不足,无法买入 SZSE.002570 269300 股，所需资金 2053473.80，当前现金 2046735.42
20260413 22:16:47- INFO- 资金不足,无法买入 SHSE.600619 475500 股，所需资金 8814352.30，当前现金 8797643.92
20260413 22:16:48- INFO- 资金不足,无法买入 SHSE.600366 160300 股，所需资金 2545839.05，当前现金 2532355.43
20260413 22:16:50- INFO- 资金不足,无法买入 SHSE.600816 1512200 股，所需资金 5212377.14，当前现金 5195709.20
20260413 22:16:52- INFO- 资金不足,无法买入 SHSE.600333 1460900 股，所需资金 10773739.20，当前现金 10763395.62
20260413 22:17:01- INFO- 资金不足,无法买入 SZSE.000601 1453300 股，所需资金 9756593.96，当前现金 9738032.69
20260413 22:17:01- INFO- 资金不足,无法买入 SHSE.600121 2493500 股，所需资金 12717311.52，当前现金 12680097.67
20260413 22:17:03- INFO- 回测结果:
    指标名称                 指标值
  回测开始日期 2021-01-04 00:00:00
  回测结束日期 2026-04-07 00:00:00
    策略胜率              45.48%
   策略盈亏比                1.78
  策略总收益率            1221.85%
 策略年化收益率              63.40%
    最大回撤             -47.67%
最大回撤开始日期 2021-09-22 00:00:00
最大回撤结束日期 2021-12-15 00:00:00
    夏普比率                1.11
    最终净值             13.2185
20260425 01:03:12- INFO- 总调整天数: 93, 调整正确率: 60.29%, 预计平均亏损改善: 2.5464%
20260425 01:03:12- INFO- 总调整天数: 184, 调整正确率: 56.48%, 预计平均亏损改善: 2.3708%
20260425 01:03:12- INFO- 回测结果(不风控):
