20260224 09:26:38- INFO- 新增数据行数: 5185
20260224 09:26:47- INFO- 回测信号参数: {'low': -5, 'high': -2.5, 'mv_min': 35, 'mv_max': 1000, 'prev_limit_status': ['断板', '炸板'], 'avg_limit_turnover_5_min': -1}
20260224 09:26:47- INFO- 回测时间区间: 2025-06-01 至 2026-02-24
20260224 09:26:47- INFO- 使用40个进程并行处理，共149个日期任务
20260224 09:27:16- INFO- 获取SHSE.605060在2026-02-24 到 2026-03-11股票数据失败
20260224 09:27:16- INFO- 所有回测任务完成，共处理148个日期的结果
20260224 09:27:17- INFO- 总调整天数: 17, 调整正确率: 64.81%, 预计平均亏损改善: 3.4427%
20260224 09:27:17- INFO- 总调整天数: 21, 调整正确率: 50.00%, 预计平均亏损改善: 2.3690%
20260224 09:27:17- INFO- 回测结果(不风控):
20260224 09:28:44- INFO- 新增数据行数: 5185
20260224 09:28:53- INFO- 回测信号参数: {'low': -5, 'high': -2.5, 'mv_min': 35, 'mv_max': 1000, 'prev_limit_status': ['断板', '炸板'], 'avg_limit_turnover_5_min': -1}
20260224 09:28:53- INFO- 回测时间区间: 2025-06-01 至 2026-02-24
20260224 09:28:53- INFO- 使用40个进程并行处理，共149个日期任务
20260224 09:29:23- INFO- 获取SHSE.605060在2026-02-24 到 2026-03-11股票数据失败
20260224 09:29:23- INFO- 所有回测任务完成，共处理148个日期的结果
20260224 09:29:23- INFO- 总调整天数: 17, 调整正确率: 64.81%, 预计平均亏损改善: 3.4427%
20260224 09:29:23- INFO- 总调整天数: 21, 调整正确率: 50.00%, 预计平均亏损改善: 2.3690%
20260224 09:29:23- INFO- 回测结果(不风控):
20260224 09:29:48- INFO- 新增数据行数: 5185
20260224 09:29:53- INFO- 回测信号参数: {'low': -5, 'high': -2.5, 'mv_min': 35, 'mv_max': 1000, 'prev_limit_status': ['断板', '炸板'], 'avg_limit_turnover_5_min': -1}
20260224 09:29:53- INFO- 回测时间区间: 2025-06-01 至 2026-02-24
20260224 09:29:53- INFO- 使用40个进程并行处理，共149个日期任务
20260224 09:30:22- INFO- 获取SHSE.605060在2026-02-24 到 2026-03-11股票数据失败
20260224 09:30:22- INFO- 所有回测任务完成，共处理148个日期的结果
20260224 09:30:22- INFO- 总调整天数: 17, 调整正确率: 64.81%, 预计平均亏损改善: 3.4427%
20260224 09:30:22- INFO- 总调整天数: 21, 调整正确率: 50.00%, 预计平均亏损改善: 2.3690%
20260224 09:30:22- INFO- 回测结果(不风控):
20260224 09:31:11- INFO- 【软件终端连接成功！】
20260224 09:31:11- INFO- 【账户信息订阅成功！】
20260224 09:31:11- INFO- 资产总额: 38873.02
持仓市值：33862.09999999998
可用资金：5122.92

20260224 09:31:11- INFO- 分配资金5122.92, 每单分配资金: 1707.64 
20260224 09:31:11- INFO- 第1单提交成功，请求序号：4
20260224 09:31:11- INFO- 第2单提交成功，请求序号：5
20260224 09:31:11- INFO- 第3单提交成功，请求序号：6
20260224 09:31:11- INFO- 异步批量提交5单总耗时：0.000秒
20260224 09:31:11- INFO- 异步委托回调 async_order_1
20260224 09:31:11- INFO- 异步委托回调 async_order_2
20260224 09:31:11- INFO- 异步委托回调 async_order_3
20260224 09:31:11- INFO- 委托报错回调 async_order_1 对手方最优价格买入 [SH605060] [COUNTER] [120155][委托数量必须大于0, 且深圳数量位数不能超过9位, 上
20260224 09:31:12- INFO- 全部处理完成，回调收到所有订单号
20260224 09:33:22- INFO- 新增数据行数: 5185
20260224 09:33:30- INFO- 回测信号参数: {'low': -5, 'high': -2.5, 'mv_min': 35, 'mv_max': 1000, 'prev_limit_status': ['断板', '炸板'], 'avg_limit_turnover_5_min': -1}
20260224 09:33:30- INFO- 回测时间区间: 2025-06-01 至 2026-02-24
20260224 09:33:30- INFO- 使用40个进程并行处理，共149个日期任务
20260224 09:34:00- INFO- 获取SHSE.605060在2026-02-24 到 2026-03-11股票数据失败
20260224 09:34:00- INFO- 所有回测任务完成，共处理148个日期的结果
20260224 09:34:00- INFO- 总调整天数: 17, 调整正确率: 64.81%, 预计平均亏损改善: 3.4427%
20260224 09:34:01- INFO- 总调整天数: 21, 调整正确率: 50.00%, 预计平均亏损改善: 2.3690%
20260224 09:34:01- INFO- 回测结果(不风控):
20260224 09:34:01- INFO- 回测结果(触及跌停风控):
20260224 09:47:32- INFO- 新增数据行数: 5185
20260224 09:47:40- INFO- 回测信号参数: {'low': -5, 'high': -2.5, 'mv_min': 35, 'mv_max': 1000, 'prev_limit_status': ['断板', '炸板'], 'avg_limit_turnover_5_min': -1}
20260224 09:47:40- INFO- 回测时间区间: 2025-06-01 至 2026-02-24
20260224 09:47:40- INFO- 使用40个进程并行处理，共150个日期任务
20260224 09:48:12- INFO- 获取SZSE.002323在2026-02-24 到 2026-03-11股票数据失败
20260224 09:48:12- INFO- 所有回测任务完成，共处理149个日期的结果
20260224 09:48:13- INFO- 总调整天数: 17, 调整正确率: 64.81%, 预计平均亏损改善: 3.4427%
20260224 09:48:13- INFO- 总调整天数: 21, 调整正确率: 50.00%, 预计平均亏损改善: 2.3690%
20260224 09:48:13- INFO- 回测结果(不风控):
20260224 09:48:13- INFO- 回测结果(触及跌停风控):
20260225 09:27:31- INFO- 新增数据行数: 5183
20260225 09:27:34- INFO- 回测信号参数: {'low': -5, 'high': -2.5, 'mv_min': 35, 'mv_max': 1000, 'prev_limit_status': ['断板', '炸板'], 'avg_limit_turnover_5_min': -1}
20260225 09:27:34- INFO- 回测时间区间: 2025-12-01 至 2026-02-25
20260225 09:27:34- INFO- 使用40个进程并行处理，共44个日期任务
20260225 09:27:42- INFO- 所有回测任务完成，共处理44个日期的结果
20260225 09:27:42- INFO- 总调整天数: 4, 调整正确率: 75.00%, 预计平均亏损改善: 4.2663%
20260225 09:27:42- INFO- 总调整天数: 4, 调整正确率: 66.67%, 预计平均亏损改善: 2.2980%
20260225 09:27:42- INFO- 回测结果(不风控):
20260225 09:27:42- INFO- 回测结果(触及跌停风控):
20260225 09:27:42- INFO- 日期：2026-02-25
20260225 09:27:42- INFO- 今天的所有信号的股票:
20260225 09:27:42- INFO- 【软件终端连接成功！】
20260225 09:27:42- INFO- 【账户信息订阅成功！】
20260225 09:27:42- INFO- 资产总额: 39366.03
持仓市值：26499.500000000004
可用资金：12866.53

20260225 09:27:42- INFO- 分配资金0.00, 每单分配资金: 0.00 
20260225 09:27:42- INFO- 异步批量提交5单总耗时：0.000秒
20260225 09:27:43- INFO- 全部处理完成，回调收到所有订单号
20260225 09:30:09- INFO- 新增数据行数: 5183
20260225 09:30:14- INFO- 回测信号参数: {'low': -5, 'high': -2.5, 'mv_min': 35, 'mv_max': 1000, 'prev_limit_status': ['断板', '炸板'], 'avg_limit_turnover_5_min': -1}
20260225 09:30:14- INFO- 回测时间区间: 2025-12-01 至 2026-02-25
20260225 09:30:14- INFO- 使用40个进程并行处理，共44个日期任务
20260225 09:30:22- INFO- 所有回测任务完成，共处理44个日期的结果
20260225 09:30:22- INFO- 总调整天数: 4, 调整正确率: 75.00%, 预计平均亏损改善: 4.2663%
20260225 09:30:22- INFO- 总调整天数: 4, 调整正确率: 66.67%, 预计平均亏损改善: 2.2980%
20260225 09:30:22- INFO- 回测结果(不风控):
20260225 09:30:22- INFO- 回测结果(触及跌停风控):
20260225 09:30:22- INFO- 日期：2026-02-25
20260225 09:30:22- INFO- 今天的所有信号的股票:
20260225 09:30:22- INFO- 【软件终端连接成功！】
20260225 09:30:22- INFO- 【账户信息订阅成功！】
20260226 09:26:44- INFO- 新增数据行数: 5182
20260226 09:26:47- INFO- 回测信号参数: {'low': -5, 'high': -2.5, 'mv_min': 35, 'mv_max': 1000, 'prev_limit_status': ['断板', '炸板'], 'avg_limit_turnover_5_min': -1}
20260226 09:26:47- INFO- 回测时间区间: 2025-12-01 至 2026-02-26
20260226 09:26:47- INFO- 使用40个进程并行处理，共46个日期任务
20260226 09:27:00- INFO- 获取SHSE.603256在2026-02-26 到 2026-03-13股票数据失败
20260226 09:27:00- INFO- 所有回测任务完成，共处理45个日期的结果
20260226 09:27:00- INFO- 总调整天数: 4, 调整正确率: 75.00%, 预计平均亏损改善: 4.2663%
20260226 09:27:01- INFO- 总调整天数: 4, 调整正确率: 66.67%, 预计平均亏损改善: 2.2980%
20260226 09:27:01- INFO- 回测结果(不风控):
20260226 09:27:01- INFO- 回测结果(触及跌停风控):
20260226 09:27:01- INFO- 日期：2026-02-26
20260226 09:27:01- INFO- 今天的所有信号的股票:
20260226 09:27:01- INFO-   1. SHSE.603256 - 宏和科技 - 仓位: 0.4000
20260226 09:27:01- INFO- 【软件终端连接成功！】
20260226 09:27:01- INFO- 【账户信息订阅成功！】
20260226 09:27:01- INFO- 资产总额: 39384.97
持仓市值：17079.200000000004
可用资金：22305.77

20260226 09:27:01- INFO- 分配资金15753.99, 每单分配资金: 15753.99 
20260226 09:27:01- INFO- 第1单提交成功，请求序号：4
20260226 09:27:01- INFO- 异步批量提交5单总耗时：0.000秒
20260226 09:27:01- INFO- 异步委托回调 async_order_1
20260226 09:27:01- INFO- 委托报错回调 async_order_1 对手方最优价格买入 [SH603256] [COUNTER] [251079][客户必须有3权限才能允许市价委托]

[stock_account=A7476
20260226 09:27:02- INFO- 全部处理完成，回调收到所有订单号
20260226 09:28:30- INFO- 新增数据行数: 5182
20260226 09:28:33- INFO- 回测信号参数: {'low': -5, 'high': -2.5, 'mv_min': 35, 'mv_max': 1000, 'prev_limit_status': ['断板', '炸板'], 'avg_limit_turnover_5_min': -1}
20260226 09:28:33- INFO- 回测时间区间: 2025-12-01 至 2026-02-26
20260226 09:28:33- INFO- 使用40个进程并行处理，共46个日期任务
20260226 09:28:45- INFO- 获取SHSE.603256在2026-02-26 到 2026-03-13股票数据失败
20260226 09:28:45- INFO- 所有回测任务完成，共处理45个日期的结果
20260226 09:28:46- INFO- 总调整天数: 4, 调整正确率: 75.00%, 预计平均亏损改善: 4.2663%
20260226 09:28:46- INFO- 总调整天数: 4, 调整正确率: 66.67%, 预计平均亏损改善: 2.2980%
20260226 09:28:46- INFO- 回测结果(不风控):
20260226 09:28:46- INFO- 回测结果(触及跌停风控):
20260226 09:28:46- INFO- 日期：2026-02-26
20260226 09:28:46- INFO- 今天的所有信号的股票:
20260226 09:28:46- INFO-   1. SHSE.603256 - 宏和科技 - 仓位: 0.4000
20260226 09:28:46- INFO- 【软件终端连接成功！】
20260226 09:28:46- INFO- 【账户信息订阅成功！】
20260226 09:28:46- INFO- 资产总额: 39384.97
持仓市值：17079.200000000004
可用资金：22305.77

20260226 09:28:46- INFO- 分配资金15753.99, 每单分配资金: 15753.99 
20260226 09:28:46- INFO- 第1单提交成功，请求序号：4
20260226 09:28:46- INFO- 异步批量提交5单总耗时：0.000秒
20260226 09:28:46- INFO- 异步委托回调 async_order_1
20260226 09:28:47- INFO- 全部处理完成，回调收到所有订单号
20260226 12:28:17- INFO- 新增数据行数: 5182
20260226 12:28:17- INFO- 【软件终端连接成功！】
20260226 12:28:17- INFO- 【账户信息订阅成功！】
20260226 12:28:17- INFO- 持仓股票: ['518680.SH', '002506.SZ', '159381.SZ', '603256.SH', '605006.SH']

20260226 12:28:17- INFO- SHSE.518680 没有找到当天数据，无法判断是否卖出，跳过
20260226 12:28:17- INFO- SZSE.159381 没有找到当天数据，无法判断是否卖出，跳过
20260226 12:28:18- INFO- 全部处理完成，回调收到所有订单号
20260226 21:10:00- INFO- 新增数据行数: 5182
20260226 21:10:07- INFO- 回测信号参数: {'low': -5, 'high': -2.5, 'mv_min': 35, 'mv_max': 1000, 'prev_limit_status': ['断板', '炸板'], 'avg_limit_turnover_5_min': -1}
20260226 21:10:07- INFO- 回测时间区间: 2025-12-01 至 2026-02-26
20260226 21:10:07- INFO- 使用40个进程并行处理，共46个日期任务
20260226 21:10:16- INFO- 获取SHSE.603256在2026-02-26 到 2026-03-13股票数据失败
20260226 21:10:16- INFO- 所有回测任务完成，共处理45个日期的结果
20260226 21:10:16- INFO- 总调整天数: 4, 调整正确率: 75.00%, 预计平均亏损改善: 4.2663%
20260226 21:10:16- INFO- 总调整天数: 4, 调整正确率: 66.67%, 预计平均亏损改善: 2.2980%
20260226 21:10:16- INFO- 回测结果(不风控):
20260226 21:10:16- INFO- 回测结果(触及跌停风控):
20260226 21:10:16- INFO- 日期：2026-02-26
20260226 21:10:16- INFO- 今天的所有信号的股票:
20260226 21:10:16- INFO-   1. SHSE.603256 - 宏和科技 - 仓位: 0.4000
20260226 21:10:16- INFO- 【软件终端连接成功！】
20260226 21:10:16- INFO- 【账户信息订阅成功！】
20260226 21:12:10- INFO- 资产总额: 40310.48
持仓市值：28484.4
可用资金：11825.18

20260226 21:12:14- INFO- 分配资金11825.18, 每单分配资金: 11825.18 
20260226 21:13:03- INFO- 新增数据行数: 5182
20260226 21:13:03- INFO- 【软件终端连接成功！】
20260226 21:13:03- INFO- 【账户信息订阅成功！】
20260226 21:13:39- INFO- 新增数据行数: 5182
20260226 21:13:42- INFO- 回测信号参数: {'low': -5, 'high': -2.5, 'mv_min': 35, 'mv_max': 1000, 'prev_limit_status': ['断板', '炸板'], 'avg_limit_turnover_5_min': -1}
20260226 21:13:42- INFO- 回测时间区间: 2025-12-01 至 2026-02-26
20260226 21:13:42- INFO- 使用40个进程并行处理，共46个日期任务
20260226 21:13:50- INFO- 获取SHSE.603256在2026-02-26 到 2026-03-13股票数据失败
20260226 21:13:50- INFO- 所有回测任务完成，共处理45个日期的结果
20260226 21:13:50- INFO- 总调整天数: 4, 调整正确率: 75.00%, 预计平均亏损改善: 4.2663%
20260226 21:13:50- INFO- 总调整天数: 4, 调整正确率: 66.67%, 预计平均亏损改善: 2.2980%
20260226 21:13:50- INFO- 回测结果(不风控):
20260226 21:13:50- INFO- 回测结果(触及跌停风控):
20260226 21:13:50- INFO- 日期：2026-02-26
20260226 21:13:50- INFO- 今天的所有信号的股票:
20260226 21:13:50- INFO-   1. SHSE.603256 - 宏和科技 - 仓位: 0.4000
20260226 21:13:50- INFO- 【软件终端连接成功！】
20260226 21:13:50- INFO- 【账户信息订阅成功！】
20260226 21:13:50- INFO- ------------------【51318497】------------------
20260226 21:13:50- INFO- 资产总额: 40310.48
持仓市值：28484.4
可用资金：11826.08

20260226 21:13:50- INFO- 分配资金11826.08, 每单分配资金: 11826.08 
20260226 21:13:50- INFO- 第1单提交成功，请求序号：4
20260226 21:13:50- INFO- 异步批量提交5单总耗时：0.000秒
20260226 21:13:50- INFO- 异步委托回调 async_order_1
20260226 21:13:51- INFO- 全部处理完成，回调收到所有订单号
20260227 10:05:01- INFO- 新增数据行数: 5182
20260227 10:05:06- INFO- 回测信号参数: {'low': -5, 'high': -2.5, 'mv_min': 35, 'mv_max': 1000, 'prev_limit_status': ['断板', '炸板'], 'avg_limit_turnover_5_min': -1}
20260227 10:05:06- INFO- 回测时间区间: 2025-12-01 至 2026-02-27
20260227 10:05:06- INFO- 使用40个进程并行处理，共47个日期任务
20260227 10:05:15- INFO- 获取SHSE.600176在2026-02-27 到 2026-03-14股票数据失败
20260227 10:05:15- INFO- 所有回测任务完成，共处理46个日期的结果
20260227 10:05:15- INFO- 总调整天数: 4, 调整正确率: 75.00%, 预计平均亏损改善: 4.2663%
20260227 10:05:15- INFO- 总调整天数: 4, 调整正确率: 66.67%, 预计平均亏损改善: 2.2980%
20260227 10:05:15- INFO- 回测结果(不风控):
20260227 10:05:15- INFO- 回测结果(触及跌停风控):
20260227 10:05:15- INFO- 日期：2026-02-27
20260227 10:05:15- INFO- 今天的所有信号的股票:
20260227 10:05:15- INFO-   1. SHSE.600176 - 中国巨石 - 仓位: 0.4000
20260227 10:05:15- INFO-   2. SHSE.601208 - 东材科技 - 仓位: 0.4000
20260227 10:05:15- INFO-   3. SHSE.603466 - 风语筑 - 仓位: 0.4000
20260227 10:05:15- INFO-   4. SHSE.603601 - 再升科技 - 仓位: 0.4000
20260227 10:05:15- INFO-   5. SZSE.002323 - 雅博股份 - 仓位: 0.4000
20260227 10:05:15- INFO- 【软件终端连接成功！】
20260227 10:05:15- INFO- 【账户信息订阅成功！】
20260227 10:05:16- INFO- ------------------【51318497】------------------
20260227 10:05:16- INFO- 资产总额: 39095.46000000001
持仓市值：24470.800000000007
可用资金：14624.66

20260227 10:05:16- INFO- 分配资金14624.66, 每单分配资金: 2924.93 
20260227 10:09:25- INFO- 第1单提交成功，请求序号：4
20260227 10:09:28- INFO- 第2单提交成功，请求序号：5
20260227 10:09:28- INFO- 第3单提交成功，请求序号：6
20260227 10:09:28- INFO- 第4单提交成功，请求序号：7
20260227 10:09:28- INFO- 第5单提交成功，请求序号：8
20260227 10:09:28- INFO- 异步批量提交5单总耗时：252.361秒
20260227 10:09:28- INFO- 异步委托回调 async_order_1
20260227 10:09:28- INFO- 异步委托回调 async_order_2
20260227 10:09:28- INFO- 异步委托回调 async_order_3
20260227 10:09:28- INFO- 异步委托回调 async_order_4
20260227 10:09:28- INFO- 异步委托回调 async_order_5
20260227 10:09:28- INFO- 委托报错回调 async_order_2 限价买入 [SH601208] [COUNTER] [120155][委托数量必须大于0, 且深圳数量位数不能超过9位, 上海委托数量
20260227 10:09:29- INFO- 全部处理完成，回调收到所有订单号
20260227 11:31:12- INFO- 新增数据行数: 5182
20260227 11:31:12- INFO- 【软件终端连接成功！】
20260227 11:31:12- INFO- 【账户信息订阅成功！】
20260227 11:31:12- INFO- 持仓股票: ['518680.SH', '603256.SH', '605006.SH', '159381.SZ', '600176.SH', '002323.SZ', '603466.SH', '603601.SH', '601208.SH']

20260227 11:31:12- INFO- SHSE.603256 当前涨幅 -10.00% 小于7% 卖出
20260227 11:31:12- INFO- 第2单提交成功，请求序号：4
20260227 11:31:12- INFO- SHSE.605006 当前涨幅 -4.32% 小于7% 卖出
20260227 11:31:12- INFO- 第3单提交成功，请求序号：5
20260227 11:31:12- INFO- 异步委托回调 async_order_2
20260227 11:31:12- INFO- 异步委托回调 async_order_3
20260227 11:31:13- INFO- 全部处理完成，回调收到所有订单号
20260302 09:26:05- INFO- 新增数据行数: 5182
20260302 09:26:10- INFO- 回测信号参数: {'low': -5, 'high': -2.5, 'mv_min': 35, 'mv_max': 1000, 'prev_limit_status': ['断板', '炸板'], 'avg_limit_turnover_5_min': -1}
20260302 09:26:10- INFO- 回测时间区间: 2025-12-01 至 2026-03-02
20260302 09:26:10- INFO- 使用40个进程并行处理，共48个日期任务
20260302 09:26:12- INFO- 获取SHSE.600110在2026-03-02 到 2026-03-17股票数据失败
20260302 09:26:12- INFO- 所有回测任务完成，共处理47个日期的结果
20260302 09:26:12- INFO- 总调整天数: 4, 调整正确率: 75.00%, 预计平均亏损改善: 4.2663%
20260302 09:26:12- INFO- 总调整天数: 4, 调整正确率: 66.67%, 预计平均亏损改善: 2.2980%
20260302 09:26:12- INFO- 回测结果(不风控):
20260302 09:26:12- INFO- 回测结果(触及跌停风控):
20260302 09:26:12- INFO- 日期：2026-03-02
20260302 09:26:12- INFO- 今天的所有信号的股票:
20260302 09:26:12- INFO-   1. SHSE.600110 - 诺德股份 - 仓位: 0.4000
20260302 09:26:12- INFO-   2. SHSE.601208 - 东材科技 - 仓位: 0.4000
20260302 09:26:12- INFO-   3. SHSE.603163 - 圣晖集成 - 仓位: 0.4000
20260302 09:26:12- INFO-   4. SZSE.000839 - 国安股份 - 仓位: 0.4000
20260302 09:26:12- INFO-   5. SZSE.002283 - 天润工业 - 仓位: 0.4000
20260302 09:26:12- INFO-   6. SZSE.002498 - 汉缆股份 - 仓位: 0.4000
20260302 09:26:12- INFO- 【软件终端连接成功！】
20260302 09:26:12- INFO- 【账户信息订阅成功！】
20260302 09:26:12- INFO- ------------------【51318497】------------------
20260302 09:26:12- INFO- 资产总额: 38977.4
持仓市值：18409.0
可用资金：20568.4

20260302 09:26:12- INFO- 分配资金15590.96, 每单分配资金: 2598.49 
20260302 09:26:42- INFO- 第1单提交成功，请求序号：4
20260302 09:26:42- INFO- 订单数量不足，跳过下单 SHSE.601208，理论数量: 77.20
20260302 09:26:42- INFO- 订单数量不足，跳过下单 SHSE.603163，理论数量: 18.70
20260302 09:26:42- INFO- 第4单提交成功，请求序号：5
20260302 09:26:42- INFO- 第5单提交成功，请求序号：6
20260302 09:26:42- INFO- 第6单提交成功，请求序号：7
20260302 09:26:42- INFO- 异步批量提交5单总耗时：29.990秒
20260302 09:26:42- INFO- 异步委托回调 async_order_1
20260302 09:26:42- INFO- 异步委托回调 async_order_4
20260302 09:26:42- INFO- 异步委托回调 async_order_5
20260302 09:26:42- INFO- 异步委托回调 async_order_6
20260302 09:26:43- INFO- 全部处理完成，回调收到所有订单号
20260302 09:50:25- INFO- 新增数据行数: 5182
20260302 09:50:30- INFO- 回测信号参数: {'low': -5, 'high': -2.5, 'mv_min': 35, 'mv_max': 1000, 'prev_limit_status': ['断板', '炸板'], 'avg_limit_turnover_5_min': -1}
20260302 09:50:30- INFO- 回测时间区间: 2025-12-01 至 2026-03-02
20260302 09:50:30- INFO- 使用40个进程并行处理，共48个日期任务
20260302 09:50:32- INFO- 获取SHSE.600110在2026-03-02 到 2026-03-17股票数据失败
20260302 09:50:32- INFO- 所有回测任务完成，共处理47个日期的结果
20260302 09:50:32- INFO- 总调整天数: 4, 调整正确率: 75.00%, 预计平均亏损改善: 4.2663%
20260302 09:50:32- INFO- 总调整天数: 4, 调整正确率: 66.67%, 预计平均亏损改善: 2.2980%
20260302 09:50:32- INFO- 回测结果(不风控):
20260302 09:50:32- INFO- 回测结果(触及跌停风控):
20260302 09:50:32- INFO- 日期：2026-03-02
20260302 09:50:32- INFO- 今天的所有信号的股票:
20260302 09:50:32- INFO-   1. SHSE.603163 - 圣晖集成 - 仓位: 0.4000
20260302 09:50:32- INFO-   2. SHSE.601208 - 东材科技 - 仓位: 0.4000
20260302 09:50:32- INFO-   3. SZSE.002283 - 天润工业 - 仓位: 0.4000
20260302 09:50:32- INFO-   4. SHSE.600110 - 诺德股份 - 仓位: 0.4000
20260302 09:50:32- INFO-   5. SZSE.002498 - 汉缆股份 - 仓位: 0.4000
20260302 09:50:32- INFO-   6. SZSE.000839 - 国安股份 - 仓位: 0.4000
20260302 09:50:32- INFO- 【软件终端连接成功！】
20260302 09:50:32- INFO- 【账户信息订阅成功！】
20260302 09:50:32- INFO- ------------------【51318497】------------------
20260302 09:50:32- INFO- 资产总额: 39254.44
持仓市值：26951.0
可用资金：8236.45

20260302 09:50:32- INFO- 分配资金8236.45, 每单分配资金: 1372.74 
20260302 09:50:32- INFO- 订单数量不足，跳过下单 SHSE.603163，理论数量: 9.88
20260302 09:50:32- INFO- 订单数量不足，跳过下单 SHSE.601208，理论数量: 47.58
20260302 11:31:07- INFO- 新增数据行数: 5182
20260302 11:31:07- INFO- 【软件终端连接成功！】
20260302 11:31:07- INFO- 【账户信息订阅成功！】
20260302 11:31:07- INFO- 持仓股票: ['518680.SH', '600176.SH', '601208.SH', '603466.SH', '603601.SH', '002323.SZ', '000839.SZ', '002498.SZ', '002283.SZ']

20260302 11:31:20- INFO- SHSE.518680 没有找到当天数据，无法判断是否卖出，跳过
20260302 11:31:51- INFO- 全部处理完成，回调收到所有订单号
20260303 09:29:13- INFO- 新增数据行数: 5183
20260303 09:29:16- INFO- 回测信号参数: {'low': -5, 'high': -2.5, 'mv_min': 35, 'mv_max': 1000, 'prev_limit_status': ['断板', '炸板'], 'avg_limit_turnover_5_min': -1}
20260303 09:29:16- INFO- 回测时间区间: 2025-12-01 至 2026-03-03
20260303 09:29:16- INFO- 使用40个进程并行处理，共49个日期任务
20260303 09:29:18- INFO- 获取SHSE.600230在2026-03-03 到 2026-03-18股票数据失败
20260303 09:29:18- INFO- 所有回测任务完成，共处理48个日期的结果
20260303 09:29:18- INFO- 总调整天数: 4, 调整正确率: 75.00%, 预计平均亏损改善: 4.2663%
20260303 09:29:18- INFO- 总调整天数: 4, 调整正确率: 66.67%, 预计平均亏损改善: 2.2980%
20260303 09:29:18- INFO- 回测结果(不风控):
20260303 09:29:18- INFO- 回测结果(触及跌停风控):
20260303 09:29:18- INFO- 日期：2026-03-03
20260303 09:29:18- INFO- 今天的所有信号的股票:
20260303 09:29:18- INFO-   1. SHSE.603530 - 神马电力 - 仓位: 0.4000
20260303 09:29:18- INFO-   2. SHSE.600230 - 沧州大化 - 仓位: 0.4000
20260303 09:29:18- INFO-   3. SZSE.000899 - 赣能股份 - 仓位: 0.4000
20260303 09:29:18- INFO- 【软件终端连接成功！】
20260303 09:29:18- INFO- 【账户信息订阅成功！】
20260303 09:29:18- INFO- ------------------【51318497】------------------
20260303 09:29:18- INFO- 资产总额: 38933.07
持仓市值：14481.8
可用资金：24451.27

20260303 09:29:18- INFO- 分配资金15573.23, 每单分配资金: 5191.08 
20260303 09:29:18- INFO- 第1单提交成功,代码:SHSE.603530,名称：神马电力,订单数量：100,分配资金：5191.08
20260303 09:29:18- INFO- 第1单提交成功，请求序号：4
20260303 09:29:18- INFO- 第2单提交成功,代码:SHSE.600230,名称：沧州大化,订单数量：200,分配资金：5191.08
20260303 09:29:18- INFO- 第2单提交成功，请求序号：5
20260303 09:29:18- INFO- 第3单提交成功,代码:SZSE.000899,名称：赣能股份,订单数量：300,分配资金：5191.08
20260303 09:29:18- INFO- 第3单提交成功，请求序号：6
20260303 09:29:18- INFO- 异步批量提交5单总耗时：0.001秒
20260303 09:29:18- INFO- 异步委托回调 async_order_1
20260303 09:29:18- INFO- 异步委托回调 async_order_2
20260303 09:29:18- INFO- 异步委托回调 async_order_3
20260303 09:29:19- INFO- 全部处理完成，回调收到所有订单号
20260303 11:29:46- INFO- 新增数据行数: 5183
20260303 11:29:46- INFO- 【软件终端连接成功！】
20260303 11:29:46- INFO- 【账户信息订阅成功！】
20260303 11:29:46- INFO- 持仓股票: ['518680.SH', '603601.SH', '000839.SZ', '002283.SZ', '002498.SZ', '000899.SZ', '600230.SH', '603530.SH']

20260303 11:29:46- INFO- SHSE.518680 没有找到当天数据，无法判断是否卖出，跳过
20260303 11:29:46- INFO- SHSE.603601 当前价格 11.74 跌破止损线 卖出
20260303 11:29:46- INFO- SZSE.000839 当前涨幅 -4.20% 小于7% 卖出
20260303 11:29:46- INFO- 第3单提交成功，请求序号：5
20260303 11:29:46- INFO- SZSE.002283 当前涨幅 -5.27% 小于7% 卖出
20260303 11:29:46- INFO- 第4单提交成功，请求序号：6
20260303 11:29:46- INFO- SZSE.002498 当前涨幅 -4.76% 小于7% 卖出
20260303 11:29:46- INFO- 第5单提交成功，请求序号：7
20260303 11:29:46- INFO- 异步委托回调 async_order_2
20260303 11:29:46- INFO- 异步委托回调 async_order_3
20260303 11:29:46- INFO- 异步委托回调 async_order_4
20260303 11:29:46- INFO- 异步委托回调 async_order_5
20260303 11:29:46- INFO- 委托报错回调 async_order_2 本方最优价格卖出 [SH603601] [COUNTER] [251079][客户必须有3权限才能允许市价委托]
[stock_account=A7476996
20260303 11:29:47- INFO- 全部处理完成，回调收到所有订单号
20260304 09:31:27- INFO- 新增数据行数: 5184
20260304 09:31:32- INFO- 回测信号参数: {'low': -5, 'high': -2.5, 'mv_min': 35, 'mv_max': 1000, 'prev_limit_status': ['断板', '炸板'], 'avg_limit_turnover_5_min': -1}
20260304 09:31:32- INFO- 回测时间区间: 2025-12-01 至 2026-03-04
20260304 09:31:32- INFO- 使用40个进程并行处理，共50个日期任务
20260304 09:31:34- INFO- 获取SHSE.600498在2026-03-04 到 2026-03-19股票数据失败
20260304 09:31:34- INFO- 所有回测任务完成，共处理49个日期的结果
20260304 09:31:34- INFO- 总调整天数: 4, 调整正确率: 75.00%, 预计平均亏损改善: 4.2663%
20260304 09:31:34- INFO- 总调整天数: 6, 调整正确率: 55.00%, 预计平均亏损改善: 2.0136%
20260304 09:31:34- INFO- 回测结果(不风控):
20260304 09:31:34- INFO- 回测结果(触及跌停风控):
20260304 09:31:34- INFO- 日期：2026-03-04
20260304 09:31:34- INFO- 今天的所有信号的股票:
20260304 09:31:34- INFO-   1. SZSE.000657 - 中钨高新 - 仓位: 0.0000
20260304 09:31:34- INFO-   2. SHSE.600498 - 烽火通信 - 仓位: 0.0000
20260304 09:31:34- INFO-   3. SZSE.002842 - 翔鹭钨业 - 仓位: 0.0000
20260304 09:31:34- INFO-   4. SHSE.603738 - 泰晶科技 - 仓位: 0.0000
20260304 09:31:34- INFO-   5. SZSE.003035 - 南网能源 - 仓位: 0.0000
20260304 09:31:34- INFO- 【软件终端连接成功！】
20260304 09:31:34- INFO- 【账户信息订阅成功！】
20260304 09:31:34- INFO- ------------------【51318497】------------------
20260304 09:31:34- INFO- 资产总额: 37723.81999999999
持仓市值：20739.799999999996
可用资金：17019.02

20260304 09:31:34- INFO- 分配资金0.00, 每单分配资金: 0.00 
20260304 09:31:34- INFO- 信号空仓
20260304 09:31:34- INFO- 无法下单 SZSE.000657，分配资金: 0.00, 开盘价: 62.31
20260304 09:31:34- INFO- 无法下单 SHSE.600498，分配资金: 0.00, 开盘价: 54.00
20260304 09:31:34- INFO- 无法下单 SZSE.002842，分配资金: 0.00, 开盘价: 41.61
20260304 09:31:34- INFO- 无法下单 SHSE.603738，分配资金: 0.00, 开盘价: 22.00
20260304 09:31:34- INFO- 无法下单 SZSE.003035，分配资金: 0.00, 开盘价: 7.74
20260304 09:31:34- INFO- 异步批量提交5单总耗时：0.001秒
20260304 09:31:35- INFO- 全部处理完成，回调收到所有订单号
20260304 09:32:03- INFO- 新增数据行数: 5184
20260304 09:32:08- INFO- 回测信号参数: {'low': -5, 'high': -2.5, 'mv_min': 35, 'mv_max': 1000, 'prev_limit_status': ['断板', '炸板'], 'avg_limit_turnover_5_min': -1}
20260304 09:32:08- INFO- 回测时间区间: 2025-12-01 至 2026-03-04
20260304 09:32:08- INFO- 使用40个进程并行处理，共50个日期任务
20260304 09:32:10- INFO- 获取SHSE.600498在2026-03-04 到 2026-03-19股票数据失败
20260304 09:32:10- INFO- 所有回测任务完成，共处理49个日期的结果
20260304 09:32:10- INFO- 总调整天数: 4, 调整正确率: 75.00%, 预计平均亏损改善: 4.2663%
20260304 09:32:10- INFO- 总调整天数: 6, 调整正确率: 55.00%, 预计平均亏损改善: 2.0136%
20260304 09:32:10- INFO- 回测结果(不风控):
20260304 09:32:10- INFO- 回测结果(触及跌停风控):
20260304 09:32:10- INFO- 日期：2026-03-04
20260304 09:32:10- INFO- 今天的所有信号的股票:
20260304 09:32:10- INFO-   1. SZSE.000657 - 中钨高新 - 仓位: 0.0000
20260304 09:32:10- INFO-   2. SHSE.600498 - 烽火通信 - 仓位: 0.0000
20260304 09:32:10- INFO-   3. SZSE.002842 - 翔鹭钨业 - 仓位: 0.0000
20260304 09:32:10- INFO-   4. SHSE.603738 - 泰晶科技 - 仓位: 0.0000
20260304 09:32:10- INFO-   5. SZSE.003035 - 南网能源 - 仓位: 0.0000
20260304 09:32:10- INFO- 【软件终端连接成功！】
20260304 09:32:10- INFO- 【账户信息订阅成功！】
20260304 09:32:10- INFO- ------------------【51318497】------------------
20260304 09:32:10- INFO- 资产总额: 37777.619999999995
持仓市值：20751.199999999993
可用资金：17019.02

20260304 09:32:10- INFO- 分配资金0.00, 每单分配资金: 0.00 
20260304 09:32:10- INFO- 信号空仓
20260304 09:32:31- INFO- 无法下单 SZSE.000657，分配资金: 0.00, 开盘价: 62.31
20260304 09:32:31- INFO- 无法下单 SHSE.600498，分配资金: 0.00, 开盘价: 54.00
20260304 09:32:31- INFO- 无法下单 SZSE.002842，分配资金: 0.00, 开盘价: 41.61
20260304 09:32:31- INFO- 无法下单 SHSE.603738，分配资金: 0.00, 开盘价: 22.00
20260304 09:32:31- INFO- 无法下单 SZSE.003035，分配资金: 0.00, 开盘价: 7.74
20260304 09:32:31- INFO- 异步批量提交5单总耗时：20.961秒
20260304 09:32:32- INFO- 全部处理完成，回调收到所有订单号
20260304 10:28:14- INFO- 新增数据行数: 5184
20260304 10:28:19- INFO- 回测信号参数: {'low': -5, 'high': -2.5, 'mv_min': 35, 'mv_max': 1000, 'prev_limit_status': ['断板', '炸板'], 'avg_limit_turnover_5_min': -1}
20260304 10:28:19- INFO- 回测时间区间: 2025-12-01 至 2026-03-04
20260304 10:28:19- INFO- 使用40个进程并行处理，共50个日期任务
20260304 10:28:21- INFO- 获取SHSE.600498在2026-03-04 到 2026-03-19股票数据失败
20260304 10:28:21- INFO- 所有回测任务完成，共处理49个日期的结果
20260304 10:28:21- INFO- 总调整天数: 4, 调整正确率: 75.00%, 预计平均亏损改善: 4.2663%
20260304 10:28:21- INFO- 总调整天数: 6, 调整正确率: 55.00%, 预计平均亏损改善: 2.0136%
20260304 10:28:21- INFO- 回测结果(不风控):
20260304 10:28:21- INFO- 回测结果(触及跌停风控):
20260304 10:28:21- INFO- 日期：2026-03-04
20260304 10:28:21- INFO- 今天的所有信号的股票:
20260304 10:28:21- INFO-   1. SZSE.000657 - 中钨高新 - 仓位: 0.0000
20260304 10:28:21- INFO-   2. SHSE.600498 - 烽火通信 - 仓位: 0.0000
20260304 10:28:21- INFO-   3. SZSE.002842 - 翔鹭钨业 - 仓位: 0.0000
20260304 10:28:21- INFO-   4. SHSE.603738 - 泰晶科技 - 仓位: 0.0000
20260304 10:28:21- INFO-   5. SZSE.003035 - 南网能源 - 仓位: 0.0000
20260304 10:28:21- INFO- 【软件终端连接成功！】
20260304 10:28:21- INFO- 【账户信息订阅成功！】
20260304 10:28:21- INFO- ------------------【51318497】------------------
20260304 10:28:21- INFO- 资产总额: 38712.36
持仓市值：15904.999999999989
可用资金：22807.36

20260304 10:30:58- INFO- 分配资金15484.94, 每单分配资金: 3096.99 
20260304 10:31:04- INFO- 订单数量不足，跳过下单 SZSE.000657，理论数量: 49.70
20260304 10:35:06- INFO- 订单数量不足，跳过下单 SHSE.600498，理论数量: 68.82
20260304 10:35:17- INFO- 第3单提交成功,代码:SZSE.002842,名称：翔鹭钨业,订单数量：100,分配资金：4459.66
20260304 10:40:40- INFO- 第4单提交成功,代码:SHSE.603738,名称：泰晶科技,订单数量：200,分配资金：4459.66
20260304 10:40:50- INFO- 第5单提交成功,代码:SZSE.003035,名称：南网能源,订单数量：500,分配资金：4459.66
20260304 10:40:52- INFO- 异步批量提交5单总耗时：591.693秒
20260304 10:44:52- INFO- 新增数据行数: 5184
20260304 10:44:56- INFO- 回测信号参数: {'low': -5, 'high': -2.5, 'mv_min': 35, 'mv_max': 1000, 'prev_limit_status': ['断板', '炸板'], 'avg_limit_turnover_5_min': -1}
20260304 10:44:56- INFO- 回测时间区间: 2025-12-01 至 2026-03-04
20260304 10:44:57- INFO- 使用40个进程并行处理，共50个日期任务
20260304 10:44:58- INFO- 获取SHSE.600498在2026-03-04 到 2026-03-19股票数据失败
20260304 10:44:58- INFO- 所有回测任务完成，共处理49个日期的结果
20260304 10:44:58- INFO- 总调整天数: 4, 调整正确率: 75.00%, 预计平均亏损改善: 4.2663%
20260304 10:44:59- INFO- 总调整天数: 6, 调整正确率: 55.00%, 预计平均亏损改善: 2.0136%
20260304 10:44:59- INFO- 回测结果(不风控):
20260304 10:44:59- INFO- 回测结果(触及跌停风控):
20260304 10:44:59- INFO- 日期：2026-03-04
20260304 10:44:59- INFO- 今天的所有信号的股票:
20260304 10:44:59- INFO-   1. SZSE.000657 - 中钨高新 - 仓位: 0.0000
20260304 10:44:59- INFO-   2. SHSE.600498 - 烽火通信 - 仓位: 0.0000
20260304 10:44:59- INFO-   3. SZSE.002842 - 翔鹭钨业 - 仓位: 0.0000
20260304 10:44:59- INFO-   4. SHSE.603738 - 泰晶科技 - 仓位: 0.0000
20260304 10:44:59- INFO-   5. SZSE.003035 - 南网能源 - 仓位: 0.0000
20260304 10:44:59- INFO- 【软件终端连接成功！】
20260304 10:44:59- INFO- 【账户信息订阅成功！】
20260304 10:44:59- INFO- ------------------【51318497】------------------
20260304 10:44:59- INFO- 资产总额: 38447.36
持仓市值：15647.999999999989
可用资金：22807.36

20260304 10:48:23- INFO- 分配资金15378.94, 每单分配资金: 3075.79 
20260304 10:48:32- INFO- 订单数量不足，跳过下单 SZSE.000657，理论数量: 49.36
20260304 10:48:51- INFO- 订单数量不足，跳过下单 SHSE.600498，理论数量: 68.33
20260305 09:26:28- INFO- 新增数据行数: 5185
20260305 09:26:33- INFO- 回测信号参数: {'low': -5, 'high': -2.5, 'mv_min': 35, 'mv_max': 1000, 'prev_limit_status': ['断板', '炸板'], 'avg_limit_turnover_5_min': -1}
20260305 09:26:33- INFO- 回测时间区间: 2025-12-01 至 2026-03-05
20260305 09:26:34- INFO- 使用40个进程并行处理，共51个日期任务
20260305 09:26:35- INFO- 获取SHSE.600026在2026-03-05 到 2026-03-20股票数据失败
20260305 09:26:35- INFO- 所有回测任务完成，共处理50个日期的结果
20260305 09:26:36- INFO- 总调整天数: 4, 调整正确率: 75.00%, 预计平均亏损改善: 4.2663%
20260305 09:26:36- INFO- 总调整天数: 6, 调整正确率: 50.00%, 预计平均亏损改善: 2.7504%
20260305 09:26:36- INFO- 回测结果(不风控):
20260305 09:26:36- INFO- 回测结果(触及跌停风控):
20260305 09:26:36- INFO- 日期：2026-03-05
20260305 09:26:36- INFO- 今天的所有信号的股票:
20260305 09:26:36- INFO-   1. SHSE.603619 - 中曼石油 - 仓位: 0.4000
20260305 09:26:36- INFO-   2. SHSE.600026 - 中远海能 - 仓位: 0.4000
20260305 09:26:36- INFO-   3. SHSE.600714 - 金瑞矿业 - 仓位: 0.4000
20260305 09:26:36- INFO-   4. SHSE.601808 - 中海油服 - 仓位: 0.4000
20260305 09:26:36- INFO-   5. SHSE.600583 - 海油工程 - 仓位: 0.4000
20260305 09:26:36- INFO-   6. SHSE.600256 - 广汇能源 - 仓位: 0.4000
20260305 09:26:36- INFO-   7. SHSE.600968 - 海油发展 - 仓位: 0.4000
20260305 09:26:36- INFO- 【软件终端连接成功！】
20260305 09:26:36- INFO- 【账户信息订阅成功！】
20260305 09:26:36- INFO- ------------------【51318497】------------------
20260305 09:26:36- INFO- 资产总额: 38776.43
持仓市值：7007.000000000001
可用资金：31769.43

20260305 09:26:36- INFO- 分配资金15510.57, 每单分配资金: 2215.80 
20260305 09:26:36- INFO- 订单数量不足，跳过下单 SHSE.603619，理论数量: 48.86
20260305 09:27:05- INFO- 第2单提交成功,代码:SHSE.600026,名称：中远海能,订单数量：100,分配资金：2531.34
20260305 09:27:05- INFO- 第2单提交成功，请求序号：4
20260305 09:27:05- INFO- 第3单提交成功,代码:SHSE.600714,名称：金瑞矿业,订单数量：100,分配资金：2531.34
20260305 09:27:05- INFO- 第3单提交成功，请求序号：5
20260305 09:27:05- INFO- 第4单提交成功,代码:SHSE.601808,名称：中海油服,订单数量：100,分配资金：2531.34
20260305 09:27:05- INFO- 第4单提交成功，请求序号：6
20260305 09:27:05- INFO- 第5单提交成功,代码:SHSE.600583,名称：海油工程,订单数量：300,分配资金：2531.34
20260305 09:27:05- INFO- 第5单提交成功，请求序号：7
20260305 09:27:05- INFO- 第6单提交成功,代码:SHSE.600256,名称：广汇能源,订单数量：300,分配资金：2531.34
20260305 09:27:05- INFO- 第6单提交成功，请求序号：8
20260305 09:27:05- INFO- 第7单提交成功,代码:SHSE.600968,名称：海油发展,订单数量：400,分配资金：2531.34
20260305 09:27:05- INFO- 第7单提交成功，请求序号：9
20260305 09:27:05- INFO- 异步批量提交5单总耗时：29.709秒
20260305 09:27:05- INFO- 异步委托回调 async_order_2
20260305 09:27:05- INFO- 异步委托回调 async_order_3
20260305 09:27:05- INFO- 异步委托回调 async_order_4
20260305 09:27:05- INFO- 异步委托回调 async_order_5
20260305 09:27:05- INFO- 异步委托回调 async_order_6
20260305 09:27:05- INFO- 异步委托回调 async_order_7
20260305 09:27:06- INFO- 全部处理完成，回调收到所有订单号
20260306 09:56:26- INFO- 新增数据行数: 5185
20260306 09:56:32- INFO- 回测信号参数: {'low': -5, 'high': -2.5, 'mv_min': 35, 'mv_max': 1000, 'prev_limit_status': ['断板', '炸板'], 'avg_limit_turnover_5_min': -1}
20260306 09:56:32- INFO- 回测时间区间: 2025-12-01 至 2026-03-06
20260306 09:56:32- INFO- 使用40个进程并行处理，共52个日期任务
20260306 09:56:33- INFO- 获取SHSE.600108在2026-03-06 到 2026-03-21股票数据失败
20260306 09:56:33- INFO- 所有回测任务完成，共处理51个日期的结果
20260306 09:56:34- INFO- 总调整天数: 4, 调整正确率: 75.00%, 预计平均亏损改善: 4.2663%
20260306 09:56:34- INFO- 总调整天数: 6, 调整正确率: 50.00%, 预计平均亏损改善: 2.7504%
20260306 09:56:34- INFO- 回测结果(不风控):
20260306 09:56:34- INFO- 回测结果(触及跌停风控):
20260306 09:56:34- INFO- 日期：2026-03-06
20260306 09:56:34- INFO- 今天的所有信号的股票:
20260306 09:56:34- INFO-   1. SHSE.603619 - 中曼石油 - 仓位: 0.4000
20260306 09:56:34- INFO-   2. SHSE.601808 - 中海油服 - 仓位: 0.4000
20260306 09:56:34- INFO-   3. SHSE.601872 - 招商轮船 - 仓位: 0.4000
20260306 09:56:34- INFO-   4. SZSE.002350 - 北京科锐 - 仓位: 0.4000
20260306 09:56:34- INFO-   5. SZSE.002491 - 通鼎互联 - 仓位: 0.4000
20260306 09:56:34- INFO-   6. SZSE.000554 - 泰山石油 - 仓位: 0.4000
20260306 09:56:34- INFO-   7. SZSE.000968 - 蓝焰控股 - 仓位: 0.4000
20260306 09:56:34- INFO-   8. SHSE.600108 - 亚盛集团 - 仓位: 0.4000
20260306 09:56:34- INFO-   9. SHSE.600339 - 中油工程 - 仓位: 0.4000
20260306 09:56:34- INFO- 【软件终端连接成功！】
20260306 09:56:34- INFO- 【账户信息订阅成功！】
20260306 09:56:34- INFO- ------------------【51318497】------------------
20260306 09:56:34- INFO- 资产总额: 38831.21
持仓市值：20048.0
可用资金：18765.21

20260306 09:56:34- INFO- 分配资金15532.48, 每单分配资金: 1725.83 
20260309 09:25:22- INFO- 新增数据行数: 5187
20260309 09:25:27- INFO- 回测信号参数: {'low': -5, 'high': -2.5, 'mv_min': 35, 'mv_max': 1000, 'prev_limit_status': ['断板', '炸板'], 'avg_limit_turnover_5_min': -1}
20260309 09:25:27- INFO- 回测时间区间: 2025-12-01 至 2026-03-09
20260309 09:25:27- INFO- 使用40个进程并行处理，共53个日期任务
20260309 09:25:29- INFO- 获取SHSE.600236在2026-03-09 到 2026-03-24股票数据失败
20260309 09:25:29- INFO- 所有回测任务完成，共处理52个日期的结果
20260309 09:25:29- INFO- 总调整天数: 4, 调整正确率: 75.00%, 预计平均亏损改善: 4.2663%
20260309 09:25:29- INFO- 总调整天数: 6, 调整正确率: 50.00%, 预计平均亏损改善: 2.7504%
20260309 09:25:29- INFO- 回测结果(不风控):
20260309 09:25:29- INFO- 回测结果(触及跌停风控):
20260309 09:25:29- INFO- 日期：2026-03-09
20260309 09:25:29- INFO- 今天的所有信号的股票:
20260309 09:25:29- INFO-   1. SHSE.600875 - 东方电气 - 仓位: 0.4000
20260309 09:25:29- INFO-   2. SZSE.001267 - 汇绿生态 - 仓位: 0.4000
20260309 09:25:29- INFO-   3. SZSE.002339 - 积成电子 - 仓位: 0.4000
20260309 09:25:29- INFO-   4. SHSE.600236 - 桂冠电力 - 仓位: 0.4000
20260309 09:25:30- INFO- 【软件终端连接成功！】
20260309 09:25:30- INFO- 【账户信息订阅成功！】
20260309 09:25:30- INFO- ------------------【51318497】------------------
20260309 09:25:30- INFO- 资产总额: 33674.87
持仓市值：9254.0
可用资金：24420.87

20260309 09:25:30- INFO- 分配资金13469.95, 每单分配资金: 3367.49 
20260309 09:25:56- INFO- 新增数据行数: 5187
20260309 09:26:01- INFO- 回测信号参数: {'low': -5, 'high': -2.5, 'mv_min': 35, 'mv_max': 1000, 'prev_limit_status': ['断板', '炸板'], 'avg_limit_turnover_5_min': -1}
20260309 09:26:01- INFO- 回测时间区间: 2025-12-01 至 2026-03-09
20260309 09:26:02- INFO- 使用40个进程并行处理，共53个日期任务
20260309 09:26:03- INFO- 获取SHSE.600236在2026-03-09 到 2026-03-24股票数据失败
20260309 09:26:04- INFO- 所有回测任务完成，共处理52个日期的结果
20260309 09:26:04- INFO- 总调整天数: 4, 调整正确率: 75.00%, 预计平均亏损改善: 4.2663%
20260309 09:26:04- INFO- 总调整天数: 6, 调整正确率: 50.00%, 预计平均亏损改善: 2.7504%
20260309 09:26:04- INFO- 回测结果(不风控):
20260309 09:26:04- INFO- 回测结果(触及跌停风控):
20260309 09:26:04- INFO- 日期：2026-03-09
20260309 09:26:04- INFO- 今天的所有信号的股票:
20260309 09:26:04- INFO-   1. SHSE.600875 - 东方电气 - 仓位: 0.4000
20260309 09:26:04- INFO-   2. SZSE.001267 - 汇绿生态 - 仓位: 0.4000
20260309 09:26:04- INFO-   3. SZSE.002339 - 积成电子 - 仓位: 0.4000
20260309 09:26:04- INFO-   4. SHSE.600236 - 桂冠电力 - 仓位: 0.4000
20260309 09:26:04- INFO- 【软件终端连接成功！】
20260309 09:26:04- INFO- 【账户信息订阅成功！】
20260309 09:26:04- INFO- ------------------【51318497】------------------
20260309 09:26:04- INFO- 资产总额: 33674.87
持仓市值：9254.0
可用资金：24420.87

20260309 09:26:28- INFO- 分配资金24420.87, 每单分配资金: 6105.22 
20260309 09:26:41- INFO- 第1单提交成功,代码:SHSE.600875,名称：东方电气,订单数量：100,分配资金：6105.22
20260309 09:26:41- INFO- 第1单提交成功，请求序号：4
20260309 09:26:45- INFO- 第2单提交成功,代码:SZSE.001267,名称：汇绿生态,订单数量：100,分配资金：6105.22
20260309 09:26:45- INFO- 第2单提交成功，请求序号：5
20260309 09:26:45- INFO- 第3单提交成功,代码:SZSE.002339,名称：积成电子,订单数量：400,分配资金：6105.22
20260309 09:26:45- INFO- 第3单提交成功，请求序号：6
20260309 09:26:45- INFO- 第4单提交成功,代码:SHSE.600236,名称：桂冠电力,订单数量：500,分配资金：6105.22
20260309 09:26:45- INFO- 第4单提交成功，请求序号：7
20260309 09:26:45- INFO- 异步批量提交5单总耗时：13.177秒
20260309 09:26:45- INFO- 异步委托回调 async_order_1
20260309 09:26:45- INFO- 异步委托回调 async_order_2
20260309 09:26:45- INFO- 异步委托回调 async_order_3
20260309 09:26:45- INFO- 异步委托回调 async_order_4
20260309 09:26:46- INFO- 全部处理完成，回调收到所有订单号
20260310 09:23:51- INFO- 新增数据行数: 5186
20260310 09:23:56- INFO- 回测信号参数: {'low': -5, 'high': -2.5, 'mv_min': 35, 'mv_max': 1000, 'prev_limit_status': ['断板', '炸板'], 'avg_limit_turnover_5_min': -1}
20260310 09:23:56- INFO- 回测时间区间: 2025-12-01 至 2026-03-10
20260310 09:23:56- INFO- 使用40个进程并行处理，共53个日期任务
20260310 09:23:59- INFO- 所有回测任务完成，共处理53个日期的结果
20260310 09:23:59- INFO- 总调整天数: 4, 调整正确率: 75.00%, 预计平均亏损改善: 4.2663%
20260310 09:23:59- INFO- 总调整天数: 6, 调整正确率: 50.00%, 预计平均亏损改善: 2.7504%
20260310 09:23:59- INFO- 回测结果(不风控):
20260310 09:23:59- INFO- 回测结果(触及跌停风控):
20260310 09:23:59- INFO- 日期：2026-03-10
20260310 09:23:59- INFO- 今天的所有信号的股票:
20260310 09:23:59- INFO- 【软件终端连接成功！】
20260310 09:23:59- INFO- 【账户信息订阅成功！】
20260310 09:23:59- INFO- ------------------【51318497】------------------
20260310 09:23:59- INFO- 资产总额: 34027.69
持仓市值：19162.0
可用资金：15075.69

20260310 09:29:31- INFO- 新增数据行数: 5186
20260310 09:29:34- INFO- 回测信号参数: {'low': -5, 'high': -2.5, 'mv_min': 35, 'mv_max': 1000, 'prev_limit_status': ['断板', '炸板'], 'avg_limit_turnover_5_min': -1}
20260310 09:29:34- INFO- 回测时间区间: 2025-12-01 至 2026-03-10
20260310 09:29:34- INFO- 使用40个进程并行处理，共54个日期任务
20260310 09:29:36- INFO- 获取SHSE.600108在2026-03-10 到 2026-03-25股票数据失败
20260310 09:29:36- INFO- 所有回测任务完成，共处理53个日期的结果
20260310 09:29:36- INFO- 总调整天数: 4, 调整正确率: 75.00%, 预计平均亏损改善: 4.2663%
20260310 09:29:36- INFO- 总调整天数: 6, 调整正确率: 50.00%, 预计平均亏损改善: 2.7504%
20260310 09:29:36- INFO- 回测结果(不风控):
20260310 09:29:36- INFO- 回测结果(触及跌停风控):
20260310 09:29:36- INFO- 日期：2026-03-10
20260310 09:29:36- INFO- 今天的所有信号的股票:
20260310 09:29:36- INFO-   1. SHSE.600108 - 亚盛集团 - 仓位: 0.4000
20260310 09:29:37- INFO- 【软件终端连接成功！】
20260310 09:29:37- INFO- 【账户信息订阅成功！】
20260310 09:29:37- INFO- ------------------【51318497】------------------
20260310 09:29:37- INFO- 资产总额: 34169.69
持仓市值：19094.0
可用资金：15075.69

20260310 09:29:37- INFO- 分配资金13667.88, 每单分配资金: 13667.88 
20260310 09:29:37- INFO- 第1单提交成功,代码:SHSE.600108,名称：亚盛集团,订单数量：2600,分配资金：13667.88
20260310 09:29:37- INFO- 第1单提交成功，请求序号：4
20260310 09:29:37- INFO- 异步批量提交5单总耗时：0.000秒
20260310 09:29:37- INFO- 异步委托回调 async_order_1
20260310 09:29:38- INFO- 全部处理完成，回调收到所有订单号
20260311 09:26:01- INFO- 新增数据行数: 5187
20260311 09:26:04- INFO- 回测信号参数: {'low': -5, 'high': -2.5, 'mv_min': 35, 'mv_max': 1000, 'prev_limit_status': ['断板', '炸板'], 'avg_limit_turnover_5_min': -1}
20260311 09:26:04- INFO- 回测时间区间: 2025-12-01 至 2026-03-11
20260311 09:26:04- INFO- 使用40个进程并行处理，共55个日期任务
20260311 09:26:06- INFO- 获取SHSE.600227在2026-03-11 到 2026-03-26股票数据失败
20260311 09:26:06- INFO- 所有回测任务完成，共处理54个日期的结果
20260311 09:26:06- INFO- 总调整天数: 4, 调整正确率: 75.00%, 预计平均亏损改善: 4.2663%
20260311 09:26:06- INFO- 总调整天数: 6, 调整正确率: 50.00%, 预计平均亏损改善: 2.7504%
20260311 09:26:06- INFO- 回测结果(不风控):
20260311 09:26:06- INFO- 回测结果(触及跌停风控):
20260311 09:26:06- INFO- 日期：2026-03-11
20260311 09:26:06- INFO- 今天的所有信号的股票:
20260311 09:26:06- INFO-   1. SHSE.600722 - 金牛化工 - 仓位: 0.4000
20260311 09:26:06- INFO-   2. SHSE.600545 - 卓郎智能 - 仓位: 0.4000
20260311 09:26:06- INFO-   3. SHSE.600227 - 赤天化 - 仓位: 0.4000
20260311 09:26:06- INFO- 【软件终端连接成功！】
20260311 09:26:06- INFO- 【账户信息订阅成功！】
20260311 09:26:06- INFO- ------------------【51318497】------------------
20260311 09:26:06- INFO- 资产总额: 40930.28
持仓市值：23430.0
可用资金：17500.28

20260311 09:26:06- INFO- 分配资金17500.28, 每单分配资金: 5833.43 
20260311 09:26:06- INFO- 第1单提交成功,代码:SHSE.600722,名称：金牛化工,订单数量：400,分配资金：5833.43
20260311 09:26:06- INFO- 第1单提交成功，请求序号：4
20260311 09:26:06- INFO- 第2单提交成功,代码:SHSE.600545,名称：卓郎智能,订单数量：1500,分配资金：5833.43
20260311 09:26:06- INFO- 第2单提交成功，请求序号：5
20260311 09:26:06- INFO- 第3单提交成功,代码:SHSE.600227,名称：赤天化,订单数量：1500,分配资金：5833.43
20260311 09:26:06- INFO- 第3单提交成功，请求序号：6
20260311 09:26:06- INFO- 异步批量提交5单总耗时：0.000秒
20260311 09:26:06- INFO- 异步委托回调 async_order_1
20260311 09:26:06- INFO- 异步委托回调 async_order_2
20260311 09:26:06- INFO- 异步委托回调 async_order_3
20260311 09:26:07- INFO- 全部处理完成，回调收到所有订单号
20260311 09:28:29- INFO- 新增数据行数: 5187
20260311 09:28:32- INFO- 回测信号参数: {'low': -5, 'high': -2.5, 'mv_min': 35, 'mv_max': 1000, 'prev_limit_status': ['断板', '炸板'], 'avg_limit_turnover_5_min': -1}
20260311 09:28:32- INFO- 回测时间区间: 2025-12-01 至 2026-03-11
20260311 09:28:32- INFO- 使用40个进程并行处理，共55个日期任务
20260311 09:28:35- INFO- 获取SHSE.600227在2026-03-11 到 2026-03-26股票数据失败
20260311 09:28:35- INFO- 所有回测任务完成，共处理54个日期的结果
20260311 09:28:35- INFO- 总调整天数: 4, 调整正确率: 75.00%, 预计平均亏损改善: 4.2663%
20260311 09:28:35- INFO- 总调整天数: 6, 调整正确率: 50.00%, 预计平均亏损改善: 2.7504%
20260311 09:28:35- INFO- 回测结果(不风控):
20260311 09:28:35- INFO- 回测结果(触及跌停风控):
20260311 09:28:35- INFO- 日期：2026-03-11
20260311 09:28:35- INFO- 今天的所有信号的股票:
20260311 09:28:35- INFO-   1. SHSE.600722 - 金牛化工 - 仓位: 0.4000
20260311 09:28:35- INFO-   2. SHSE.600545 - 卓郎智能 - 仓位: 0.4000
20260311 09:28:35- INFO-   3. SHSE.600227 - 赤天化 - 仓位: 0.4000
20260311 09:28:35- INFO- 【软件终端连接成功！】
20260311 09:28:35- INFO- 【账户信息订阅成功！】
20260311 09:28:35- INFO- ------------------【51318497】------------------
20260311 09:28:35- INFO- 资产总额: 40930.28
持仓市值：23430.0
可用资金：1284.85

20260311 09:28:35- INFO- 分配资金1284.85, 每单分配资金: 428.28 
20260311 09:28:35- INFO- 订单数量不足，跳过下单 SHSE.600722，理论数量: 35.05
20260311 09:28:35- INFO- 第2单提交成功,代码:SHSE.600545,名称：卓郎智能,订单数量：100,分配资金：570.04
20260311 09:28:35- INFO- 第2单提交成功，请求序号：4
20260311 09:28:35- INFO- 第3单提交成功,代码:SHSE.600227,名称：赤天化,订单数量：100,分配资金：570.04
20260311 09:28:35- INFO- 第3单提交成功，请求序号：5
20260311 09:28:35- INFO- 异步批量提交5单总耗时：0.001秒
20260311 09:28:35- INFO- 异步委托回调 async_order_2
20260311 09:28:35- INFO- 异步委托回调 async_order_3
20260311 09:28:36- INFO- 全部处理完成，回调收到所有订单号
20260311 09:30:55- INFO- 新增数据行数: 5187
20260311 09:30:58- INFO- 回测信号参数: {'low': -5, 'high': -2.5, 'mv_min': 35, 'mv_max': 1000, 'prev_limit_status': ['断板', '炸板'], 'avg_limit_turnover_5_min': -1}
20260311 09:30:58- INFO- 回测时间区间: 2025-12-01 至 2026-03-11
20260311 09:30:59- INFO- 使用40个进程并行处理，共55个日期任务
20260311 09:31:01- INFO- 获取SHSE.600227在2026-03-11 到 2026-03-26股票数据失败
20260311 09:31:01- INFO- 所有回测任务完成，共处理54个日期的结果
20260311 09:31:02- INFO- 总调整天数: 4, 调整正确率: 75.00%, 预计平均亏损改善: 4.2663%
20260311 09:31:02- INFO- 总调整天数: 6, 调整正确率: 50.00%, 预计平均亏损改善: 2.7504%
20260311 09:31:02- INFO- 回测结果(不风控):
20260311 09:31:02- INFO- 回测结果(触及跌停风控):
20260311 09:31:02- INFO- 日期：2026-03-11
20260311 09:31:02- INFO- 今天的所有信号的股票:
20260311 09:31:02- INFO-   1. SHSE.600722 - 金牛化工 - 仓位: 0.4000
20260311 09:31:02- INFO-   2. SHSE.600545 - 卓郎智能 - 仓位: 0.4000
20260311 09:31:02- INFO-   3. SHSE.600227 - 赤天化 - 仓位: 0.4000
20260311 09:31:02- INFO- 【软件终端连接成功！】
20260311 09:31:02- INFO- 【账户信息订阅成功！】
20260311 09:31:02- INFO- ------------------【51318497】------------------
20260311 09:31:02- INFO- 资产总额: 41292.62
持仓市值：24645.0
可用资金：16732.62

20260311 09:31:02- INFO- 分配资金16517.05, 每单分配资金: 5505.68 
20260311 09:31:02- INFO- 第1单提交成功,代码:SHSE.600722,名称：金牛化工,订单数量：400,分配资金：5505.68
20260311 09:31:02- INFO- 第1单提交成功，请求序号：4
20260311 09:31:02- INFO- 第2单提交成功,代码:SHSE.600545,名称：卓郎智能,订单数量：1400,分配资金：5505.68
20260311 09:31:02- INFO- 第2单提交成功，请求序号：5
20260311 09:31:02- INFO- 第3单提交成功,代码:SHSE.600227,名称：赤天化,订单数量：1400,分配资金：5505.68
20260311 09:31:02- INFO- 第3单提交成功，请求序号：6
20260311 09:31:02- INFO- 异步批量提交5单总耗时：0.001秒
20260311 09:31:02- INFO- 异步委托回调 async_order_1
20260311 09:31:02- INFO- 异步委托回调 async_order_2
20260311 09:31:02- INFO- 异步委托回调 async_order_3
20260311 09:31:03- INFO- 全部处理完成，回调收到所有订单号
20260312 09:26:22- INFO- 【软件终端连接成功！】
20260312 09:26:22- INFO- 【账户信息订阅成功！】
20260312 09:26:22- INFO- ------------------【51318497】------------------
20260312 09:26:22- INFO- 资产总额: 43025.67
持仓市值：34489.0
可用资金：8536.67

20260312 09:26:22- INFO- 分配资金8536.67, 每单分配资金: 4268.34 
20260312 09:26:22- INFO- 第1单提交成功,代码:SZSE.000533,名称：顺钠股份,订单数量：200,分配资金：4268.34
20260312 09:26:22- INFO- 第1单提交成功，请求序号：4
20260312 09:26:22- INFO- 第2单提交成功,代码:SZSE.000601,名称：韶能股份,订单数量：600,分配资金：4268.34
20260312 09:26:22- INFO- 第2单提交成功，请求序号：5
20260312 09:26:22- INFO- 异步批量提交5单总耗时：0.000秒
20260312 09:26:22- INFO- 异步委托回调 async_order_1
20260312 09:26:22- INFO- 异步委托回调 async_order_2
20260312 09:26:22- INFO- 委托报错回调 async_order_2 对手方最优价格买入 [SZ000601] [COUNTER] [260200][可用资金不足]
[fund_account=51318497,money_type=0,p_occur_bala
20260312 09:26:23- INFO- 全部处理完成，回调收到所有订单号
20260313 09:27:25- INFO- 【软件终端连接成功！】
20260313 09:27:25- INFO- 【账户信息订阅成功！】
20260313 09:27:25- INFO- ------------------【51318497】------------------
20260313 09:27:25- INFO- 资产总额: 42931.83
持仓市值：18103.0
可用资金：24828.83

20260313 09:27:59- INFO- 分配资金17172.73, 每单分配资金: 8586.37 
20260313 09:28:04- INFO- 第1单提交成功,代码:SZSE.001267,名称：汇绿生态,订单数量：100,分配资金：8586.37
20260313 09:28:04- INFO- 第1单提交成功，请求序号：4
20260313 09:28:04- INFO- 第2单提交成功,代码:SZSE.000533,名称：顺钠股份,订单数量：400,分配资金：8586.37
20260313 09:28:04- INFO- 第2单提交成功，请求序号：5
20260313 09:28:04- INFO- 异步批量提交5单总耗时：0.002秒
20260313 09:28:04- INFO- 异步委托回调 async_order_1
20260313 09:28:04- INFO- 异步委托回调 async_order_2
20260313 09:28:05- INFO- 全部处理完成，回调收到所有订单号
20260316 09:26:52- INFO- 【软件终端连接成功！】
20260316 09:26:52- INFO- 【账户信息订阅成功！】
20260316 09:26:52- INFO- ------------------【51318497】------------------
20260316 09:26:52- INFO- 资产总额: 41633.25
持仓市值：24911.0
可用资金：16722.25

20260316 09:28:33- INFO- 分配资金0.00, 每单分配资金: 0.00 
20260316 09:28:33- INFO- 信号空仓
20260316 09:28:33- INFO- 无法下单 SZSE.002667，分配资金: 0.00, 开盘价: 28.79
20260316 09:28:33- INFO- 异步批量提交5单总耗时：0.001秒
20260316 09:28:34- INFO- 全部处理完成，回调收到所有订单号
20260317 20:50:19- INFO- 【软件终端连接成功！】
20260317 20:50:19- INFO- 【账户信息订阅成功！】
20260317 20:50:19- INFO- ------------------【51318497】------------------
20260317 20:50:19- INFO- 资产总额: 41350.35
持仓市值：16633.0
可用资金：24716.15

20260317 20:50:19- INFO- 分配资金16540.14, 每单分配资金: 16540.14 
20260317 20:52:10- INFO- 第1单提交成功,代码:SHSE.600821,名称：金开新能,订单数量：1500,分配资金：16540.14
20260317 20:52:10- INFO- 第1单提交成功，请求序号：4
20260318 09:27:11- INFO- 【软件终端连接成功！】
20260318 09:27:11- INFO- 【账户信息订阅成功！】
20260318 09:27:11- INFO- ------------------【51318497】------------------
20260318 09:27:11- INFO- 资产总额: 40933.35
持仓市值：16216.0
可用资金：24717.35

20260318 09:27:11- INFO- 分配资金16373.34, 每单分配资金: 8186.67 
20260318 09:28:15- INFO- 第1单提交成功,代码:SHSE.600722,名称：金牛化工,订单数量：400,分配资金：8186.67
20260318 09:28:15- INFO- 第1单提交成功，请求序号：4
20260318 09:28:17- INFO- 异步委托回调 async_order_1
20260318 09:28:17- INFO- 第2单提交成功,代码:SHSE.601330,名称：绿色动力,订单数量：800,分配资金：8186.67
20260318 09:28:17- INFO- 第2单提交成功，请求序号：5
20260318 09:28:17- INFO- 异步批量提交5单总耗时：66.384秒
20260318 09:28:17- INFO- 异步委托回调 async_order_2
20260318 09:28:18- INFO- 全部处理完成，回调收到所有订单号
20260319 09:27:15- INFO- 【软件终端连接成功！】
20260319 09:27:15- INFO- 【账户信息订阅成功！】
20260319 09:27:15- INFO- ------------------【51318497】------------------
20260319 09:27:15- INFO- 资产总额: 40497.24
持仓市值：15974.000000000002
可用资金：24523.24

20260319 09:27:15- INFO- 分配资金16198.90, 每单分配资金: 2314.13 
20260319 09:28:51- INFO- 【软件终端连接成功！】
20260319 09:28:51- INFO- 【账户信息订阅成功！】
20260319 09:28:51- INFO- ------------------【51318497】------------------
20260319 09:28:51- INFO- 资产总额: 40497.24
持仓市值：15974.000000000002
可用资金：24523.24

20260319 09:28:51- INFO- 分配资金24523.24, 每单分配资金: 3503.32 
20260320 09:26:29- INFO- 【软件终端连接成功！】
20260320 09:26:29- INFO- 【账户信息订阅成功！】
20260320 09:26:29- INFO- ------------------【51318497】------------------
20260320 09:26:29- INFO- 资产总额: 56733.51
持仓市值：9792.0
可用资金：46941.51

20260320 09:26:29- INFO- 分配资金46941.51, 每单分配资金: 46941.51 
20260320 09:27:23- INFO- 【软件终端连接成功！】
20260320 09:27:23- INFO- 【账户信息订阅成功！】
20260320 09:27:23- INFO- ------------------【51318497】------------------
20260320 09:27:23- INFO- 资产总额: 56733.51
持仓市值：9792.0
可用资金：46941.51

20260320 09:27:23- INFO- 分配资金22693.40, 每单分配资金: 22693.40 
20260320 09:27:41- INFO- 第1单提交成功,代码:SZSE.000890,名称：法尔胜,订单数量：1600,分配资金：22693.40
20260320 09:27:41- INFO- 第1单提交成功，请求序号：4
20260320 09:27:47- INFO- 异步委托回调 async_order_1
20260320 09:27:47- INFO- 异步批量提交5单总耗时：24.660秒
20260320 09:27:48- INFO- 全部处理完成，回调收到所有订单号
20260323 09:27:12- INFO- 【软件终端连接成功！】
20260323 09:27:12- INFO- 【账户信息订阅成功！】
20260323 09:27:12- INFO- ------------------【51318497】------------------
20260323 09:27:12- INFO- 资产总额: 65233.37
持仓市值：40626.00000000001
可用资金：24607.37

20260323 09:27:12- INFO- 分配资金0.00, 每单分配资金: 0.00 
20260323 09:27:12- INFO- 信号空仓
20260323 09:27:28- INFO- 无法下单 SHSE.603803，分配资金: 0.00, 开盘价: 12.72
20260323 09:27:28- INFO- 无法下单 SHSE.603421，分配资金: 0.00, 开盘价: 9.56
20260323 09:27:28- INFO- 异步批量提交5单总耗时：15.792秒
20260323 09:27:29- INFO- 全部处理完成，回调收到所有订单号
20260323 15:39:33- INFO- 【软件终端连接成功！】
20260323 15:39:33- INFO- 【账户信息订阅成功！】
20260323 15:39:33- INFO- ------------------【51318497】------------------
20260323 15:39:33- INFO- 资产总额: 64448.82
持仓市值：47099.19999999988
可用资金：17349.62

20260323 15:39:33- INFO- 分配资金0.00, 每单分配资金: 0.00 
20260323 15:39:33- INFO- 信号空仓
20260323 15:39:33- INFO- 无法下单 SHSE.603803，分配资金: 0.00, 开盘价: 12.72
20260323 15:39:33- INFO- 无法下单 SHSE.603421，分配资金: 0.00, 开盘价: 9.56
20260323 15:39:33- INFO- 异步批量提交5单总耗时：0.001秒
20260323 15:39:34- INFO- 全部处理完成，回调收到所有订单号
20260324 09:28:07- INFO- 【软件终端连接成功！】
20260324 09:28:07- INFO- 【账户信息订阅成功！】
20260324 09:28:07- INFO- ------------------【51318497】------------------
20260324 09:28:07- INFO- 资产总额: 71891.5
持仓市值：47538.0
可用资金：24353.5

20260324 09:28:07- INFO- 分配资金0.00, 每单分配资金: 0.00 
20260324 09:28:07- INFO- 没有符合条件的交易信号，今日不执行任何订单。
20260324 09:28:07- INFO- 信号空仓
20260324 09:28:15- INFO- 异步批量提交5单总耗时：8.546秒
20260324 09:28:16- INFO- 全部处理完成，回调收到所有订单号
20260325 09:28:50- INFO- 【软件终端连接成功！】
20260325 09:28:50- INFO- 【账户信息订阅成功！】
20260325 09:28:50- INFO- ------------------【51318497】------------------
20260325 09:28:50- INFO- 资产总额: 72998.22
持仓市值：62853.200000000004
可用资金：10145.02

20260325 09:28:50- INFO- 分配资金10145.02, 每单分配资金: 2536.26 
20260325 09:28:51- INFO- 第1单提交成功,代码:SZSE.002150,名称：正泰电源,订单数量：0,分配资金：2536.26
20260325 09:28:51- INFO- 第1单提交成功，请求序号：4
20260325 09:28:55- INFO- 异步委托回调 async_order_1
20260325 09:28:55- INFO- 委托报错回调 async_order_1 限价买入 [SZ002150] [COUNTER] [120155][委托数量必须大于0, 且深圳数量位数不能超过9位, 上海委托数量
20260325 09:28:55- INFO- 第2单提交成功,代码:SZSE.001258,名称：立新能源,订单数量：200,分配资金：2536.26
20260325 09:28:55- INFO- 第2单提交成功，请求序号：5
20260325 09:28:55- INFO- 第3单提交成功,代码:SZSE.002256,名称：兆新股份,订单数量：500,分配资金：2536.26
20260325 09:28:55- INFO- 第3单提交成功，请求序号：6
20260325 09:28:55- INFO- 第4单提交成功,代码:SZSE.002310,名称：东方新能,订单数量：600,分配资金：2536.26
20260325 09:28:55- INFO- 第4单提交成功，请求序号：7
20260325 09:28:55- INFO- 异步批量提交5单总耗时：5.671秒
20260325 09:28:55- INFO- 异步委托回调 async_order_2
20260325 09:28:55- INFO- 异步委托回调 async_order_3
20260325 09:28:55- INFO- 异步委托回调 async_order_4
20260325 09:28:56- INFO- 全部处理完成，回调收到所有订单号
20260326 09:25:07- INFO- 【软件终端连接成功！】
20260326 09:25:07- INFO- 【账户信息订阅成功！】
20260326 09:25:07- INFO- ------------------【51318497】------------------
20260326 09:25:07- INFO- 资产总额: 72642.95
持仓市值：33559.0
可用资金：39083.95

20260326 09:25:07- INFO- 分配资金0.00, 每单分配资金: 0.00 
20260326 09:25:07- INFO- 没有符合条件的交易信号，今日不执行任何订单。
20260326 09:25:07- INFO- 信号空仓
20260326 09:27:17- INFO- 【软件终端连接成功！】
20260326 09:27:17- INFO- 【账户信息订阅成功！】
20260326 09:27:17- INFO- ------------------【51318497】------------------
20260326 09:27:17- INFO- 资产总额: 72642.95
持仓市值：33559.0
可用资金：39083.95

20260326 09:27:17- INFO- 分配资金29057.18, 每单分配资金: 5811.44 
