20260428 19:17:35- INFO- 信号参数: {'low': -5, 'high': -2.5, 'mv_min': 35, 'mv_max': 1000, 'prev_limit_status': ['断板', '炸板'], 'avg_limit_turnover_5_min': -1}
20260428 19:17:35- INFO- 信号数量: 3711
20260428 19:17:35- INFO- 运行参数组合: buy_delay=0, extend=0
20260428 19:17:35- INFO- 使用40个进程并行处理，共1109个日期任务
20260428 19:18:06- INFO- 所有回测任务完成，共处理1109个日期的结果
20260428 19:18:06- INFO-   交易数量: 3711, 胜率: 43.14%, 平均收益: 0.32%, 盈亏比: 1.45
20260428 19:18:06- INFO- 运行参数组合: buy_delay=0, extend=1
20260428 19:18:07- INFO- 使用40个进程并行处理，共1109个日期任务
20260428 19:18:38- INFO- 所有回测任务完成，共处理1109个日期的结果
20260428 19:18:38- INFO-   交易数量: 3711, 胜率: 43.14%, 平均收益: 0.29%, 盈亏比: 1.44
20260428 19:18:38- INFO- 运行参数组合: buy_delay=0, extend=2
20260428 19:18:39- INFO- 使用40个进程并行处理，共1109个日期任务
20260428 19:19:27- INFO- 所有回测任务完成，共处理1109个日期的结果
20260428 19:19:27- INFO-   交易数量: 3711, 胜率: 42.23%, 平均收益: 0.08%, 盈亏比: 1.40
20260428 19:19:27- INFO- 运行参数组合: buy_delay=1, extend=0
20260428 19:19:28- INFO- 使用40个进程并行处理，共1109个日期任务
20260428 19:20:15- INFO- SHSE.600770在2026-04-28日买入延迟1天超出可用交易日，跳过该股票
20260428 19:20:15- INFO- SHSE.603060在2026-04-28日买入延迟1天超出可用交易日，跳过该股票
20260428 19:20:15- INFO- SHSE.603618在2026-04-28日买入延迟1天超出可用交易日，跳过该股票
20260428 19:20:15- INFO- 所有回测任务完成，共处理1108个日期的结果
20260428 19:20:15- INFO-   交易数量: 3708, 胜率: 42.15%, 平均收益: 0.04%, 盈亏比: 1.40
20260428 19:20:15- INFO- 运行参数组合: buy_delay=1, extend=1
20260428 19:20:16- INFO- 使用40个进程并行处理，共1109个日期任务
20260428 19:21:03- INFO- SHSE.600770在2026-04-28日买入延迟1天超出可用交易日，跳过该股票
20260428 19:21:03- INFO- SHSE.603060在2026-04-28日买入延迟1天超出可用交易日，跳过该股票
20260428 19:21:03- INFO- SHSE.603618在2026-04-28日买入延迟1天超出可用交易日，跳过该股票
20260428 19:21:03- INFO- 所有回测任务完成，共处理1108个日期的结果
20260428 19:21:03- INFO-   交易数量: 3708, 胜率: 43.64%, 平均收益: 0.05%, 盈亏比: 1.32
20260428 19:21:03- INFO- 运行参数组合: buy_delay=1, extend=2
20260428 19:21:04- INFO- 使用40个进程并行处理，共1109个日期任务
20260428 19:21:52- INFO- SHSE.600770在2026-04-28日买入延迟1天超出可用交易日，跳过该股票
20260428 19:21:52- INFO- SHSE.603060在2026-04-28日买入延迟1天超出可用交易日，跳过该股票
20260428 19:21:52- INFO- SHSE.603618在2026-04-28日买入延迟1天超出可用交易日，跳过该股票
20260428 19:21:52- INFO- 所有回测任务完成，共处理1108个日期的结果
20260428 19:21:52- INFO-   交易数量: 3708, 胜率: 42.23%, 平均收益: -0.17%, 盈亏比: 1.27
20260428 19:21:52- INFO- 运行参数组合: buy_delay=2, extend=0
20260428 19:21:53- INFO- 使用40个进程并行处理，共1109个日期任务
20260428 19:22:40- INFO- SHSE.600052在2026-04-27日买入延迟2天超出可用交易日，跳过该股票
20260428 19:22:40- INFO- SHSE.600184在2026-04-27日买入延迟2天超出可用交易日，跳过该股票
20260428 19:22:40- INFO- SHSE.600736在2026-04-27日买入延迟2天超出可用交易日，跳过该股票
20260428 19:22:40- INFO- SZSE.002201在2026-04-27日买入延迟2天超出可用交易日，跳过该股票
20260428 19:22:40- INFO- SZSE.002429在2026-04-27日买入延迟2天超出可用交易日，跳过该股票
20260428 19:22:40- INFO- SHSE.600770在2026-04-28日买入延迟2天超出可用交易日，跳过该股票
20260428 19:22:40- INFO- SHSE.603060在2026-04-28日买入延迟2天超出可用交易日，跳过该股票
20260428 19:22:40- INFO- SHSE.603618在2026-04-28日买入延迟2天超出可用交易日，跳过该股票
20260428 19:22:40- INFO- 所有回测任务完成，共处理1107个日期的结果
20260428 19:22:40- INFO-   交易数量: 3703, 胜率: 54.39%, 平均收益: 0.45%, 盈亏比: 1.15
20260428 19:22:40- INFO- 运行参数组合: buy_delay=2, extend=1
20260428 19:22:41- INFO- 使用40个进程并行处理，共1109个日期任务
20260428 19:23:27- INFO- SHSE.600052在2026-04-27日买入延迟2天超出可用交易日，跳过该股票
20260428 19:23:27- INFO- SHSE.600184在2026-04-27日买入延迟2天超出可用交易日，跳过该股票
20260428 19:23:27- INFO- SHSE.600736在2026-04-27日买入延迟2天超出可用交易日，跳过该股票
20260428 19:23:27- INFO- SZSE.002201在2026-04-27日买入延迟2天超出可用交易日，跳过该股票
20260428 19:23:27- INFO- SZSE.002429在2026-04-27日买入延迟2天超出可用交易日，跳过该股票
20260428 19:23:27- INFO- SHSE.600770在2026-04-28日买入延迟2天超出可用交易日，跳过该股票
20260428 19:23:27- INFO- SHSE.603060在2026-04-28日买入延迟2天超出可用交易日，跳过该股票
20260428 19:23:27- INFO- SHSE.603618在2026-04-28日买入延迟2天超出可用交易日，跳过该股票
20260428 19:23:27- INFO- 所有回测任务完成，共处理1107个日期的结果
20260428 19:23:27- INFO-   交易数量: 3703, 胜率: 53.52%, 平均收益: 0.04%, 盈亏比: 0.89
20260428 19:23:27- INFO- 运行参数组合: buy_delay=2, extend=2
20260428 19:23:28- INFO- 使用40个进程并行处理，共1109个日期任务
20260428 19:23:59- INFO- SHSE.600052在2026-04-27日买入延迟2天超出可用交易日，跳过该股票
20260428 19:23:59- INFO- SHSE.600184在2026-04-27日买入延迟2天超出可用交易日，跳过该股票
20260428 19:23:59- INFO- SHSE.600736在2026-04-27日买入延迟2天超出可用交易日，跳过该股票
20260428 19:23:59- INFO- SZSE.002201在2026-04-27日买入延迟2天超出可用交易日，跳过该股票
20260428 19:23:59- INFO- SZSE.002429在2026-04-27日买入延迟2天超出可用交易日，跳过该股票
20260428 19:23:59- INFO- SHSE.600770在2026-04-28日买入延迟2天超出可用交易日，跳过该股票
20260428 19:23:59- INFO- SHSE.603060在2026-04-28日买入延迟2天超出可用交易日，跳过该股票
20260428 19:23:59- INFO- SHSE.603618在2026-04-28日买入延迟2天超出可用交易日，跳过该股票
20260428 19:23:59- INFO- 所有回测任务完成，共处理1107个日期的结果
20260428 19:23:59- INFO-   交易数量: 3703, 胜率: 47.99%, 平均收益: -0.35%, 盈亏比: 0.80
20260428 19:23:59- INFO- 运行参数组合: buy_delay=3, extend=0
20260428 19:24:00- INFO- 使用40个进程并行处理，共1109个日期任务
20260428 19:24:35- INFO- SHSE.600052在2026-04-27日买入延迟3天超出可用交易日，跳过该股票
20260428 19:24:35- INFO- SHSE.600184在2026-04-27日买入延迟3天超出可用交易日，跳过该股票
20260428 19:24:35- INFO- SHSE.600736在2026-04-27日买入延迟3天超出可用交易日，跳过该股票
20260428 19:24:35- INFO- SZSE.002201在2026-04-27日买入延迟3天超出可用交易日，跳过该股票
20260428 19:24:35- INFO- SZSE.002429在2026-04-27日买入延迟3天超出可用交易日，跳过该股票
20260428 19:24:35- INFO- SHSE.600979在2026-04-24日买入延迟3天超出可用交易日，跳过该股票
20260428 19:24:35- INFO- SHSE.603115在2026-04-24日买入延迟3天超出可用交易日，跳过该股票
20260428 19:24:35- INFO- SZSE.002201在2026-04-24日买入延迟3天超出可用交易日，跳过该股票
20260428 19:24:35- INFO- SZSE.002297在2026-04-24日买入延迟3天超出可用交易日，跳过该股票
20260428 19:24:35- INFO- SHSE.600770在2026-04-28日买入延迟3天超出可用交易日，跳过该股票
20260428 19:24:35- INFO- SHSE.603060在2026-04-28日买入延迟3天超出可用交易日，跳过该股票
20260428 19:24:35- INFO- SHSE.603618在2026-04-28日买入延迟3天超出可用交易日，跳过该股票
20260428 19:24:35- INFO- 所有回测任务完成，共处理1106个日期的结果
20260428 19:24:35- INFO-   交易数量: 3699, 胜率: 59.56%, 平均收益: 1.13%, 盈亏比: 1.09
20260428 19:24:35- INFO- 运行参数组合: buy_delay=3, extend=1
20260428 19:24:35- INFO- 使用40个进程并行处理，共1109个日期任务
20260428 19:25:24- INFO- SHSE.600979在2026-04-24日买入延迟3天超出可用交易日，跳过该股票
20260428 19:25:24- INFO- SHSE.603115在2026-04-24日买入延迟3天超出可用交易日，跳过该股票
20260428 19:25:24- INFO- SZSE.002201在2026-04-24日买入延迟3天超出可用交易日，跳过该股票
20260428 19:25:24- INFO- SZSE.002297在2026-04-24日买入延迟3天超出可用交易日，跳过该股票
20260428 19:25:24- INFO- SHSE.600052在2026-04-27日买入延迟3天超出可用交易日，跳过该股票
20260428 19:25:24- INFO- SHSE.600184在2026-04-27日买入延迟3天超出可用交易日，跳过该股票
20260428 19:25:24- INFO- SHSE.600736在2026-04-27日买入延迟3天超出可用交易日，跳过该股票
20260428 19:25:24- INFO- SZSE.002201在2026-04-27日买入延迟3天超出可用交易日，跳过该股票
20260428 19:25:24- INFO- SZSE.002429在2026-04-27日买入延迟3天超出可用交易日，跳过该股票
20260428 19:25:24- INFO- SHSE.600770在2026-04-28日买入延迟3天超出可用交易日，跳过该股票
20260428 19:25:24- INFO- SHSE.603060在2026-04-28日买入延迟3天超出可用交易日，跳过该股票
20260428 19:25:24- INFO- SHSE.603618在2026-04-28日买入延迟3天超出可用交易日，跳过该股票
20260428 19:25:24- INFO- 所有回测任务完成，共处理1106个日期的结果
20260428 19:25:24- INFO-   交易数量: 3699, 胜率: 58.88%, 平均收益: 0.66%, 盈亏比: 0.90
20260428 19:25:24- INFO- 运行参数组合: buy_delay=3, extend=2
20260428 19:25:25- INFO- 使用40个进程并行处理，共1109个日期任务
20260428 19:26:13- INFO- SHSE.600979在2026-04-24日买入延迟3天超出可用交易日，跳过该股票
20260428 19:26:13- INFO- SHSE.603115在2026-04-24日买入延迟3天超出可用交易日，跳过该股票
20260428 19:26:13- INFO- SZSE.002201在2026-04-24日买入延迟3天超出可用交易日，跳过该股票
20260428 19:26:13- INFO- SZSE.002297在2026-04-24日买入延迟3天超出可用交易日，跳过该股票
20260428 19:26:13- INFO- SHSE.600052在2026-04-27日买入延迟3天超出可用交易日，跳过该股票
20260428 19:26:13- INFO- SHSE.600184在2026-04-27日买入延迟3天超出可用交易日，跳过该股票
20260428 19:26:13- INFO- SHSE.600736在2026-04-27日买入延迟3天超出可用交易日，跳过该股票
20260428 19:26:13- INFO- SZSE.002201在2026-04-27日买入延迟3天超出可用交易日，跳过该股票
20260428 19:26:13- INFO- SZSE.002429在2026-04-27日买入延迟3天超出可用交易日，跳过该股票
20260428 19:26:13- INFO- SHSE.600770在2026-04-28日买入延迟3天超出可用交易日，跳过该股票
20260428 19:26:13- INFO- SHSE.603060在2026-04-28日买入延迟3天超出可用交易日，跳过该股票
20260428 19:26:13- INFO- SHSE.603618在2026-04-28日买入延迟3天超出可用交易日，跳过该股票
20260428 19:26:13- INFO- 所有回测任务完成，共处理1106个日期的结果
20260428 19:26:13- INFO-   交易数量: 3699, 胜率: 55.85%, 平均收益: 0.21%, 盈亏比: 0.87
20260428 19:26:13- INFO- 运行参数组合: buy_delay=4, extend=0
20260428 19:26:14- INFO- 使用40个进程并行处理，共1109个日期任务
20260428 19:27:02- INFO- SHSE.600103在2026-04-23日买入延迟4天超出可用交易日，跳过该股票
20260428 19:27:02- INFO- SHSE.603017在2026-04-23日买入延迟4天超出可用交易日，跳过该股票
20260428 19:27:02- INFO- SHSE.600979在2026-04-24日买入延迟4天超出可用交易日，跳过该股票
20260428 19:27:02- INFO- SHSE.603115在2026-04-24日买入延迟4天超出可用交易日，跳过该股票
20260428 19:27:02- INFO- SHSE.600052在2026-04-27日买入延迟4天超出可用交易日，跳过该股票
20260428 19:27:02- INFO- SZSE.002201在2026-04-24日买入延迟4天超出可用交易日，跳过该股票
20260428 19:27:02- INFO- SHSE.600184在2026-04-27日买入延迟4天超出可用交易日，跳过该股票
20260428 19:27:02- INFO- SZSE.002297在2026-04-24日买入延迟4天超出可用交易日，跳过该股票
20260428 19:27:02- INFO- SHSE.600736在2026-04-27日买入延迟4天超出可用交易日，跳过该股票
20260428 19:27:02- INFO- SZSE.002201在2026-04-27日买入延迟4天超出可用交易日，跳过该股票
20260428 19:27:02- INFO- SZSE.002429在2026-04-27日买入延迟4天超出可用交易日，跳过该股票
20260428 19:27:02- INFO- SHSE.600770在2026-04-28日买入延迟4天超出可用交易日，跳过该股票
20260428 19:27:02- INFO- SHSE.603060在2026-04-28日买入延迟4天超出可用交易日，跳过该股票
20260428 19:27:02- INFO- SHSE.603618在2026-04-28日买入延迟4天超出可用交易日，跳过该股票
20260428 19:27:02- INFO- 所有回测任务完成，共处理1105个日期的结果
20260428 19:27:02- INFO-   交易数量: 3697, 胜率: 60.56%, 平均收益: 1.52%, 盈亏比: 1.07
20260428 19:27:02- INFO- 运行参数组合: buy_delay=4, extend=1
20260428 19:27:03- INFO- 使用40个进程并行处理，共1109个日期任务
20260428 19:27:51- INFO- SHSE.600103在2026-04-23日买入延迟4天超出可用交易日，跳过该股票
20260428 19:27:51- INFO- SHSE.603017在2026-04-23日买入延迟4天超出可用交易日，跳过该股票
20260428 19:27:51- INFO- SHSE.600979在2026-04-24日买入延迟4天超出可用交易日，跳过该股票
20260428 19:27:51- INFO- SHSE.603115在2026-04-24日买入延迟4天超出可用交易日，跳过该股票
20260428 19:27:51- INFO- SZSE.002201在2026-04-24日买入延迟4天超出可用交易日，跳过该股票
20260428 19:27:51- INFO- SZSE.002297在2026-04-24日买入延迟4天超出可用交易日，跳过该股票
20260428 19:27:51- INFO- SHSE.600770在2026-04-28日买入延迟4天超出可用交易日，跳过该股票
20260428 19:27:51- INFO- SHSE.603060在2026-04-28日买入延迟4天超出可用交易日，跳过该股票
20260428 19:27:51- INFO- SHSE.603618在2026-04-28日买入延迟4天超出可用交易日，跳过该股票
20260428 19:27:51- INFO- SHSE.600052在2026-04-27日买入延迟4天超出可用交易日，跳过该股票
20260428 19:27:51- INFO- SHSE.600184在2026-04-27日买入延迟4天超出可用交易日，跳过该股票
20260428 19:27:51- INFO- SHSE.600736在2026-04-27日买入延迟4天超出可用交易日，跳过该股票
20260428 19:27:51- INFO- SZSE.002201在2026-04-27日买入延迟4天超出可用交易日，跳过该股票
20260428 19:27:51- INFO- SZSE.002429在2026-04-27日买入延迟4天超出可用交易日，跳过该股票
20260428 19:27:51- INFO- 所有回测任务完成，共处理1105个日期的结果
20260428 19:27:52- INFO-   交易数量: 3697, 胜率: 60.05%, 平均收益: 1.15%, 盈亏比: 0.95
20260428 19:27:52- INFO- 运行参数组合: buy_delay=4, extend=2
20260428 19:27:52- INFO- 使用40个进程并行处理，共1109个日期任务
20260428 19:28:41- INFO- SHSE.600979在2026-04-24日买入延迟4天超出可用交易日，跳过该股票
20260428 19:28:41- INFO- SHSE.603115在2026-04-24日买入延迟4天超出可用交易日，跳过该股票
20260428 19:28:41- INFO- SZSE.002201在2026-04-24日买入延迟4天超出可用交易日，跳过该股票
20260428 19:28:41- INFO- SZSE.002297在2026-04-24日买入延迟4天超出可用交易日，跳过该股票
20260428 19:28:41- INFO- SHSE.600103在2026-04-23日买入延迟4天超出可用交易日，跳过该股票
20260428 19:28:41- INFO- SHSE.603017在2026-04-23日买入延迟4天超出可用交易日，跳过该股票
20260428 19:28:41- INFO- SHSE.600770在2026-04-28日买入延迟4天超出可用交易日，跳过该股票
20260428 19:28:41- INFO- SHSE.603060在2026-04-28日买入延迟4天超出可用交易日，跳过该股票
20260428 19:28:41- INFO- SHSE.603618在2026-04-28日买入延迟4天超出可用交易日，跳过该股票
20260428 19:28:41- INFO- SHSE.600052在2026-04-27日买入延迟4天超出可用交易日，跳过该股票
20260428 19:28:41- INFO- SHSE.600184在2026-04-27日买入延迟4天超出可用交易日，跳过该股票
20260428 19:28:41- INFO- SHSE.600736在2026-04-27日买入延迟4天超出可用交易日，跳过该股票
20260428 19:28:41- INFO- SZSE.002201在2026-04-27日买入延迟4天超出可用交易日，跳过该股票
20260428 19:28:41- INFO- SZSE.002429在2026-04-27日买入延迟4天超出可用交易日，跳过该股票
20260428 19:28:41- INFO- 所有回测任务完成，共处理1105个日期的结果
20260428 19:28:41- INFO-   交易数量: 3697, 胜率: 58.45%, 平均收益: 0.71%, 盈亏比: 0.89
20260428 19:28:41- INFO- 运行参数组合: buy_delay=5, extend=0
20260428 19:28:42- INFO- 使用40个进程并行处理，共1109个日期任务
20260428 19:29:11- INFO- SHSE.600629在2024-02-02日买入延迟5天超出可用交易日，跳过该股票
20260428 19:29:11- INFO- SHSE.600639在2024-02-02日买入延迟5天超出可用交易日，跳过该股票
20260428 19:29:20- INFO- SZSE.000880在2025-01-24日买入延迟5天超出可用交易日，跳过该股票
20260428 19:29:26- INFO- SHSE.600996在2025-09-26日买入延迟5天超出可用交易日，跳过该股票
20260428 19:29:26- INFO- SHSE.603030在2025-09-26日买入延迟5天超出可用交易日，跳过该股票
20260428 19:29:26- INFO- SHSE.603686在2025-09-26日买入延迟5天超出可用交易日，跳过该股票
20260428 19:29:26- INFO- SZSE.002040在2025-09-26日买入延迟5天超出可用交易日，跳过该股票
20260428 19:29:26- INFO- SZSE.002402在2025-09-26日买入延迟5天超出可用交易日，跳过该股票
20260428 19:29:31- INFO- SHSE.600103在2026-04-23日买入延迟5天超出可用交易日，跳过该股票
20260428 19:29:31- INFO- SHSE.603017在2026-04-23日买入延迟5天超出可用交易日，跳过该股票
20260428 19:29:31- INFO- SHSE.600979在2026-04-24日买入延迟5天超出可用交易日，跳过该股票
20260428 19:29:31- INFO- SHSE.603115在2026-04-24日买入延迟5天超出可用交易日，跳过该股票
20260428 19:29:31- INFO- SHSE.600052在2026-04-27日买入延迟5天超出可用交易日，跳过该股票
20260428 19:29:31- INFO- SZSE.002201在2026-04-24日买入延迟5天超出可用交易日，跳过该股票
20260428 19:29:31- INFO- SHSE.600184在2026-04-27日买入延迟5天超出可用交易日，跳过该股票
20260428 19:29:31- INFO- SZSE.002297在2026-04-24日买入延迟5天超出可用交易日，跳过该股票
20260428 19:29:31- INFO- SHSE.600736在2026-04-27日买入延迟5天超出可用交易日，跳过该股票
20260428 19:29:31- INFO- SZSE.002201在2026-04-27日买入延迟5天超出可用交易日，跳过该股票
20260428 19:29:31- INFO- SZSE.002429在2026-04-27日买入延迟5天超出可用交易日，跳过该股票
20260428 19:29:31- INFO- SHSE.600770在2026-04-28日买入延迟5天超出可用交易日，跳过该股票
20260428 19:29:31- INFO- SHSE.603060在2026-04-28日买入延迟5天超出可用交易日，跳过该股票
20260428 19:29:31- INFO- SHSE.603618在2026-04-28日买入延迟5天超出可用交易日，跳过该股票
20260428 19:29:31- INFO- SZSE.000892在2026-02-13日买入延迟5天超出可用交易日，跳过该股票
20260428 19:29:31- INFO- SZSE.003018在2026-02-13日买入延迟5天超出可用交易日，跳过该股票
20260428 19:29:32- INFO- SHSE.600156在2026-04-22日买入延迟5天超出可用交易日，跳过该股票
20260428 19:29:32- INFO- SHSE.605222在2026-04-22日买入延迟5天超出可用交易日，跳过该股票
20260428 19:29:32- INFO- SZSE.002418在2026-04-22日买入延迟5天超出可用交易日，跳过该股票
20260428 19:29:32- INFO- 所有回测任务完成，共处理1100个日期的结果
20260428 19:29:32- INFO-   交易数量: 3684, 胜率: 61.26%, 平均收益: 2.07%, 盈亏比: 1.11
20260428 19:29:32- INFO- 运行参数组合: buy_delay=5, extend=1
20260428 19:29:33- INFO- 使用40个进程并行处理，共1109个日期任务
20260428 19:30:01- INFO- SHSE.600629在2024-02-02日买入延迟5天超出可用交易日，跳过该股票
20260428 19:30:01- INFO- SHSE.600639在2024-02-02日买入延迟5天超出可用交易日，跳过该股票
20260428 19:30:11- INFO- SZSE.000880在2025-01-24日买入延迟5天超出可用交易日，跳过该股票
20260428 19:30:18- INFO- SHSE.600996在2025-09-26日买入延迟5天超出可用交易日，跳过该股票
20260428 19:30:18- INFO- SHSE.603030在2025-09-26日买入延迟5天超出可用交易日，跳过该股票
20260428 19:30:18- INFO- SHSE.603686在2025-09-26日买入延迟5天超出可用交易日，跳过该股票
20260428 19:30:18- INFO- SZSE.002040在2025-09-26日买入延迟5天超出可用交易日，跳过该股票
20260428 19:30:18- INFO- SZSE.002402在2025-09-26日买入延迟5天超出可用交易日，跳过该股票
20260428 19:30:22- INFO- SZSE.000892在2026-02-13日买入延迟5天超出可用交易日，跳过该股票
20260428 19:30:22- INFO- SZSE.003018在2026-02-13日买入延迟5天超出可用交易日，跳过该股票
20260428 19:30:23- INFO- SHSE.600103在2026-04-23日买入延迟5天超出可用交易日，跳过该股票
20260428 19:30:23- INFO- SHSE.603017在2026-04-23日买入延迟5天超出可用交易日，跳过该股票
20260428 19:30:23- INFO- SHSE.600979在2026-04-24日买入延迟5天超出可用交易日，跳过该股票
20260428 19:30:23- INFO- SHSE.603115在2026-04-24日买入延迟5天超出可用交易日，跳过该股票
20260428 19:30:23- INFO- SZSE.002201在2026-04-24日买入延迟5天超出可用交易日，跳过该股票
20260428 19:30:23- INFO- SHSE.600052在2026-04-27日买入延迟5天超出可用交易日，跳过该股票
20260428 19:30:23- INFO- SZSE.002297在2026-04-24日买入延迟5天超出可用交易日，跳过该股票
20260428 19:30:23- INFO- SHSE.600184在2026-04-27日买入延迟5天超出可用交易日，跳过该股票
20260428 19:30:23- INFO- SHSE.600736在2026-04-27日买入延迟5天超出可用交易日，跳过该股票
20260428 19:30:23- INFO- SZSE.002201在2026-04-27日买入延迟5天超出可用交易日，跳过该股票
20260428 19:30:23- INFO- SZSE.002429在2026-04-27日买入延迟5天超出可用交易日，跳过该股票
20260428 19:30:23- INFO- SHSE.600770在2026-04-28日买入延迟5天超出可用交易日，跳过该股票
20260428 19:30:23- INFO- SHSE.603060在2026-04-28日买入延迟5天超出可用交易日，跳过该股票
20260428 19:30:23- INFO- SHSE.603618在2026-04-28日买入延迟5天超出可用交易日，跳过该股票
20260428 19:30:23- INFO- SHSE.600156在2026-04-22日买入延迟5天超出可用交易日，跳过该股票
20260428 19:30:23- INFO- SHSE.605222在2026-04-22日买入延迟5天超出可用交易日，跳过该股票
20260428 19:30:23- INFO- SZSE.002418在2026-04-22日买入延迟5天超出可用交易日，跳过该股票
20260428 19:30:23- INFO- 所有回测任务完成，共处理1100个日期的结果
20260428 19:30:23- INFO-   交易数量: 3684, 胜率: 60.91%, 平均收益: 1.72%, 盈亏比: 1.00
20260428 19:30:23- INFO- 运行参数组合: buy_delay=5, extend=2
20260428 19:30:24- INFO- 使用40个进程并行处理，共1109个日期任务
20260428 19:31:13- INFO- SHSE.600979在2026-04-24日买入延迟5天超出可用交易日，跳过该股票
20260428 19:31:13- INFO- SHSE.603115在2026-04-24日买入延迟5天超出可用交易日，跳过该股票
20260428 19:31:13- INFO- SHSE.600052在2026-04-27日买入延迟5天超出可用交易日，跳过该股票
20260428 19:31:13- INFO- SZSE.002201在2026-04-24日买入延迟5天超出可用交易日，跳过该股票
20260428 19:31:13- INFO- SHSE.600184在2026-04-27日买入延迟5天超出可用交易日，跳过该股票
20260428 19:31:13- INFO- SZSE.002297在2026-04-24日买入延迟5天超出可用交易日，跳过该股票
20260428 19:31:13- INFO- SHSE.600736在2026-04-27日买入延迟5天超出可用交易日，跳过该股票
20260428 19:31:13- INFO- SZSE.002201在2026-04-27日买入延迟5天超出可用交易日，跳过该股票
20260428 19:31:13- INFO- SZSE.002429在2026-04-27日买入延迟5天超出可用交易日，跳过该股票
20260428 19:31:13- INFO- SHSE.600770在2026-04-28日买入延迟5天超出可用交易日，跳过该股票
20260428 19:31:13- INFO- SHSE.603060在2026-04-28日买入延迟5天超出可用交易日，跳过该股票
20260428 19:31:13- INFO- SHSE.603618在2026-04-28日买入延迟5天超出可用交易日，跳过该股票
20260428 19:31:13- INFO- SHSE.600103在2026-04-23日买入延迟5天超出可用交易日，跳过该股票
20260428 19:31:13- INFO- SHSE.600156在2026-04-22日买入延迟5天超出可用交易日，跳过该股票
20260428 19:31:13- INFO- SHSE.603017在2026-04-23日买入延迟5天超出可用交易日，跳过该股票
20260428 19:31:13- INFO- SHSE.605222在2026-04-22日买入延迟5天超出可用交易日，跳过该股票
20260428 19:31:13- INFO- SZSE.002418在2026-04-22日买入延迟5天超出可用交易日，跳过该股票
20260428 19:31:13- INFO- 所有回测任务完成，共处理1104个日期的结果
20260428 19:31:13- INFO-   交易数量: 3694, 胜率: 59.91%, 平均收益: 1.26%, 盈亏比: 0.94
20260428 19:31:14- INFO- 结果已保存到 延迟参数研究结果.csv
20260428 21:09:30- INFO- 信号参数: {'low': -5, 'high': -2.5, 'mv_min': 35, 'mv_max': 1000, 'prev_limit_status': ['断板', '炸板'], 'avg_limit_turnover_5_min': -1}
20260428 21:09:30- INFO- 信号数量: 1161
20260428 21:09:30- INFO- 运行参数组合: buy_delay=0, extend=0
20260428 21:09:30- INFO- 使用40个进程并行处理，共298个日期任务
20260428 21:09:42- INFO- 所有回测任务完成，共处理298个日期的结果
20260428 21:09:42- INFO-   交易数量: 1161, 胜率: 47.37%, 平均收益: 1.00%, 盈亏比: 1.47
20260428 21:09:42- INFO- 运行参数组合: buy_delay=0, extend=1
20260428 21:09:42- INFO- 使用40个进程并行处理，共298个日期任务
20260428 21:09:54- INFO- 所有回测任务完成，共处理298个日期的结果
20260428 21:09:54- INFO-   交易数量: 1161, 胜率: 47.29%, 平均收益: 0.98%, 盈亏比: 1.46
20260428 21:09:54- INFO- 运行参数组合: buy_delay=0, extend=2
20260428 21:09:54- INFO- 使用40个进程并行处理，共298个日期任务
20260428 21:10:07- INFO- 所有回测任务完成，共处理298个日期的结果
20260428 21:10:07- INFO-   交易数量: 1161, 胜率: 45.48%, 平均收益: 0.83%, 盈亏比: 1.49
20260428 21:10:07- INFO- 运行参数组合: buy_delay=1, extend=0
20260428 21:10:07- INFO- 使用40个进程并行处理，共298个日期任务
20260428 21:10:19- INFO- SHSE.600770在2026-04-28日买入延迟1天超出可用交易日，跳过该股票
20260428 21:10:19- INFO- SHSE.603060在2026-04-28日买入延迟1天超出可用交易日，跳过该股票
20260428 21:10:19- INFO- SHSE.603618在2026-04-28日买入延迟1天超出可用交易日，跳过该股票
20260428 21:10:19- INFO- 所有回测任务完成，共处理297个日期的结果
20260428 21:10:19- INFO-   交易数量: 1158, 胜率: 40.76%, 平均收益: 0.08%, 盈亏比: 1.51
20260428 21:10:19- INFO- 运行参数组合: buy_delay=1, extend=1
20260428 21:10:19- INFO- 使用40个进程并行处理，共298个日期任务
20260428 21:10:32- INFO- SHSE.600770在2026-04-28日买入延迟1天超出可用交易日，跳过该股票
20260428 21:10:32- INFO- SHSE.603060在2026-04-28日买入延迟1天超出可用交易日，跳过该股票
20260428 21:10:32- INFO- SHSE.603618在2026-04-28日买入延迟1天超出可用交易日，跳过该股票
20260428 21:10:32- INFO- 所有回测任务完成，共处理297个日期的结果
20260428 21:10:32- INFO-   交易数量: 1158, 胜率: 42.06%, 平均收益: 0.05%, 盈亏比: 1.41
20260428 21:10:32- INFO- 运行参数组合: buy_delay=1, extend=2
20260428 21:10:32- INFO- 使用40个进程并行处理，共298个日期任务
20260428 21:10:44- INFO- SHSE.600770在2026-04-28日买入延迟1天超出可用交易日，跳过该股票
20260428 21:10:44- INFO- SHSE.603060在2026-04-28日买入延迟1天超出可用交易日，跳过该股票
20260428 21:10:44- INFO- SHSE.603618在2026-04-28日买入延迟1天超出可用交易日，跳过该股票
20260428 21:10:44- INFO- 所有回测任务完成，共处理297个日期的结果
20260428 21:10:44- INFO-   交易数量: 1158, 胜率: 40.33%, 平均收益: -0.10%, 盈亏比: 1.43
20260428 21:10:44- INFO- 运行参数组合: buy_delay=2, extend=0
20260428 21:10:44- INFO- 使用40个进程并行处理，共298个日期任务
20260428 21:10:57- INFO- SHSE.600770在2026-04-28日买入延迟2天超出可用交易日，跳过该股票
20260428 21:10:57- INFO- SHSE.603060在2026-04-28日买入延迟2天超出可用交易日，跳过该股票
20260428 21:10:57- INFO- SHSE.603618在2026-04-28日买入延迟2天超出可用交易日，跳过该股票
20260428 21:10:57- INFO- SHSE.600052在2026-04-27日买入延迟2天超出可用交易日，跳过该股票
20260428 21:10:57- INFO- SHSE.600184在2026-04-27日买入延迟2天超出可用交易日，跳过该股票
20260428 21:10:57- INFO- SHSE.600736在2026-04-27日买入延迟2天超出可用交易日，跳过该股票
20260428 21:10:57- INFO- SZSE.002201在2026-04-27日买入延迟2天超出可用交易日，跳过该股票
20260428 21:10:57- INFO- SZSE.002429在2026-04-27日买入延迟2天超出可用交易日，跳过该股票
20260428 21:10:57- INFO- 所有回测任务完成，共处理296个日期的结果
20260428 21:10:57- INFO-   交易数量: 1153, 胜率: 52.30%, 平均收益: 0.38%, 盈亏比: 1.17
20260428 21:10:57- INFO- 运行参数组合: buy_delay=2, extend=1
20260428 21:10:57- INFO- 使用40个进程并行处理，共298个日期任务
20260428 21:11:10- INFO- SHSE.600770在2026-04-28日买入延迟2天超出可用交易日，跳过该股票
20260428 21:11:10- INFO- SHSE.603060在2026-04-28日买入延迟2天超出可用交易日，跳过该股票
20260428 21:11:10- INFO- SHSE.603618在2026-04-28日买入延迟2天超出可用交易日，跳过该股票
20260428 21:11:10- INFO- SHSE.600052在2026-04-27日买入延迟2天超出可用交易日，跳过该股票
20260428 21:11:10- INFO- SHSE.600184在2026-04-27日买入延迟2天超出可用交易日，跳过该股票
20260428 21:11:10- INFO- SHSE.600736在2026-04-27日买入延迟2天超出可用交易日，跳过该股票
20260428 21:11:10- INFO- SZSE.002201在2026-04-27日买入延迟2天超出可用交易日，跳过该股票
20260428 21:11:10- INFO- SZSE.002429在2026-04-27日买入延迟2天超出可用交易日，跳过该股票
20260428 21:11:10- INFO- 所有回测任务完成，共处理296个日期的结果
20260428 21:11:10- INFO-   交易数量: 1153, 胜率: 50.74%, 平均收益: -0.11%, 盈亏比: 0.91
20260428 21:11:10- INFO- 运行参数组合: buy_delay=2, extend=2
20260428 21:11:11- INFO- 使用40个进程并行处理，共298个日期任务
20260428 21:11:23- INFO- SHSE.600770在2026-04-28日买入延迟2天超出可用交易日，跳过该股票
20260428 21:11:23- INFO- SHSE.603060在2026-04-28日买入延迟2天超出可用交易日，跳过该股票
20260428 21:11:23- INFO- SHSE.603618在2026-04-28日买入延迟2天超出可用交易日，跳过该股票
20260428 21:11:23- INFO- SHSE.600052在2026-04-27日买入延迟2天超出可用交易日，跳过该股票
20260428 21:11:23- INFO- SHSE.600184在2026-04-27日买入延迟2天超出可用交易日，跳过该股票
20260428 21:11:23- INFO- SHSE.600736在2026-04-27日买入延迟2天超出可用交易日，跳过该股票
20260428 21:11:23- INFO- SZSE.002201在2026-04-27日买入延迟2天超出可用交易日，跳过该股票
20260428 21:11:23- INFO- SZSE.002429在2026-04-27日买入延迟2天超出可用交易日，跳过该股票
20260428 21:11:24- INFO- 所有回测任务完成，共处理296个日期的结果
20260428 21:11:24- INFO-   交易数量: 1153, 胜率: 47.01%, 平均收益: -0.42%, 盈亏比: 0.83
20260428 21:11:24- INFO- 运行参数组合: buy_delay=3, extend=0
20260428 21:11:24- INFO- 使用40个进程并行处理，共298个日期任务
20260428 21:11:36- INFO- SHSE.600979在2026-04-24日买入延迟3天超出可用交易日，跳过该股票
20260428 21:11:36- INFO- SHSE.603115在2026-04-24日买入延迟3天超出可用交易日，跳过该股票
20260428 21:11:36- INFO- SZSE.002201在2026-04-24日买入延迟3天超出可用交易日，跳过该股票
20260428 21:11:36- INFO- SZSE.002297在2026-04-24日买入延迟3天超出可用交易日，跳过该股票
20260428 21:11:37- INFO- SHSE.600052在2026-04-27日买入延迟3天超出可用交易日，跳过该股票
20260428 21:11:37- INFO- SHSE.600184在2026-04-27日买入延迟3天超出可用交易日，跳过该股票
20260428 21:11:37- INFO- SHSE.600736在2026-04-27日买入延迟3天超出可用交易日，跳过该股票
20260428 21:11:37- INFO- SZSE.002201在2026-04-27日买入延迟3天超出可用交易日，跳过该股票
20260428 21:11:37- INFO- SZSE.002429在2026-04-27日买入延迟3天超出可用交易日，跳过该股票
20260428 21:11:37- INFO- SHSE.600770在2026-04-28日买入延迟3天超出可用交易日，跳过该股票
20260428 21:11:37- INFO- SHSE.603060在2026-04-28日买入延迟3天超出可用交易日，跳过该股票
20260428 21:11:37- INFO- SHSE.603618在2026-04-28日买入延迟3天超出可用交易日，跳过该股票
20260428 21:11:37- INFO- 所有回测任务完成，共处理295个日期的结果
20260428 21:11:37- INFO-   交易数量: 1149, 胜率: 58.83%, 平均收益: 0.99%, 盈亏比: 1.03
20260428 21:11:37- INFO- 运行参数组合: buy_delay=3, extend=1
20260428 21:11:37- INFO- 使用40个进程并行处理，共298个日期任务
20260428 21:11:49- INFO- SHSE.600770在2026-04-28日买入延迟3天超出可用交易日，跳过该股票
20260428 21:11:49- INFO- SHSE.603060在2026-04-28日买入延迟3天超出可用交易日，跳过该股票
20260428 21:11:49- INFO- SHSE.603618在2026-04-28日买入延迟3天超出可用交易日，跳过该股票
20260428 21:11:49- INFO- SHSE.600052在2026-04-27日买入延迟3天超出可用交易日，跳过该股票
20260428 21:11:49- INFO- SHSE.600184在2026-04-27日买入延迟3天超出可用交易日，跳过该股票
20260428 21:11:49- INFO- SHSE.600736在2026-04-27日买入延迟3天超出可用交易日，跳过该股票
20260428 21:11:49- INFO- SZSE.002201在2026-04-27日买入延迟3天超出可用交易日，跳过该股票
20260428 21:11:49- INFO- SZSE.002429在2026-04-27日买入延迟3天超出可用交易日，跳过该股票
20260428 21:11:49- INFO- SHSE.600979在2026-04-24日买入延迟3天超出可用交易日，跳过该股票
20260428 21:11:49- INFO- SHSE.603115在2026-04-24日买入延迟3天超出可用交易日，跳过该股票
20260428 21:11:49- INFO- SZSE.002201在2026-04-24日买入延迟3天超出可用交易日，跳过该股票
20260428 21:11:49- INFO- SZSE.002297在2026-04-24日买入延迟3天超出可用交易日，跳过该股票
20260428 21:11:50- INFO- 所有回测任务完成，共处理295个日期的结果
20260428 21:11:50- INFO-   交易数量: 1149, 胜率: 57.96%, 平均收益: 0.39%, 盈亏比: 0.83
20260428 21:11:50- INFO- 运行参数组合: buy_delay=3, extend=2
20260428 21:11:50- INFO- 使用40个进程并行处理，共298个日期任务
20260428 21:12:03- INFO- SHSE.600052在2026-04-27日买入延迟3天超出可用交易日，跳过该股票
20260428 21:12:03- INFO- SHSE.600184在2026-04-27日买入延迟3天超出可用交易日，跳过该股票
20260428 21:12:03- INFO- SHSE.600770在2026-04-28日买入延迟3天超出可用交易日，跳过该股票
20260428 21:12:03- INFO- SHSE.600736在2026-04-27日买入延迟3天超出可用交易日，跳过该股票
20260428 21:12:03- INFO- SHSE.603060在2026-04-28日买入延迟3天超出可用交易日，跳过该股票
20260428 21:12:03- INFO- SZSE.002201在2026-04-27日买入延迟3天超出可用交易日，跳过该股票
20260428 21:12:03- INFO- SHSE.603618在2026-04-28日买入延迟3天超出可用交易日，跳过该股票
20260428 21:12:03- INFO- SZSE.002429在2026-04-27日买入延迟3天超出可用交易日，跳过该股票
20260428 21:12:03- INFO- SHSE.600979在2026-04-24日买入延迟3天超出可用交易日，跳过该股票
20260428 21:12:03- INFO- SHSE.603115在2026-04-24日买入延迟3天超出可用交易日，跳过该股票
20260428 21:12:03- INFO- SZSE.002201在2026-04-24日买入延迟3天超出可用交易日，跳过该股票
20260428 21:12:03- INFO- SZSE.002297在2026-04-24日买入延迟3天超出可用交易日，跳过该股票
20260428 21:12:03- INFO- 所有回测任务完成，共处理295个日期的结果
20260428 21:12:03- INFO-   交易数量: 1149, 胜率: 55.27%, 平均收益: -0.05%, 盈亏比: 0.80
20260428 21:12:03- INFO- 运行参数组合: buy_delay=4, extend=0
20260428 21:12:03- INFO- 使用40个进程并行处理，共298个日期任务
20260428 21:12:15- INFO- SHSE.600103在2026-04-23日买入延迟4天超出可用交易日，跳过该股票
20260428 21:12:15- INFO- SHSE.603017在2026-04-23日买入延迟4天超出可用交易日，跳过该股票
20260428 21:12:15- INFO- SHSE.600052在2026-04-27日买入延迟4天超出可用交易日，跳过该股票
20260428 21:12:15- INFO- SHSE.600184在2026-04-27日买入延迟4天超出可用交易日，跳过该股票
20260428 21:12:15- INFO- SHSE.600770在2026-04-28日买入延迟4天超出可用交易日，跳过该股票
20260428 21:12:15- INFO- SHSE.600736在2026-04-27日买入延迟4天超出可用交易日，跳过该股票
20260428 21:12:15- INFO- SHSE.603060在2026-04-28日买入延迟4天超出可用交易日，跳过该股票
20260428 21:12:15- INFO- SZSE.002201在2026-04-27日买入延迟4天超出可用交易日，跳过该股票
20260428 21:12:15- INFO- SHSE.603618在2026-04-28日买入延迟4天超出可用交易日，跳过该股票
20260428 21:12:15- INFO- SZSE.002429在2026-04-27日买入延迟4天超出可用交易日，跳过该股票
20260428 21:12:15- INFO- SHSE.600979在2026-04-24日买入延迟4天超出可用交易日，跳过该股票
20260428 21:12:15- INFO- SHSE.603115在2026-04-24日买入延迟4天超出可用交易日，跳过该股票
20260428 21:12:15- INFO- SZSE.002201在2026-04-24日买入延迟4天超出可用交易日，跳过该股票
20260428 21:12:15- INFO- SZSE.002297在2026-04-24日买入延迟4天超出可用交易日，跳过该股票
20260428 21:12:15- INFO- 所有回测任务完成，共处理294个日期的结果
20260428 21:12:16- INFO-   交易数量: 1147, 胜率: 58.67%, 平均收益: 1.34%, 盈亏比: 1.06
20260428 21:12:16- INFO- 运行参数组合: buy_delay=4, extend=1
20260428 21:12:16- INFO- 使用40个进程并行处理，共298个日期任务
20260428 21:12:29- INFO- SHSE.600979在2026-04-24日买入延迟4天超出可用交易日，跳过该股票
20260428 21:12:29- INFO- SHSE.603115在2026-04-24日买入延迟4天超出可用交易日，跳过该股票
20260428 21:12:29- INFO- SZSE.002201在2026-04-24日买入延迟4天超出可用交易日，跳过该股票
20260428 21:12:29- INFO- SZSE.002297在2026-04-24日买入延迟4天超出可用交易日，跳过该股票
20260428 21:12:29- INFO- SHSE.600103在2026-04-23日买入延迟4天超出可用交易日，跳过该股票
20260428 21:12:29- INFO- SHSE.603017在2026-04-23日买入延迟4天超出可用交易日，跳过该股票
20260428 21:12:29- INFO- SHSE.600770在2026-04-28日买入延迟4天超出可用交易日，跳过该股票
20260428 21:12:29- INFO- SHSE.603060在2026-04-28日买入延迟4天超出可用交易日，跳过该股票
20260428 21:12:29- INFO- SHSE.600052在2026-04-27日买入延迟4天超出可用交易日，跳过该股票
20260428 21:12:29- INFO- SHSE.603618在2026-04-28日买入延迟4天超出可用交易日，跳过该股票
20260428 21:12:29- INFO- SHSE.600184在2026-04-27日买入延迟4天超出可用交易日，跳过该股票
20260428 21:12:29- INFO- SHSE.600736在2026-04-27日买入延迟4天超出可用交易日，跳过该股票
20260428 21:12:29- INFO- SZSE.002201在2026-04-27日买入延迟4天超出可用交易日，跳过该股票
20260428 21:12:29- INFO- SZSE.002429在2026-04-27日买入延迟4天超出可用交易日，跳过该股票
20260428 21:12:29- INFO- 所有回测任务完成，共处理294个日期的结果
20260428 21:12:29- INFO-   交易数量: 1147, 胜率: 57.72%, 平均收益: 0.80%, 盈亏比: 0.92
20260428 21:12:29- INFO- 运行参数组合: buy_delay=4, extend=2
20260428 21:12:29- INFO- 使用40个进程并行处理，共298个日期任务
20260428 21:12:41- INFO- SHSE.600052在2026-04-27日买入延迟4天超出可用交易日，跳过该股票
20260428 21:12:41- INFO- SHSE.600184在2026-04-27日买入延迟4天超出可用交易日，跳过该股票
20260428 21:12:41- INFO- SHSE.600736在2026-04-27日买入延迟4天超出可用交易日，跳过该股票
20260428 21:12:41- INFO- SZSE.002201在2026-04-27日买入延迟4天超出可用交易日，跳过该股票
20260428 21:12:41- INFO- SZSE.002429在2026-04-27日买入延迟4天超出可用交易日，跳过该股票
20260428 21:12:42- INFO- SHSE.600103在2026-04-23日买入延迟4天超出可用交易日，跳过该股票
20260428 21:12:42- INFO- SHSE.603017在2026-04-23日买入延迟4天超出可用交易日，跳过该股票
20260428 21:12:42- INFO- SHSE.600770在2026-04-28日买入延迟4天超出可用交易日，跳过该股票
20260428 21:12:42- INFO- SHSE.603060在2026-04-28日买入延迟4天超出可用交易日，跳过该股票
20260428 21:12:42- INFO- SHSE.603618在2026-04-28日买入延迟4天超出可用交易日，跳过该股票
20260428 21:12:42- INFO- SHSE.600979在2026-04-24日买入延迟4天超出可用交易日，跳过该股票
20260428 21:12:42- INFO- SHSE.603115在2026-04-24日买入延迟4天超出可用交易日，跳过该股票
20260428 21:12:42- INFO- SZSE.002201在2026-04-24日买入延迟4天超出可用交易日，跳过该股票
20260428 21:12:42- INFO- SZSE.002297在2026-04-24日买入延迟4天超出可用交易日，跳过该股票
20260428 21:12:42- INFO- 所有回测任务完成，共处理294个日期的结果
20260428 21:12:42- INFO-   交易数量: 1147, 胜率: 56.06%, 平均收益: 0.34%, 盈亏比: 0.87
20260428 21:12:42- INFO- 运行参数组合: buy_delay=5, extend=0
20260428 21:12:42- INFO- 使用40个进程并行处理，共298个日期任务
20260428 21:12:44- INFO- SZSE.000880在2025-01-24日买入延迟5天超出可用交易日，跳过该股票
20260428 21:12:51- INFO- SHSE.600996在2025-09-26日买入延迟5天超出可用交易日，跳过该股票
20260428 21:12:51- INFO- SHSE.603030在2025-09-26日买入延迟5天超出可用交易日，跳过该股票
20260428 21:12:51- INFO- SHSE.603686在2025-09-26日买入延迟5天超出可用交易日，跳过该股票
20260428 21:12:51- INFO- SZSE.002040在2025-09-26日买入延迟5天超出可用交易日，跳过该股票
20260428 21:12:51- INFO- SZSE.002402在2025-09-26日买入延迟5天超出可用交易日，跳过该股票
20260428 21:12:54- INFO- SZSE.000892在2026-02-13日买入延迟5天超出可用交易日，跳过该股票
20260428 21:12:55- INFO- SZSE.003018在2026-02-13日买入延迟5天超出可用交易日，跳过该股票
20260428 21:12:55- INFO- SHSE.600156在2026-04-22日买入延迟5天超出可用交易日，跳过该股票
20260428 21:12:55- INFO- SHSE.600103在2026-04-23日买入延迟5天超出可用交易日，跳过该股票
20260428 21:12:55- INFO- SHSE.605222在2026-04-22日买入延迟5天超出可用交易日，跳过该股票
20260428 21:12:55- INFO- SZSE.002418在2026-04-22日买入延迟5天超出可用交易日，跳过该股票
20260428 21:12:55- INFO- SHSE.603017在2026-04-23日买入延迟5天超出可用交易日，跳过该股票
20260428 21:12:55- INFO- SHSE.600770在2026-04-28日买入延迟5天超出可用交易日，跳过该股票
20260428 21:12:55- INFO- SHSE.603060在2026-04-28日买入延迟5天超出可用交易日，跳过该股票
20260428 21:12:55- INFO- SHSE.603618在2026-04-28日买入延迟5天超出可用交易日，跳过该股票
20260428 21:12:55- INFO- SHSE.600979在2026-04-24日买入延迟5天超出可用交易日，跳过该股票
20260428 21:12:55- INFO- SHSE.603115在2026-04-24日买入延迟5天超出可用交易日，跳过该股票
20260428 21:12:55- INFO- SZSE.002201在2026-04-24日买入延迟5天超出可用交易日，跳过该股票
20260428 21:12:55- INFO- SZSE.002297在2026-04-24日买入延迟5天超出可用交易日，跳过该股票
20260428 21:12:55- INFO- SHSE.600052在2026-04-27日买入延迟5天超出可用交易日，跳过该股票
20260428 21:12:55- INFO- SHSE.600184在2026-04-27日买入延迟5天超出可用交易日，跳过该股票
20260428 21:12:55- INFO- SHSE.600736在2026-04-27日买入延迟5天超出可用交易日，跳过该股票
20260428 21:12:55- INFO- SZSE.002201在2026-04-27日买入延迟5天超出可用交易日，跳过该股票
20260428 21:12:55- INFO- SZSE.002429在2026-04-27日买入延迟5天超出可用交易日，跳过该股票
20260428 21:12:55- INFO- 所有回测任务完成，共处理290个日期的结果
20260428 21:12:55- INFO-   交易数量: 1136, 胜率: 59.95%, 平均收益: 1.73%, 盈亏比: 1.05
20260428 21:12:55- INFO- 运行参数组合: buy_delay=5, extend=1
20260428 21:12:55- INFO- 使用40个进程并行处理，共298个日期任务
20260428 21:12:57- INFO- SZSE.000880在2025-01-24日买入延迟5天超出可用交易日，跳过该股票
20260428 21:13:04- INFO- SHSE.600996在2025-09-26日买入延迟5天超出可用交易日，跳过该股票
20260428 21:13:04- INFO- SHSE.603030在2025-09-26日买入延迟5天超出可用交易日，跳过该股票
20260428 21:13:04- INFO- SHSE.603686在2025-09-26日买入延迟5天超出可用交易日，跳过该股票
20260428 21:13:04- INFO- SZSE.002040在2025-09-26日买入延迟5天超出可用交易日，跳过该股票
20260428 21:13:04- INFO- SZSE.002402在2025-09-26日买入延迟5天超出可用交易日，跳过该股票
20260428 21:13:06- INFO- SZSE.000892在2026-02-13日买入延迟5天超出可用交易日，跳过该股票
20260428 21:13:06- INFO- SZSE.003018在2026-02-13日买入延迟5天超出可用交易日，跳过该股票
20260428 21:13:08- INFO- SHSE.600103在2026-04-23日买入延迟5天超出可用交易日，跳过该股票
20260428 21:13:08- INFO- SHSE.603017在2026-04-23日买入延迟5天超出可用交易日，跳过该股票
20260428 21:13:08- INFO- SHSE.600156在2026-04-22日买入延迟5天超出可用交易日，跳过该股票
20260428 21:13:08- INFO- SHSE.605222在2026-04-22日买入延迟5天超出可用交易日，跳过该股票
20260428 21:13:08- INFO- SZSE.002418在2026-04-22日买入延迟5天超出可用交易日，跳过该股票
20260428 21:13:08- INFO- SHSE.600052在2026-04-27日买入延迟5天超出可用交易日，跳过该股票
20260428 21:13:08- INFO- SHSE.600184在2026-04-27日买入延迟5天超出可用交易日，跳过该股票
20260428 21:13:08- INFO- SHSE.600736在2026-04-27日买入延迟5天超出可用交易日，跳过该股票
20260428 21:13:08- INFO- SZSE.002201在2026-04-27日买入延迟5天超出可用交易日，跳过该股票
20260428 21:13:08- INFO- SZSE.002429在2026-04-27日买入延迟5天超出可用交易日，跳过该股票
20260428 21:13:08- INFO- SHSE.600979在2026-04-24日买入延迟5天超出可用交易日，跳过该股票
20260428 21:13:08- INFO- SHSE.603115在2026-04-24日买入延迟5天超出可用交易日，跳过该股票
20260428 21:13:08- INFO- SZSE.002201在2026-04-24日买入延迟5天超出可用交易日，跳过该股票
20260428 21:13:08- INFO- SZSE.002297在2026-04-24日买入延迟5天超出可用交易日，跳过该股票
20260428 21:13:08- INFO- SHSE.600770在2026-04-28日买入延迟5天超出可用交易日，跳过该股票
20260428 21:13:08- INFO- SHSE.603060在2026-04-28日买入延迟5天超出可用交易日，跳过该股票
20260428 21:13:08- INFO- SHSE.603618在2026-04-28日买入延迟5天超出可用交易日，跳过该股票
20260428 21:13:08- INFO- 所有回测任务完成，共处理290个日期的结果
20260428 21:13:08- INFO-   交易数量: 1136, 胜率: 59.68%, 平均收益: 1.27%, 盈亏比: 0.93
20260428 21:13:08- INFO- 运行参数组合: buy_delay=5, extend=2
20260428 21:13:08- INFO- 使用40个进程并行处理，共298个日期任务
20260428 21:13:21- INFO- SHSE.600156在2026-04-22日买入延迟5天超出可用交易日，跳过该股票
20260428 21:13:21- INFO- SHSE.605222在2026-04-22日买入延迟5天超出可用交易日，跳过该股票
20260428 21:13:21- INFO- SZSE.002418在2026-04-22日买入延迟5天超出可用交易日，跳过该股票
20260428 21:13:21- INFO- SHSE.600979在2026-04-24日买入延迟5天超出可用交易日，跳过该股票
20260428 21:13:21- INFO- SHSE.603115在2026-04-24日买入延迟5天超出可用交易日，跳过该股票
20260428 21:13:21- INFO- SZSE.002201在2026-04-24日买入延迟5天超出可用交易日，跳过该股票
20260428 21:13:21- INFO- SZSE.002297在2026-04-24日买入延迟5天超出可用交易日，跳过该股票
20260428 21:13:22- INFO- SHSE.600052在2026-04-27日买入延迟5天超出可用交易日，跳过该股票
20260428 21:13:22- INFO- SHSE.600184在2026-04-27日买入延迟5天超出可用交易日，跳过该股票
20260428 21:13:22- INFO- SHSE.600736在2026-04-27日买入延迟5天超出可用交易日，跳过该股票
20260428 21:13:22- INFO- SZSE.002201在2026-04-27日买入延迟5天超出可用交易日，跳过该股票
20260428 21:13:22- INFO- SZSE.002429在2026-04-27日买入延迟5天超出可用交易日，跳过该股票
20260428 21:13:22- INFO- SHSE.600103在2026-04-23日买入延迟5天超出可用交易日，跳过该股票
20260428 21:13:22- INFO- SHSE.603017在2026-04-23日买入延迟5天超出可用交易日，跳过该股票
20260428 21:13:22- INFO- SHSE.600770在2026-04-28日买入延迟5天超出可用交易日，跳过该股票
20260428 21:13:22- INFO- SHSE.603060在2026-04-28日买入延迟5天超出可用交易日，跳过该股票
20260428 21:13:22- INFO- SHSE.603618在2026-04-28日买入延迟5天超出可用交易日，跳过该股票
20260428 21:13:22- INFO- 所有回测任务完成，共处理293个日期的结果
20260428 21:13:22- INFO-   交易数量: 1144, 胜率: 58.04%, 平均收益: 0.79%, 盈亏比: 0.89
20260428 21:13:22- INFO- 结果已保存到 延迟参数研究结果.csv
