周五 2026/03/20  9:27:30.65 - 数据更新完成 
周一 2026/03/23  9:27:33.01 - 数据更新完成 
周二 2026/03/24  9:27:24.26 - 数据更新完成 
周三 2026/03/25  9:27:32.89 - 数据更新完成 
周四 2026/03/26  9:27:30.02 - 数据更新完成 
周五 2026/03/27  9:27:22.13 - 数据更新完成 
周一 2026/03/30  9:27:25.65 - 数据更新完成 
周二 2026/03/31  9:27:25.87 - 数据更新完成 
周三 2026/04/01  9:27:32.22 - 数据更新完成 
周五 2026/04/03  9:27:23.62 - 数据更新完成 
周二 2026/04/07  9:27:50.23 - 数据更新完成 
周五 2026/04/10  9:27:24.21 - 数据更新完成 
周一 2026/04/13  9:27:27.70 - 数据更新完成 
周二 2026/04/14  9:27:25.21 - 数据更新完成 
周三 2026/04/15  9:27:26.67 - 数据更新完成 
周五 2026/04/17  9:27:30.88 - 数据更新完成 
周一 2026/04/20  9:27:32.51 - 数据更新完成 
周三 2026/04/22  9:27:27.53 - 数据更新完成 
周四 2026/04/23  9:27:26.43 - 数据更新完成 
周五 2026/04/24  9:27:28.69 - 数据更新完成 
周二 2026/04/28  9:27:04.80 - 数据更新完成 
周三 2026/04/29  9:27:03.57 - 数据更新完成 
周四 2026/04/30  9:36:35.08 - 数据更新完成 
周五 2026/05/01  9:27:26.51 - 数据更新完成 
周一 2026/05/04  9:27:30.35 - 数据更新完成 
周三 2026/05/06  9:27:23.70 - 数据更新完成 
周一 2026/05/11  9:27:58.49 - 数据更新完成 
周三 2026/05/13  9:27:29.62 - 数据更新完成 
周四 2026/05/14 20:57:25.60 - 数据更新完成 
周五 2026/05/15  9:27:24.71 - 数据更新完成 
周一 2026/05/18  9:27:27.71 - 数据更新完成 
周二 2026/05/19  9:27:30.86 - 数据更新完成 
周三 2026/05/20  9:27:23.69 - 数据更新完成 
周四 2026/05/21  9:27:22.25 - 数据更新完成 
周五 2026/05/22  9:27:04.11 - 数据更新完成 
周一 2026/05/25  9:27:23.12 - 数据更新完成 
周二 2026/05/26  9:27:23.51 - 数据更新完成 
周三 2026/05/27  9:27:28.77 - 数据更新完成 
周四 2026/05/28  9:27:26.32 - 数据更新完成 
周五 2026/05/29  9:27:31.80 - 数据更新完成 
周一 2026/06/01  9:27:27.34 - 数据更新完成 
周二 2026/06/02  9:27:25.24 - 数据更新完成 
周三 2026/06/03  9:27:22.99 - 数据更新完成 
周四 2026/06/04  9:27:23.67 - 数据更新完成 
周一 2026/06/08  9:27:22.70 - 数据更新完成 
周三 2026/06/10  9:27:26.40 - 数据更新完成 
周四 2026/06/11  9:27:20.35 - 数据更新完成 
周五 2026/06/12  9:27:20.91 - 数据更新完成 
周一 2026/06/15  9:27:22.07 - 数据更新完成 
周三 2026/06/17  9:27:28.23 - 数据更新完成 
周四 2026/06/18  9:27:29.63 - 数据更新完成 
周五 2026/06/19  9:27:24.12 - 数据更新完成 
周一 2026/07/06  9:27:22.65 - 数据更新完成 
周二 2026/07/07  9:27:25.41 - 数据更新完成 
周三 2026/07/08  9:27:23.88 - 数据更新完成 
周四 2026/07/09  9:27:21.97 - 数据更新完成 
周五 2026/07/10  9:27:22.39 - 数据更新完成 
周一 2026/07/13  9:28:46.90 - 数据更新完成 
周三 2026/07/15  9:27:21.99 - 数据更新完成 
周四 2026/07/16  9:27:19.80 - 数据更新完成 
周五 2026/07/17  9:27:24.49 - 数据更新完成 
周一 2026/07/20  9:27:28.41 - 数据更新完成 
周二 2026/07/21  9:27:23.88 - 数据更新完成 
周三 2026/07/22  9:27:22.12 - 数据更新完成 
周四 2026/07/23 13:22:17.13 - 数据更新完成 
周五 2026/07/24  9:27:20.56 - 数据更新完成 
周一 2026/07/27  9:27:24.74 - 数据更新完成 
