周一 2026/03/30 23:32:16.57 - 数据更新完成 
周二 2026/03/31  9:28:11.75 - 数据更新完成 
周三 2026/04/01  9:28:06.46 - 数据更新完成 
周五 2026/04/03  9:28:03.02 - 数据更新完成 
周二 2026/04/07  9:28:01.25 - 数据更新完成 
周三 2026/04/08  9:28:28.42 - 数据更新完成 
周四 2026/04/09  9:28:27.51 - 数据更新完成 
周五 2026/04/10  9:28:12.82 - 数据更新完成 
周一 2026/04/13  9:27:48.54 - 数据更新完成 
周二 2026/04/14  9:42:17.55 - 数据更新完成 
周三 2026/04/15  9:30:57.67 - 数据更新完成 
周四 2026/04/16  9:28:58.52 - 数据更新完成 
周五 2026/04/17  9:28:15.13 - 数据更新完成 
周一 2026/04/20  9:29:08.74 - 数据更新完成 
周二 2026/04/21  9:28:47.02 - 数据更新完成 
周三 2026/04/22  9:28:22.58 - 数据更新完成 
周四 2026/04/23  9:28:05.07 - 数据更新完成 
周五 2026/04/24  9:29:16.73 - 数据更新完成 
周二 2026/04/28  9:28:36.40 - 数据更新完成 
周三 2026/04/29  9:28:03.76 - 数据更新完成 
周四 2026/04/30  9:28:14.06 - 数据更新完成 
周一 2026/05/04  9:28:01.12 - 数据更新完成 
周三 2026/05/06  9:27:59.34 - 数据更新完成 
周四 2026/05/07  9:28:29.13 - 数据更新完成 
周五 2026/05/08  9:28:59.06 - 买入脚本执行完毕 
周一 2026/05/11  9:30:54.93 - 买入脚本执行完毕 
周二 2026/05/12  9:28:34.73 - 买入脚本执行完毕 
周三 2026/05/13  9:29:21.30 - 买入脚本执行完毕 
周四 2026/05/14  9:29:43.81 - 买入脚本执行完毕 
周五 2026/05/15  9:27:59.87 - 买入脚本执行完毕 
周一 2026/05/18  9:29:01.09 - 买入脚本执行完毕 
周二 2026/05/19  9:29:01.19 - 买入脚本执行完毕 
周四 2026/05/21  9:29:01.13 - 买入脚本执行完毕 
周五 2026/05/22  9:28:15.66 - 买入脚本执行完毕 
周一 2026/05/25  9:28:01.74 - 买入脚本执行完毕 
周二 2026/05/26  9:29:01.09 - 买入脚本执行完毕 
周三 2026/05/27  9:29:01.10 - 买入脚本执行完毕 
周四 2026/05/28  9:27:58.15 - 买入脚本执行完毕 
周五 2026/05/29  9:29:01.12 - 买入脚本执行完毕 
周一 2026/06/01  9:29:01.12 - 买入脚本执行完毕 
周二 2026/06/02  9:29:01.11 - 买入脚本执行完毕 
周三 2026/06/03  9:29:01.11 - 买入脚本执行完毕 
周五 2026/06/05  9:28:28.17 - 买入脚本执行完毕 
周一 2026/06/08  9:28:01.35 - 买入脚本执行完毕 
周二 2026/06/09  9:28:25.24 - 买入脚本执行完毕 
周三 2026/06/10  9:27:59.48 - 买入脚本执行完毕 
周四 2026/06/11  9:28:00.06 - 买入脚本执行完毕 
周五 2026/06/12  9:27:59.74 - 买入脚本执行完毕 
周一 2026/06/15  9:29:01.17 - 买入脚本执行完毕 
周三 2026/06/17  9:29:01.17 - 买入脚本执行完毕 
周四 2026/06/18  9:28:01.91 - 买入脚本执行完毕 
周五 2026/06/19  9:27:59.91 - 买入脚本执行完毕 
