周二 2026/03/31 11:28:28.71 - 数据更新完成 
周二 2026/03/31 19:50:01.03 - 数据更新完成 
周二 2026/03/31 19:50:34.54 - 数据更新完成 
周三 2026/04/01 11:27:56.61 - 数据更新完成 
周三 2026/04/01 13:02:29.31 - 数据更新完成 
周三 2026/04/01 14:56:33.32 - 数据更新完成 
周五 2026/04/03 11:28:00.40 - 数据更新完成 
周一 2026/04/06 11:28:07.46 - 数据更新完成 
周二 2026/04/07 11:27:57.02 - 数据更新完成 
周三 2026/04/08 11:28:02.92 - 数据更新完成 
周四 2026/04/09 11:28:04.12 - 数据更新完成 
周五 2026/04/10 11:28:21.47 - 数据更新完成 
周五 2026/04/10 14:59:44.30 - 数据更新完成 

周一 2026/04/13 11:30:54.50 - 数据更新完成 

周一 2026/04/13 14:56:42.68 - 数据更新完成 
周二 2026/04/14 11:28:02.31 - 数据更新完成 
周三 2026/04/15 11:28:29.31 - 数据更新完成 
周四 2026/04/16 14:56:40.32 - 数据更新完成 
周五 2026/04/17 11:31:08.87 - 数据更新完成 
富联亦是如此 回到80 指日可待
周五 2026/04/17 14:56:38.30 - 数据更新完成 
周一 2026/04/20 11:28:05.94 - 数据更新完成 
周二 2026/04/21 11:28:51.92 - 数据更新完成 
周二 2026/04/21 14:56:41.05 - 数据更新完成 
周三 2026/04/22 11:28:55.52 - 数据更新完成 
周四 2026/04/23 11:28:25.19 - 数据更新完成 
周四 2026/04/23 14:56:36.48 - 数据更新完成 
周五 2026/04/24 11:28:22.51 - 数据更新完成 

周二 2026/04/28 11:28:07.97 - 数据更新完成 
周二 2026/04/28 14:55:37.84 - 数据更新完成 
周三 2026/04/29 11:28:23.41 - 数据更新完成 
周三 2026/04/29 14:55:40.68 - 数据更新完成 
周四 2026/04/30 11:28:20.10 - 数据更新完成 
周四 2026/04/30 14:55:38.82 - 数据更新完成 
周五 2026/05/01 11:28:03.69 - 数据更新完成 
周一 2026/05/04 11:27:59.47 - 数据更新完成 
周二 2026/05/05 11:28:04.63 - 数据更新完成 
周三 2026/05/06 11:28:09.38 - 数据更新完成 
周五 2026/05/08 11:28:06.15 - 卖出脚本执行完毕 
周五 2026/05/08 14:55:40.11 - 卖出脚本执行完毕 
周一 2026/05/11 11:28:38.69 - 卖出脚本执行完毕 
周二 2026/05/12 11:29:23.36 - 卖出脚本执行完毕 
周三 2026/05/13 11:30:24.70 - 卖出脚本执行完毕 
周三 2026/05/13 14:56:10.54 - 卖出脚本执行完毕 
周四 2026/05/14 11:27:07.56 - 卖出脚本执行完毕 
周四 2026/05/14 15:11:13.49 - 卖出脚本执行完毕 
周五 2026/05/15 11:28:20.25 - 卖出脚本执行完毕 
周五 2026/05/15 14:55:46.71 - 卖出脚本执行完毕 
周一 2026/05/18 11:27:26.71 - 卖出脚本执行完毕 
周一 2026/05/18 14:55:44.05 - 卖出脚本执行完毕 
周二 2026/05/19 11:30:28.72 - 卖出脚本执行完毕 
周三 2026/05/20 11:29:21.38 - 卖出脚本执行完毕 
周四 2026/05/21 11:28:04.43 - 卖出脚本执行完毕 
周四 2026/05/21 14:55:41.22 - 卖出脚本执行完毕 
周五 2026/05/22 11:28:20.21 - 卖出脚本执行完毕 
周五 2026/05/22 14:55:44.82 - 卖出脚本执行完毕 
周一 2026/05/25 11:28:19.50 - 卖出脚本执行完毕 
周二 2026/05/26 11:27:53.71 - 卖出脚本执行完毕 
周二 2026/05/26 14:55:38.96 - 卖出脚本执行完毕 
周三 2026/05/27 11:27:20.38 - 卖出脚本执行完毕 
周四 2026/05/28 11:27:26.41 - 卖出脚本执行完毕 
周五 2026/05/29 11:27:55.89 - 卖出脚本执行完毕 
周一 2026/06/01 11:27:05.40 - 卖出脚本执行完毕 
周二 2026/06/02 11:27:42.19 - 卖出脚本执行完毕 
周三 2026/06/03 11:26:59.82 - 卖出脚本执行完毕 
周四 2026/06/04 11:27:04.15 - 卖出脚本执行完毕 
周一 2026/06/08 11:27:09.22 - 卖出脚本执行完毕 
周一 2026/06/08 14:55:39.90 - 卖出脚本执行完毕 
周二 2026/06/09 11:27:26.37 - 卖出脚本执行完毕 
周四 2026/06/11 11:27:15.57 - 卖出脚本执行完毕 
周一 2026/06/15 11:27:10.05 - 卖出脚本执行完毕 
