E:\working\anaconda3\envs\quant\python: can't open file 'C:\Users\20561\Desktop\策略\数据更新.py': [Errno 2] No such file or directory
周二 2026/03/03 17:42:26.44 - 数据更新完成 
周二 2026/03/03 17:43:32.63 - 数据更新完成 
周二 2026/03/03 19:03:26.72 - 数据更新完成 
周三 2026/03/04  8:55:25.07 - 数据更新完成 
周三 2026/03/04 19:15:33.01 - 数据更新完成 

周四 2026/03/05  8:55:35.55 - 数据更新完成 
周四 2026/03/05 19:14:41.91 - 数据更新完成 
周五 2026/03/06  8:55:26.30 - 数据更新完成 
周五 2026/03/06 19:14:45.44 - 数据更新完成 
周一 2026/03/09  8:55:25.19 - 数据更新完成 
周一 2026/03/09 19:14:46.61 - 数据更新完成 
周二 2026/03/10  8:55:28.90 - 数据更新完成 
周二 2026/03/10 19:14:43.18 - 数据更新完成 
周三 2026/03/11  8:55:28.34 - 数据更新完成 
周三 2026/03/11 19:03:32.50 - 数据更新完成 
周四 2026/03/12  8:55:29.82 - 数据更新完成 
周四 2026/03/12 19:14:49.99 - 数据更新完成 
周五 2026/03/13  8:55:29.29 - 数据更新完成 
周五 2026/03/13 19:14:38.36 - 数据更新完成 
周一 2026/03/16  8:55:29.42 - 数据更新完成 
周一 2026/03/16 19:15:14.11 - 数据更新完成 
周三 2026/03/18  8:55:29.24 - 数据更新完成 
周三 2026/03/18 19:14:45.72 - 数据更新完成 
周四 2026/03/19  8:55:30.03 - 数据更新完成 
周五 2026/03/20  8:55:22.78 - 数据更新完成 
周五 2026/03/20 19:15:23.91 - 数据更新完成 
周一 2026/03/23  8:55:28.96 - 数据更新完成 
周一 2026/03/23 19:03:25.91 - 数据更新完成 
周二 2026/03/24  8:55:27.60 - 数据更新完成 
周二 2026/03/24 19:14:47.36 - 数据更新完成 
周三 2026/03/25  8:55:30.64 - 数据更新完成 
周三 2026/03/25 19:03:31.99 - 数据更新完成 
周三 2026/03/25 22:28:27.87 - 数据更新完成 
周五 2026/03/27  8:55:20.54 - 数据更新完成 
周一 2026/03/30  9:02:27.79 - 数据更新完成 
周一 2026/03/30 23:16:46.56 - 数据更新完成 
周二 2026/03/31  8:55:27.42 - 数据更新完成 
周二 2026/03/31 19:14:37.98 - 数据更新完成 
周二 2026/03/31 21:06:10.24 - 数据更新完成 
周三 2026/04/01  8:55:29.12 - 数据更新完成 
sdaaw
周三 2026/04/01 19:14:37.34 - 数据更新完成 
周三 2026/04/01 21:06:10.52 - 数据更新完成 
周四 2026/04/02 21:08:56.61 - 数据更新完成 
周五 2026/04/03  8:55:14.50 - 数据更新完成 
周五 2026/04/03 19:14:47.15 - 数据更新完成 
周五 2026/04/03 21:06:19.47 - 数据更新完成 
周一 2026/04/06 21:06:13.00 - 数据更新完成 
周二 2026/04/07  8:55:30.23 - 数据更新完成 
周二 2026/04/07 19:14:41.73 - 数据更新完成 
周二 2026/04/07 21:06:13.42 - 数据更新完成 
周三 2026/04/08  8:55:28.95 - 数据更新完成 
周三 2026/04/08 19:06:08.53 - 数据更新完成 
周四 2026/04/09  8:58:02.87 - 数据更新完成 
周四 2026/04/09 19:06:08.69 - 数据更新完成 
周五 2026/04/10  8:58:02.87 - 数据更新完成 
周五 2026/04/10 19:06:03.67 - 数据更新完成 
周五 2026/04/10 21:08:54.90 - 数据更新完成 
周一 2026/04/13  8:57:58.06 - 数据更新完成 
周一 2026/04/13 19:06:08.56 - 数据更新完成 
周一 2026/04/13 21:28:35.25 - 数据更新完成 
周一 2026/04/13 21:44:36.39 - 数据更新完成 
周二 2026/04/14  8:55:14.64 - 数据更新完成 
周二 2026/04/14 19:14:42.56 - 数据更新完成 
周二 2026/04/14 21:06:00.95 - 数据更新完成 
周三 2026/04/15  8:55:17.90 - 数据更新完成 
周三 2026/04/15 19:14:43.58 - 数据更新完成 
周三 2026/04/15 21:06:07.05 - 数据更新完成 
周四 2026/04/16  8:55:17.94 - 数据更新完成 
周四 2026/04/16 19:14:47.43 - 数据更新完成 
周四 2026/04/16 21:06:00.80 - 数据更新完成 
周五 2026/04/17  8:55:09.15 - 数据更新完成 
周五 2026/04/17 19:14:39.83 - 数据更新完成 
周五 2026/04/17 21:06:00.85 - 数据更新完成 
周一 2026/04/20  8:55:18.06 - 数据更新完成 
周一 2026/04/20 19:14:43.48 - 数据更新完成 
周一 2026/04/20 21:06:00.99 - 数据更新完成 
周二 2026/04/21  8:55:15.15 - 数据更新完成 
周二 2026/04/21 21:17:27.08 - 数据更新完成 
周三 2026/04/22  8:55:14.87 - 数据更新完成 
周三 2026/04/22 19:14:45.15 - 数据更新完成 
周三 2026/04/22 21:06:01.16 - 数据更新完成 
周四 2026/04/23  8:55:15.16 - 数据更新完成 
周四 2026/04/23 19:14:45.07 - 数据更新完成 
周四 2026/04/23 21:06:02.18 - 数据更新完成 
周五 2026/04/24  8:55:11.99 - 数据更新完成 
周五 2026/04/24 19:14:47.10 - 数据更新完成 
周五 2026/04/24 21:06:01.33 - 数据更新完成 
周一 2026/04/27 21:17:29.28 - 数据更新完成 
周二 2026/04/28  8:55:18.12 - 数据更新完成 
周二 2026/04/28 19:14:38.57 - 数据更新完成 
周二 2026/04/28 21:06:01.71 - 数据更新完成 
周三 2026/04/29 19:14:40.24 - 数据更新完成 
周三 2026/04/29 21:06:01.58 - 数据更新完成 
周四 2026/04/30  8:55:15.93 - 数据更新完成 
周四 2026/04/30 19:14:35.06 - 数据更新完成 
周四 2026/04/30 21:06:01.84 - 数据更新完成 
周五 2026/05/01  8:55:17.04 - 数据更新完成 
周五 2026/05/01 19:11:34.80 - 数据更新完成 
周五 2026/05/01 21:06:06.14 - 数据更新完成 
周一 2026/05/04 19:03:22.20 - 数据更新完成 
周二 2026/05/05 19:03:26.17 - 数据更新完成 
周二 2026/05/05 21:06:03.35 - 数据更新完成 
周三 2026/05/06  8:55:16.45 - 数据更新完成 
周三 2026/05/06 19:28:44.49 - 数据更新完成 
周三 2026/05/06 21:06:01.84 - 数据更新完成 
周四 2026/05/07  8:55:18.85 - 数据更新完成 
周四 2026/05/07 19:24:53.79 - 数据更新完成 
周四 2026/05/07 21:06:01.13 - 数据更新完成 
周五 2026/05/08  8:55:14.34 - 数据更新完成 
周五 2026/05/08 19:24:37.69 - 数据更新完成 
周五 2026/05/08 21:06:00.80 - 数据更新完成 
周一 2026/05/11  8:55:57.60 - 数据更新完成 
周一 2026/05/11 19:25:15.25 - 数据更新完成 

周一 2026/05/11 21:06:00.73 - 数据更新完成 
周二 2026/05/12  8:55:09.24 - 数据更新完成 
周二 2026/05/12 19:14:42.75 - 数据更新完成 
周二 2026/05/12 21:06:03.17 - 数据更新完成 
周三 2026/05/13  8:55:12.30 - 数据更新完成 
周三 2026/05/13 21:17:42.44 - 数据更新完成 
周四 2026/05/14  8:55:14.09 - 数据更新完成 
周四 2026/05/14 21:06:10.21 - 数据更新完成 
周五 2026/05/15  8:55:19.20 - 数据更新完成 
周五 2026/05/15 19:18:46.99 - 数据更新完成 
周五 2026/05/15 21:06:03.39 - 数据更新完成 
周一 2026/05/18  8:55:16.89 - 数据更新完成 
周一 2026/05/18 21:34:41.49 - 数据更新完成 
周二 2026/05/19  8:55:19.17 - 数据更新完成 
周二 2026/05/19 21:16:45.25 - 数据更新完成 
周三 2026/05/20  8:55:12.19 - 数据更新完成 
周三 2026/05/20 21:16:51.67 - 数据更新完成 

周四 2026/05/21  8:55:18.73 - 数据更新完成 
周四 2026/05/21 21:22:44.54 - 数据更新完成 
周五 2026/05/22  8:55:13.02 - 数据更新完成 
周五 2026/05/22 19:14:38.21 - 数据更新完成 
周五 2026/05/22 21:06:10.70 - 数据更新完成 
周一 2026/05/25  8:55:19.28 - 数据更新完成 

周一 2026/05/25 19:14:45.55 - 数据更新完成 
周一 2026/05/25 21:06:00.86 - 数据更新完成 
周二 2026/05/26  8:55:14.68 - 数据更新完成 
周二 2026/05/26 19:14:36.22 - 数据更新完成 
周二 2026/05/26 21:06:06.89 - 数据更新完成 
周三 2026/05/27  8:55:22.67 - 数据更新完成 
周三 2026/05/27 21:17:11.91 - 数据更新完成 
周四 2026/05/28  8:55:16.11 - 数据更新完成 
周四 2026/05/28 19:24:48.89 - 数据更新完成 
周四 2026/05/28 21:06:01.01 - 数据更新完成 
周五 2026/05/29  8:55:16.77 - 数据更新完成 
周五 2026/05/29 19:14:47.25 - 数据更新完成 

周五 2026/05/29 21:06:02.02 - 数据更新完成 
周一 2026/06/01  8:55:21.88 - 数据更新完成 
周一 2026/06/01 19:28:44.52 - 数据更新完成 
周一 2026/06/01 21:06:01.45 - 数据更新完成 
周二 2026/06/02  8:55:14.11 - 数据更新完成 
周二 2026/06/02 19:24:01.95 - 数据更新完成 
周二 2026/06/02 21:06:00.64 - 数据更新完成 
周三 2026/06/03  8:55:19.76 - 数据更新完成 
周三 2026/06/03 19:14:34.82 - 数据更新完成 
周三 2026/06/03 21:06:00.95 - 数据更新完成 
周四 2026/06/04  8:55:18.35 - 数据更新完成 
周四 2026/06/04 21:17:19.35 - 数据更新完成 
周五 2026/06/05  8:55:12.88 - 数据更新完成 
周一 2026/06/08  8:55:19.82 - 数据更新完成 
周一 2026/06/08 19:31:51.14 - 数据更新完成 
周一 2026/06/08 21:06:00.46 - 数据更新完成 
周二 2026/06/09  8:55:15.35 - 数据更新完成 
周二 2026/06/09 19:14:45.71 - 数据更新完成 
周二 2026/06/09 21:06:01.22 - 数据更新完成 
周三 2026/06/10  8:55:20.53 - 数据更新完成 
周四 2026/06/11  8:55:13.09 - 数据更新完成 
周四 2026/06/11 21:23:09.20 - 数据更新完成 
周五 2026/06/12  8:55:16.35 - 数据更新完成 
周五 2026/06/12 19:28:53.04 - 数据更新完成 
周五 2026/06/12 21:06:01.16 - 数据更新完成 
周一 2026/06/15  8:55:18.83 - 数据更新完成 
周一 2026/06/15 19:28:57.67 - 数据更新完成 
周一 2026/06/15 21:06:01.02 - 数据更新完成 
周三 2026/06/17  8:55:13.30 - 数据更新完成 
周四 2026/06/18  8:55:20.49 - 数据更新完成 
周四 2026/06/18 19:32:20.35 - 数据更新完成 
周四 2026/06/18 21:06:01.89 - 数据更新完成 
周五 2026/06/19  8:55:15.14 - 数据更新完成 
周五 2026/06/19 19:03:25.58 - 数据更新完成 
周五 2026/06/19 21:06:02.78 - 数据更新完成 
周一 2026/07/06  8:55:18.73 - 数据更新v2 完成 
周一 2026/07/06  8:55:21.88 - 米筐数据更新 完成 
周二 2026/07/07  9:28:06.11 - 数据更新v2 完成 
周二 2026/07/07  9:28:09.62 - 米筐数据更新 完成 
周二 2026/07/07 19:03:19.42 - 数据更新v2 完成 
周二 2026/07/07 19:03:23.64 - 米筐数据更新 完成 
周二 2026/07/07 21:06:02.12 - 数据更新v2 完成 
周二 2026/07/07 21:06:04.60 - 米筐数据更新 完成 
周二 2026/07/07 21:12:45.69 - 数据更新v2 完成 
周二 2026/07/07 21:12:48.14 - 米筐数据更新 完成 
周二 2026/07/07 23:14:03.31 - 数据更新v2 完成 
周二 2026/07/07 23:14:05.45 - 米筐数据更新 完成 
周二 2026/07/07 23:15:24.03 - 数据更新v2 完成 
周二 2026/07/07 23:15:25.98 - 米筐数据更新 完成 
周三 2026/07/08  8:55:22.03 - 数据更新v2 完成 
周三 2026/07/08  8:55:25.96 - 米筐数据更新 完成 
周三 2026/07/08 19:29:18.29 - 数据更新v2 完成 
周三 2026/07/08 19:29:25.45 - 米筐数据更新 完成 
周三 2026/07/08 21:06:03.22 - 数据更新v2 完成 
周三 2026/07/08 21:06:06.00 - 米筐数据更新 完成 
周四 2026/07/09  8:55:20.04 - 数据更新v2 完成 
周四 2026/07/09  8:55:23.78 - 米筐数据更新 完成 
周四 2026/07/09 21:31:42.12 - 数据更新v2 完成 
周四 2026/07/09 21:31:49.68 - 米筐数据更新 完成 
周五 2026/07/10  8:55:19.44 - 数据更新v2 完成 
周五 2026/07/10  8:55:23.04 - 米筐数据更新 完成 
周五 2026/07/10 19:28:54.76 - 数据更新v2 完成 
周五 2026/07/10 19:29:18.13 - 米筐数据更新 完成 
周五 2026/07/10 21:06:00.99 - 数据更新v2 完成 
周五 2026/07/10 21:06:07.88 - 米筐数据更新 完成 
周一 2026/07/13 19:28:58.14 - 数据更新v2 完成 
周一 2026/07/13 19:29:05.71 - 米筐数据更新 完成 
周一 2026/07/13 21:06:00.57 - 数据更新v2 完成 
周一 2026/07/13 21:06:02.76 - 米筐数据更新 完成 
周二 2026/07/14  8:55:15.58 - 数据更新v2 完成 
周二 2026/07/14  8:55:32.70 - 米筐数据更新 完成 
周二 2026/07/14 19:28:55.03 - 数据更新v2 完成 
周二 2026/07/14 19:29:02.44 - 米筐数据更新 完成 
周二 2026/07/14 21:06:00.28 - 数据更新v2 完成 
周二 2026/07/14 21:06:02.36 - 米筐数据更新 完成 
周三 2026/07/15  8:55:20.25 - 数据更新v2 完成 
周三 2026/07/15  8:55:24.04 - 米筐数据更新 完成 
周一 2026/07/27 21:06:01.33 - 数据更新v2 完成 
周一 2026/07/27 21:06:03.70 - 米筐数据更新 完成 
周二 2026/07/28  8:55:13.21 - 数据更新v2 完成 
周二 2026/07/28  8:55:18.49 - 米筐数据更新 完成 
周二 2026/07/28 19:28:52.60 - 数据更新v2 完成 
周二 2026/07/28 19:29:05.72 - 米筐数据更新 完成 
周二 2026/07/28 21:06:00.79 - 数据更新v2 完成 
周二 2026/07/28 21:06:03.00 - 米筐数据更新 完成 
周三 2026/07/29  8:55:16.00 - 数据更新v2 完成 
周三 2026/07/29  8:55:19.56 - 米筐数据更新 完成 
周三 2026/07/29 19:28:56.78 - 数据更新v2 完成 
周三 2026/07/29 19:29:11.42 - 米筐数据更新 完成 
周三 2026/07/29 21:06:01.95 - 数据更新v2 完成 
周三 2026/07/29 21:06:04.40 - 米筐数据更新 完成 
周四 2026/07/30  8:55:20.13 - 数据更新v2 完成 
周四 2026/07/30  8:55:23.93 - 米筐数据更新 完成 
周四 2026/07/30 21:06:02.30 - 数据更新v2 完成 
周四 2026/07/30 21:08:01.44 - 米筐数据更新 完成 
周五 2026/07/31  8:55:20.45 - 数据更新v2 完成 
周五 2026/07/31  8:55:24.29 - 米筐数据更新 完成 
周五 2026/07/31 19:29:00.95 - 数据更新v2 完成 
周五 2026/07/31 19:29:15.01 - 米筐数据更新 完成 
周五 2026/07/31 21:06:01.91 - 数据更新v2 完成 
周五 2026/07/31 21:06:04.24 - 米筐数据更新 完成 
周一 2026/08/03  8:55:21.44 - 数据更新v2 完成 
周一 2026/08/03  8:55:25.97 - 米筐数据更新 完成 
周一 2026/08/03 19:29:04.41 - 数据更新v2 完成 
周一 2026/08/03 19:29:19.34 - 米筐数据更新 完成 
周一 2026/08/03 21:06:07.92 - 数据更新v2 完成 
周一 2026/08/03 21:06:10.67 - 米筐数据更新 完成 
周二 2026/08/04  8:55:20.11 - 数据更新v2 完成 
周二 2026/08/04  8:55:24.03 - 米筐数据更新 完成 
周二 2026/08/04 10:24:22.51 - 数据更新v2 完成 
周二 2026/08/04 10:24:26.01 - 米筐数据更新 完成 
周二 2026/08/04 19:28:55.29 - 数据更新v2 完成 
周二 2026/08/04 19:29:09.01 - 米筐数据更新 完成 
周二 2026/08/04 21:06:00.66 - 数据更新v2 完成 
周二 2026/08/04 21:06:02.76 - 米筐数据更新 完成 
周三 2026/08/05  8:55:15.56 - 数据更新v2 完成 
周三 2026/08/05  8:55:19.46 - 米筐数据更新 完成 
周三 2026/08/05 21:06:00.89 - 数据更新v2 完成 
周三 2026/08/05 21:06:59.94 - 米筐数据更新 完成 
周四 2026/08/06  8:55:18.26 - 数据更新v2 完成 
周四 2026/08/06  8:55:21.88 - 米筐数据更新 完成 
周四 2026/08/06 19:29:01.92 - 数据更新v2 完成 
周四 2026/08/06 19:29:17.93 - 米筐数据更新 完成 
周四 2026/08/06 21:06:01.43 - 数据更新v2 完成 
周四 2026/08/06 21:06:03.86 - 米筐数据更新 完成 
周五 2026/08/07  8:55:09.84 - 数据更新v2 完成 
周五 2026/08/07  8:55:25.80 - 米筐数据更新 完成 
周五 2026/08/07 21:31:45.92 - 数据更新v2 完成 
周一 2026/08/10  8:55:16.13 - 数据更新v2 完成 
周一 2026/08/10  8:55:29.68 - 米筐数据更新 完成 
周一 2026/08/10 19:29:00.22 - 数据更新v2 完成 
周一 2026/08/10 19:29:56.21 - 米筐数据更新 完成 
周一 2026/08/10 21:06:08.12 - 数据更新v2 完成 
周一 2026/08/10 21:06:11.22 - 米筐数据更新 完成 
周二 2026/08/11  8:55:15.05 - 数据更新v2 完成 
周二 2026/08/11  8:55:18.86 - 米筐数据更新 完成 
周二 2026/08/11 21:06:09.96 - 数据更新v2 完成 
周二 2026/08/11 21:06:27.35 - 米筐数据更新 完成 
周三 2026/08/12  8:55:23.76 - 数据更新v2 完成 
周三 2026/08/12  8:55:48.57 - 米筐数据更新 完成 
周三 2026/08/12 19:29:39.76 - 数据更新v2 完成 
周三 2026/08/12 19:31:19.00 - 米筐数据更新 完成 
周三 2026/08/12 19:31:37.76 - 米筐数据更新 完成 
周三 2026/08/12 21:06:10.52 - 数据更新v2 完成 
周三 2026/08/12 21:06:13.88 - 米筐数据更新 完成 
周三 2026/08/12 21:06:16.65 - 米筐数据更新 完成 
周四 2026/08/13  8:55:17.60 - 数据更新v2 完成 
周四 2026/08/13  8:55:23.57 - 米筐数据更新 完成 
周四 2026/08/13  8:55:42.43 - 米筐数据更新 完成 
周四 2026/08/13 19:28:54.47 - 数据更新v2 完成 
周四 2026/08/13 19:29:18.07 - 米筐数据更新 完成 
周四 2026/08/13 19:29:34.08 - 米筐数据更新 完成 
周四 2026/08/13 21:06:01.50 - 数据更新v2 完成 
周四 2026/08/13 21:06:11.98 - 米筐数据更新 完成 
周四 2026/08/13 21:06:14.53 - 米筐数据更新 完成 
周五 2026/08/14  8:55:16.50 - 数据更新v2 完成 
周五 2026/08/14  8:55:40.10 - 米筐数据更新 完成 
周五 2026/08/14  8:56:02.41 - 米筐数据更新 完成 
周五 2026/08/14 19:29:00.91 - 数据更新v2 完成 
周五 2026/08/14 19:29:12.30 - 米筐数据更新 完成 
周五 2026/08/14 19:29:29.19 - 米筐数据更新 完成 
周五 2026/08/14 21:06:00.79 - 数据更新v2 完成 
周五 2026/08/14 21:06:03.44 - 米筐数据更新 完成 
周五 2026/08/14 21:06:05.99 - 米筐数据更新 完成 
周一 2026/08/17  8:55:21.78 - 数据更新v2 完成 
周一 2026/08/17  8:55:28.65 - 米筐数据更新 完成 
周一 2026/08/17  8:55:39.89 - 米筐数据更新 完成 
周一 2026/08/17 19:29:02.09 - 数据更新v2 完成 
周一 2026/08/17 19:29:24.95 - 米筐数据更新 完成 
周一 2026/08/17 19:29:40.19 - 米筐数据更新 完成 
周一 2026/08/17 21:06:00.52 - 数据更新v2 完成 
周一 2026/08/17 21:06:03.02 - 米筐数据更新 完成 
周一 2026/08/17 21:06:05.35 - 米筐数据更新 完成 
周二 2026/08/18  8:55:17.34 - 数据更新v2 完成 
周二 2026/08/18  8:55:41.09 - 米筐数据更新 完成 
周二 2026/08/18  8:55:59.26 - 米筐数据更新 完成 
周二 2026/08/18 19:28:58.90 - 数据更新v2 完成 
周二 2026/08/18 19:29:23.04 - 米筐数据更新 完成 
周二 2026/08/18 19:29:39.18 - 米筐数据更新 完成 
周二 2026/08/18 21:06:00.28 - 数据更新v2 完成 
周二 2026/08/18 21:06:07.66 - 米筐数据更新 完成 
周二 2026/08/18 21:06:09.82 - 米筐数据更新 完成 
周三 2026/08/19  8:55:16.64 - 数据更新v2 完成 
周三 2026/08/19  8:55:24.26 - 米筐数据更新 完成 
周三 2026/08/19  8:55:39.75 - 米筐数据更新 完成 
周三 2026/08/19 19:28:59.13 - 数据更新v2 完成 
周三 2026/08/19 19:31:12.54 - 米筐数据更新 完成 
周三 2026/08/19 19:31:31.59 - 米筐数据更新 完成 
周三 2026/08/19 21:06:00.37 - 数据更新v2 完成 
周三 2026/08/19 21:07:27.98 - 米筐数据更新 完成 
周三 2026/08/19 21:07:30.23 - 米筐数据更新 完成 
周四 2026/08/20  8:55:16.28 - 数据更新v2 完成 
周四 2026/08/20  8:55:23.39 - 米筐数据更新 完成 
周四 2026/08/20  8:55:38.51 - 米筐数据更新 完成 
周四 2026/08/20 19:29:06.52 - 数据更新v2 完成 
周四 2026/08/20 19:29:30.93 - 米筐数据更新 完成 
周四 2026/08/20 19:29:57.87 - 米筐数据更新 完成 
周四 2026/08/20 21:06:00.62 - 数据更新v2 完成 
周四 2026/08/20 21:06:08.22 - 米筐数据更新 完成 
周四 2026/08/20 21:06:10.67 - 米筐数据更新 完成 
周五 2026/08/21  8:55:11.08 - 数据更新v2 完成 
周五 2026/08/21  8:55:14.84 - 米筐数据更新 完成 
周五 2026/08/21  8:55:31.49 - 米筐数据更新 完成 
周五 2026/08/21 19:29:05.40 - 数据更新v2 完成 
周五 2026/08/21 19:29:13.76 - 米筐数据更新 完成 
周五 2026/08/21 19:29:34.44 - 米筐数据更新 完成 
周五 2026/08/21 21:06:01.29 - 数据更新v2 完成 
周五 2026/08/21 21:06:03.87 - 米筐数据更新 完成 
周五 2026/08/21 21:06:06.35 - 米筐数据更新 完成 
