20260312 09:26:16- INFO- 新增数据行数: 5187
20260312 09:26:20- INFO- 回测信号参数: {'low': -5, 'high': -2.5, 'mv_min': 35, 'mv_max': 1000, 'prev_limit_status': ['断板', '炸板'], 'avg_limit_turnover_5_min': -1}
20260312 09:26:20- INFO- 回测时间区间: 2025-12-01 至 2026-03-12
20260312 09:26:20- INFO- 使用40个进程并行处理，共56个日期任务
20260312 09:26:22- INFO- 获取SZSE.000533在2026-03-12 到 2026-03-27股票数据失败
20260312 09:26:22- INFO- 所有回测任务完成，共处理55个日期的结果
20260312 09:26:22- INFO- 总调整天数: 4, 调整正确率: 75.00%, 预计平均亏损改善: 4.2663%
20260312 09:26:22- INFO- 总调整天数: 6, 调整正确率: 50.00%, 预计平均亏损改善: 2.7504%
20260312 09:26:22- INFO- 回测结果(不风控):
20260312 09:26:22- INFO- 回测结果(触及跌停风控):
20260312 09:26:22- INFO- 日期：2026-03-12
20260312 09:26:22- INFO- 今天的所有信号的股票:
20260312 09:26:22- INFO-   1. SZSE.000533 - 顺钠股份 - 仓位: 0.4000
20260312 09:26:22- INFO-   2. SZSE.000601 - 韶能股份 - 仓位: 0.4000
20260313 09:27:17- INFO- 新增数据行数: 5186
20260313 09:27:22- INFO- 回测信号参数: {'low': -5, 'high': -2.5, 'mv_min': 35, 'mv_max': 1000, 'prev_limit_status': ['断板', '炸板'], 'avg_limit_turnover_5_min': -1}
20260313 09:27:22- INFO- 回测时间区间: 2025-12-01 至 2026-03-13
20260313 09:27:22- INFO- 使用40个进程并行处理，共57个日期任务
20260313 09:27:25- INFO- 获取SZSE.000533在2026-03-13 到 2026-03-28股票数据失败
20260313 09:27:25- INFO- 所有回测任务完成，共处理56个日期的结果
20260313 09:27:25- INFO- 总调整天数: 4, 调整正确率: 75.00%, 预计平均亏损改善: 4.2663%
20260313 09:27:25- INFO- 总调整天数: 6, 调整正确率: 50.00%, 预计平均亏损改善: 2.7504%
20260313 09:27:25- INFO- 回测结果(不风控):
20260313 09:27:25- INFO- 回测结果(触及跌停风控):
20260313 09:27:25- INFO- 日期：2026-03-13
20260313 09:27:25- INFO- 今天的所有信号的股票:
20260313 09:27:25- INFO-   1. SZSE.001267 - 汇绿生态 - 仓位: 0.4000
20260313 09:27:25- INFO-   2. SZSE.000533 - 顺钠股份 - 仓位: 0.4000
20260316 09:26:43- INFO- 新增数据行数: 5185
20260316 09:26:49- INFO- 回测信号参数: {'low': -5, 'high': -2.5, 'mv_min': 35, 'mv_max': 1000, 'prev_limit_status': ['断板', '炸板'], 'avg_limit_turnover_5_min': -1}
20260316 09:26:49- INFO- 回测时间区间: 2025-12-01 至 2026-03-16
20260316 09:26:49- INFO- 使用40个进程并行处理，共58个日期任务
20260316 09:26:51- INFO- 获取SZSE.002667在2026-03-16 到 2026-03-31股票数据失败
20260316 09:26:51- INFO- 所有回测任务完成，共处理57个日期的结果
20260316 09:26:51- INFO- 总调整天数: 5, 调整正确率: 71.43%, 预计平均亏损改善: 4.2663%
20260316 09:26:51- INFO- 总调整天数: 6, 调整正确率: 50.00%, 预计平均亏损改善: 2.7504%
20260316 09:26:51- INFO- 回测结果(不风控):
20260316 09:26:51- INFO- 回测结果(触及跌停风控):
20260316 09:26:51- INFO- 日期：2026-03-16
20260316 09:26:51- INFO- 今天的所有信号的股票:
20260316 09:26:51- INFO-   1. SZSE.002667 - 威领股份 - 仓位: 0.0000
20260317 20:11:42- INFO- 验证成功：数据中已包含 2026-03-17 的行情
20260317 20:12:03- INFO- 验证成功：数据中已包含 2026-03-17 的行情
20260317 20:14:43- INFO- 验证成功：数据中已包含 2026-03-17 的行情
20260317 20:15:37- INFO- 验证成功：数据中已包含 2026-03-17 的行情
20260317 20:50:10- INFO- 验证成功：数据中已包含 2026-03-17 的行情
20260317 20:50:16- INFO- 回测信号参数: {'low': -5, 'high': -2.5, 'mv_min': 35, 'mv_max': 1000, 'prev_limit_status': ['断板', '炸板'], 'avg_limit_turnover_5_min': -1}
20260317 20:50:16- INFO- 回测时间区间: 2025-12-01 至 2026-03-17
20260317 20:50:16- INFO- 使用40个进程并行处理，共59个日期任务
20260317 20:50:19- INFO- 所有回测任务完成，共处理59个日期的结果
20260317 20:50:19- INFO- 总调整天数: 4, 调整正确率: 75.00%, 预计平均亏损改善: 4.2663%
20260317 20:50:19- INFO- 总调整天数: 6, 调整正确率: 50.00%, 预计平均亏损改善: 2.7504%
20260317 20:50:19- INFO- 回测结果(不风控):
20260317 20:50:19- INFO- 回测结果(触及跌停风控):
20260317 20:50:19- INFO- 日期：2026-03-17
20260317 20:50:19- INFO- 今天的所有信号的股票:
20260317 20:50:19- INFO-   1. SHSE.600821 - 金开新能 - 仓位: 0.4000
20260318 09:27:02- INFO- 新增数据行数: 5184
20260318 09:27:08- INFO- 回测信号参数: {'low': -5, 'high': -2.5, 'mv_min': 30, 'mv_max': 1000, 'prev_limit_status': ['断板', '炸板'], 'avg_limit_turnover_5_min': -1}
20260318 09:27:08- INFO- 回测时间区间: 2025-12-01 至 2026-03-18
20260318 09:27:08- INFO- 使用40个进程并行处理，共60个日期任务
20260318 09:27:10- INFO- 获取SHSE.600722在2026-03-18 到 2026-04-02股票数据失败
20260318 09:27:10- INFO- 所有回测任务完成，共处理59个日期的结果
20260318 09:27:11- INFO- 总调整天数: 4, 调整正确率: 75.00%, 预计平均亏损改善: 4.2663%
20260318 09:27:11- INFO- 总调整天数: 6, 调整正确率: 50.00%, 预计平均亏损改善: 2.7504%
20260318 09:27:11- INFO- 回测结果(不风控):
20260318 09:27:11- INFO- 回测结果(触及跌停风控):
20260318 09:27:11- INFO- 日期：2026-03-18
20260318 09:27:11- INFO- 今天的所有信号的股票:
20260318 09:27:11- INFO-   1. SHSE.600722 - 金牛化工 - 仓位: 0.4000
20260318 09:27:11- INFO-   2. SHSE.601330 - 绿色动力 - 仓位: 0.4000
20260319 09:27:06- INFO- 新增数据行数: 5185
20260319 09:27:12- INFO- 回测信号参数: {'low': -5, 'high': -2.5, 'mv_min': 30, 'mv_max': 1000, 'prev_limit_status': ['断板', '炸板'], 'avg_limit_turnover_5_min': -1}
20260319 09:27:12- INFO- 回测时间区间: 2025-12-01 至 2026-03-19
20260319 09:27:12- INFO- 使用40个进程并行处理，共61个日期任务
20260319 09:27:14- INFO- 获取SHSE.600545在2026-03-19 到 2026-04-03股票数据失败
20260319 09:27:14- INFO- 所有回测任务完成，共处理60个日期的结果
20260319 09:27:14- INFO- 总调整天数: 4, 调整正确率: 75.00%, 预计平均亏损改善: 4.2663%
20260319 09:27:14- INFO- 总调整天数: 6, 调整正确率: 50.00%, 预计平均亏损改善: 2.7504%
20260319 09:27:14- INFO- 回测结果(不风控):
20260319 09:27:14- INFO- 回测结果(触及跌停风控):
20260319 09:27:14- INFO- 日期：2026-03-19
20260319 09:27:14- INFO- 今天的所有信号的股票:
20260319 09:27:14- INFO-   1. SZSE.001309 - 德明利 - 仓位: 0.4000
20260319 09:27:14- INFO-   2. SHSE.603929 - 亚翔集成 - 仓位: 0.4000
20260319 09:27:14- INFO-   3. SZSE.002831 - 裕同科技 - 仓位: 0.4000
20260319 09:27:14- INFO-   4. SHSE.600683 - 京投发展 - 仓位: 0.4000
20260319 09:27:14- INFO-   5. SHSE.603421 - 鼎信通讯 - 仓位: 0.4000
20260319 09:27:14- INFO-   6. SHSE.600545 - 卓郎智能 - 仓位: 0.4000
20260319 09:27:14- INFO-   7. SHSE.601016 - 节能风电 - 仓位: 0.4000
20260319 09:28:43- INFO- 新增数据行数: 5185
20260319 09:28:49- INFO- 回测信号参数: {'low': -5, 'high': -2.5, 'mv_min': 30, 'mv_max': 1000, 'prev_limit_status': ['断板', '炸板'], 'avg_limit_turnover_5_min': -1}
20260319 09:28:49- INFO- 回测时间区间: 2025-12-01 至 2026-03-19
20260319 09:28:49- INFO- 使用40个进程并行处理，共61个日期任务
20260319 09:28:51- INFO- 获取SHSE.600545在2026-03-19 到 2026-04-03股票数据失败
20260319 09:28:51- INFO- 所有回测任务完成，共处理60个日期的结果
20260319 09:28:51- INFO- 总调整天数: 4, 调整正确率: 75.00%, 预计平均亏损改善: 4.2663%
20260319 09:28:51- INFO- 总调整天数: 6, 调整正确率: 50.00%, 预计平均亏损改善: 2.7504%
20260319 09:28:51- INFO- 回测结果(不风控):
20260319 09:28:51- INFO- 回测结果(触及跌停风控):
20260319 09:28:51- INFO- 日期：2026-03-19
20260319 09:28:51- INFO- 今天的所有信号的股票:
20260319 09:28:51- INFO-   1. SZSE.001309 - 德明利 - 仓位: 0.4000
20260319 09:28:51- INFO-   2. SHSE.603929 - 亚翔集成 - 仓位: 0.4000
20260319 09:28:51- INFO-   3. SZSE.002831 - 裕同科技 - 仓位: 0.4000
20260319 09:28:51- INFO-   4. SHSE.600683 - 京投发展 - 仓位: 0.4000
20260319 09:28:51- INFO-   5. SHSE.603421 - 鼎信通讯 - 仓位: 0.4000
20260319 09:28:51- INFO-   6. SHSE.600545 - 卓郎智能 - 仓位: 0.4000
20260319 09:28:51- INFO-   7. SHSE.601016 - 节能风电 - 仓位: 0.4000
20260320 09:26:21- INFO- 新增数据行数: 5187
20260320 09:26:27- INFO- 回测信号参数: {'low': -5, 'high': -2.5, 'mv_min': 30, 'mv_max': 1000, 'prev_limit_status': ['断板', '炸板'], 'avg_limit_turnover_5_min': -1}
20260320 09:26:27- INFO- 回测时间区间: 2025-12-01 至 2026-03-20
20260320 09:26:27- INFO- 使用40个进程并行处理，共62个日期任务
20260320 09:26:29- INFO- 获取SZSE.000890在2026-03-20 到 2026-04-04股票数据失败
20260320 09:26:29- INFO- 所有回测任务完成，共处理61个日期的结果
20260320 09:26:29- INFO- 总调整天数: 5, 调整正确率: 70.37%, 预计平均亏损改善: 3.7229%
20260320 09:26:29- INFO- 总调整天数: 6, 调整正确率: 50.00%, 预计平均亏损改善: 2.7504%
20260320 09:26:29- INFO- 回测结果(不风控):
20260320 09:26:29- INFO- 回测结果(触及跌停风控):
20260320 09:26:29- INFO- 日期：2026-03-20
20260320 09:26:29- INFO- 今天的所有信号的股票:
20260320 09:26:29- INFO-   1. SZSE.000890 - 法尔胜 - 仓位: 0.4000
20260320 09:27:14- INFO- 新增数据行数: 5187
20260320 09:27:20- INFO- 回测信号参数: {'low': -5, 'high': -2.5, 'mv_min': 30, 'mv_max': 1000, 'prev_limit_status': ['断板', '炸板'], 'avg_limit_turnover_5_min': -1}
20260320 09:27:20- INFO- 回测时间区间: 2025-12-01 至 2026-03-20
20260320 09:27:20- INFO- 使用40个进程并行处理，共62个日期任务
20260320 09:27:22- INFO- 获取SZSE.000890在2026-03-20 到 2026-04-04股票数据失败
20260320 09:27:23- INFO- 所有回测任务完成，共处理61个日期的结果
20260320 09:27:23- INFO- 总调整天数: 5, 调整正确率: 70.37%, 预计平均亏损改善: 3.7229%
20260320 09:27:23- INFO- 总调整天数: 6, 调整正确率: 50.00%, 预计平均亏损改善: 2.7504%
20260320 09:27:23- INFO- 回测结果(不风控):
20260320 09:27:23- INFO- 回测结果(触及跌停风控):
20260320 09:27:23- INFO- 日期：2026-03-20
20260320 09:27:23- INFO- 今天的所有信号的股票:
20260320 09:27:23- INFO-   1. SZSE.000890 - 法尔胜 - 仓位: 0.4000
20260323 09:27:03- INFO- 新增数据行数: 5188
20260323 09:27:09- INFO- 回测信号参数: {'low': -5, 'high': -2.5, 'mv_min': 30, 'mv_max': 1000, 'prev_limit_status': ['断板', '炸板'], 'avg_limit_turnover_5_min': -1}
20260323 09:27:09- INFO- 回测时间区间: 2025-12-01 至 2026-03-23
20260323 09:27:09- INFO- 使用40个进程并行处理，共63个日期任务
20260323 09:27:11- INFO- 获取SHSE.603421在2026-03-23 到 2026-04-07股票数据失败
20260323 09:27:11- INFO- 所有回测任务完成，共处理62个日期的结果
20260323 09:27:12- INFO- 总调整天数: 6, 调整正确率: 62.07%, 预计平均亏损改善: 3.9848%
20260323 09:27:12- INFO- 总调整天数: 6, 调整正确率: 50.00%, 预计平均亏损改善: 2.7504%
20260323 09:27:12- INFO- 回测结果(不风控):
20260323 09:27:12- INFO- 回测结果(触及跌停风控):
20260323 09:27:12- INFO- 日期：2026-03-23
20260323 09:27:12- INFO- 今天的所有信号的股票:
20260323 09:27:12- INFO-   1. SHSE.603803 - 瑞斯康达 - 仓位: 0.0000
20260323 09:27:12- INFO-   2. SHSE.603421 - 鼎信通讯 - 仓位: 0.0000
20260323 15:39:27- INFO- 新增数据行数: 5188
20260323 15:39:30- INFO- 回测信号参数: {'low': -5, 'high': -2.5, 'mv_min': 30, 'mv_max': 1000, 'prev_limit_status': ['断板', '炸板'], 'avg_limit_turnover_5_min': -1}
20260323 15:39:30- INFO- 回测时间区间: 2025-12-01 至 2026-03-23
20260323 15:39:31- INFO- 使用40个进程并行处理，共63个日期任务
20260323 15:39:33- INFO- 获取SHSE.603421在2026-03-23 到 2026-04-07股票数据失败
20260323 15:39:33- INFO- 所有回测任务完成，共处理62个日期的结果
20260323 15:39:33- INFO- 总调整天数: 6, 调整正确率: 62.07%, 预计平均亏损改善: 3.9848%
20260323 15:39:33- INFO- 总调整天数: 6, 调整正确率: 50.00%, 预计平均亏损改善: 2.7504%
20260323 15:39:33- INFO- 回测结果(不风控):
20260323 15:39:33- INFO- 回测结果(触及跌停风控):
20260323 15:39:33- INFO- 日期：2026-03-23
20260323 15:39:33- INFO- 今天的所有信号的股票:
20260323 15:39:33- INFO-   1. SHSE.603803 - 瑞斯康达 - 仓位: 0.0000
20260323 15:39:33- INFO-   2. SHSE.603421 - 鼎信通讯 - 仓位: 0.0000
20260324 09:27:58- INFO- 新增数据行数: 5186
20260324 09:28:04- INFO- 回测信号参数: {'low': -5, 'high': -2.5, 'mv_min': 30, 'mv_max': 1000, 'prev_limit_status': ['断板', '炸板'], 'avg_limit_turnover_5_min': -1}
20260324 09:28:04- INFO- 回测时间区间: 2025-12-01 至 2026-03-24
20260324 09:28:04- INFO- 使用40个进程并行处理，共63个日期任务
20260324 09:28:06- INFO- 所有回测任务完成，共处理63个日期的结果
20260324 09:28:07- INFO- 总调整天数: 6, 调整正确率: 65.52%, 预计平均亏损改善: 3.7810%
20260324 09:28:07- INFO- 总调整天数: 6, 调整正确率: 50.00%, 预计平均亏损改善: 2.7504%
20260324 09:28:07- INFO- 回测结果(不风控):
20260324 09:28:07- INFO- 回测结果(触及跌停风控):
20260324 09:28:07- INFO- 日期：2026-03-24
20260324 09:28:07- INFO- 今天的所有信号的股票:
20260325 09:26:28- INFO- 新增数据行数: 5185
20260325 09:26:34- INFO- 回测信号参数: {'low': -5, 'high': -2.5, 'mv_min': 30, 'mv_max': 1000, 'prev_limit_status': ['断板', '炸板'], 'avg_limit_turnover_5_min': -1}
20260325 09:26:34- INFO- 回测时间区间: 2025-12-01 至 2026-03-25
20260325 09:26:34- INFO- 使用40个进程并行处理，共64个日期任务
20260325 09:26:36- INFO- 获取SZSE.001258在2026-03-25 到 2026-04-09股票数据失败
20260325 09:26:36- INFO- 所有回测任务完成，共处理63个日期的结果
20260325 09:26:37- INFO- 总调整天数: 6, 调整正确率: 62.07%, 预计平均亏损改善: 3.9848%
20260325 09:26:37- INFO- 总调整天数: 6, 调整正确率: 50.00%, 预计平均亏损改善: 2.7504%
20260325 09:26:37- INFO- 回测结果(不风控):
20260325 09:26:37- INFO- 回测结果(触及跌停风控):
20260325 09:26:37- INFO- 日期：2026-03-25
20260325 09:26:37- INFO- 今天的所有信号的股票:
20260325 09:26:37- INFO-   1. SZSE.002150 - 正泰电源 - 仓位: 0.4000
20260325 09:26:37- INFO-   2. SZSE.001258 - 立新能源 - 仓位: 0.4000
20260325 09:26:37- INFO-   3. SZSE.002256 - 兆新股份 - 仓位: 0.4000
20260325 09:26:37- INFO-   4. SZSE.002310 - 东方新能 - 仓位: 0.4000
20260325 09:26:56- INFO- 新增数据行数: 5185
20260325 09:27:01- INFO- 回测信号参数: {'low': -5, 'high': -2.5, 'mv_min': 30, 'mv_max': 1000, 'prev_limit_status': ['断板', '炸板'], 'avg_limit_turnover_5_min': -1}
20260325 09:27:01- INFO- 回测时间区间: 2025-12-01 至 2026-03-25
20260325 09:27:01- INFO- 使用40个进程并行处理，共64个日期任务
20260325 09:27:04- INFO- 获取SZSE.001258在2026-03-25 到 2026-04-09股票数据失败
20260325 09:27:04- INFO- 所有回测任务完成，共处理63个日期的结果
20260325 09:27:04- INFO- 总调整天数: 6, 调整正确率: 62.07%, 预计平均亏损改善: 3.9848%
20260325 09:27:04- INFO- 总调整天数: 6, 调整正确率: 50.00%, 预计平均亏损改善: 2.7504%
20260325 09:27:04- INFO- 回测结果(不风控):
20260325 09:27:04- INFO- 回测结果(触及跌停风控):
20260325 09:27:04- INFO- 日期：2026-03-25
20260325 09:27:04- INFO- 今天的所有信号的股票:
20260325 09:27:04- INFO-   1. SZSE.002150 - 正泰电源 - 仓位: 0.4000
20260325 09:27:04- INFO-   2. SZSE.001258 - 立新能源 - 仓位: 0.4000
20260325 09:27:04- INFO-   3. SZSE.002256 - 兆新股份 - 仓位: 0.4000
20260325 09:27:04- INFO-   4. SZSE.002310 - 东方新能 - 仓位: 0.4000
20260325 09:27:48- INFO- 新增数据行数: 5185
20260325 09:27:54- INFO- 回测信号参数: {'low': -5, 'high': -2.5, 'mv_min': 30, 'mv_max': 1000, 'prev_limit_status': ['断板', '炸板'], 'avg_limit_turnover_5_min': -1}
20260325 09:27:54- INFO- 回测时间区间: 2025-12-01 至 2026-03-25
20260325 09:27:54- INFO- 使用40个进程并行处理，共64个日期任务
20260325 09:27:56- INFO- 获取SZSE.001258在2026-03-25 到 2026-04-09股票数据失败
20260325 09:27:56- INFO- 所有回测任务完成，共处理63个日期的结果
20260325 09:27:56- INFO- 总调整天数: 6, 调整正确率: 62.07%, 预计平均亏损改善: 3.9848%
20260325 09:27:56- INFO- 总调整天数: 6, 调整正确率: 50.00%, 预计平均亏损改善: 2.7504%
20260325 09:27:56- INFO- 回测结果(不风控):
20260325 09:27:56- INFO- 回测结果(触及跌停风控):
20260325 09:27:56- INFO- 日期：2026-03-25
20260325 09:27:56- INFO- 今天的所有信号的股票:
20260325 09:27:56- INFO-   1. SZSE.002150 - 正泰电源 - 仓位: 0.4000
20260325 09:27:56- INFO-   2. SZSE.001258 - 立新能源 - 仓位: 0.4000
20260325 09:27:56- INFO-   3. SZSE.002256 - 兆新股份 - 仓位: 0.4000
20260325 09:27:56- INFO-   4. SZSE.002310 - 东方新能 - 仓位: 0.4000
20260325 09:28:42- INFO- 新增数据行数: 5185
20260325 09:28:47- INFO- 回测信号参数: {'low': -5, 'high': -2.5, 'mv_min': 30, 'mv_max': 1000, 'prev_limit_status': ['断板', '炸板'], 'avg_limit_turnover_5_min': -1}
20260325 09:28:47- INFO- 回测时间区间: 2025-12-01 至 2026-03-25
20260325 09:28:47- INFO- 使用40个进程并行处理，共64个日期任务
20260325 09:28:49- INFO- 获取SZSE.001258在2026-03-25 到 2026-04-09股票数据失败
20260325 09:28:50- INFO- 所有回测任务完成，共处理63个日期的结果
20260325 09:28:50- INFO- 总调整天数: 6, 调整正确率: 62.07%, 预计平均亏损改善: 3.9848%
20260325 09:28:50- INFO- 总调整天数: 6, 调整正确率: 50.00%, 预计平均亏损改善: 2.7504%
20260325 09:28:50- INFO- 回测结果(不风控):
20260325 09:28:50- INFO- 回测结果(触及跌停风控):
20260325 09:28:50- INFO- 日期：2026-03-25
20260325 09:28:50- INFO- 今天的所有信号的股票:
20260325 09:28:50- INFO-   1. SZSE.002150 - 正泰电源 - 仓位: 0.4000
20260325 09:28:50- INFO-   2. SZSE.001258 - 立新能源 - 仓位: 0.4000
20260325 09:28:50- INFO-   3. SZSE.002256 - 兆新股份 - 仓位: 0.4000
20260325 09:28:50- INFO-   4. SZSE.002310 - 东方新能 - 仓位: 0.4000
20260326 09:24:59- INFO- 新增数据行数: 5187
20260326 09:25:05- INFO- 回测信号参数: {'low': -5, 'high': -2.5, 'mv_min': 30, 'mv_max': 1000, 'prev_limit_status': ['断板', '炸板'], 'avg_limit_turnover_5_min': -1}
20260326 09:25:05- INFO- 回测时间区间: 2025-12-01 至 2026-03-26
20260326 09:25:05- INFO- 使用40个进程并行处理，共64个日期任务
20260326 09:25:07- INFO- 所有回测任务完成，共处理64个日期的结果
20260326 09:25:07- INFO- 总调整天数: 6, 调整正确率: 62.07%, 预计平均亏损改善: 3.9848%
20260326 09:25:07- INFO- 总调整天数: 6, 调整正确率: 50.00%, 预计平均亏损改善: 2.7504%
20260326 09:25:07- INFO- 回测结果(不风控):
20260326 09:25:07- INFO- 回测结果(触及跌停风控):
20260326 09:25:07- INFO- 日期：2026-03-26
20260326 09:25:07- INFO- 今天的所有信号的股票:
20260326 09:27:09- INFO- 新增数据行数: 5187
20260326 09:27:15- INFO- 回测信号参数: {'low': -5, 'high': -2.5, 'mv_min': 30, 'mv_max': 1000, 'prev_limit_status': ['断板', '炸板'], 'avg_limit_turnover_5_min': -1}
20260326 09:27:15- INFO- 回测时间区间: 2025-12-01 至 2026-03-26
20260326 09:27:15- INFO- 使用40个进程并行处理，共65个日期任务
20260326 09:27:17- INFO- 获取SHSE.603803在2026-03-26 到 2026-04-10股票数据失败
20260326 09:27:17- INFO- 所有回测任务完成，共处理64个日期的结果
20260326 09:27:17- INFO- 总调整天数: 6, 调整正确率: 62.07%, 预计平均亏损改善: 3.9848%
20260326 09:27:17- INFO- 总调整天数: 6, 调整正确率: 50.00%, 预计平均亏损改善: 2.7504%
20260326 09:27:17- INFO- 回测结果(不风控):
20260326 09:27:17- INFO- 回测结果(触及跌停风控):
20260326 09:27:17- INFO- 日期：2026-03-26
20260326 09:27:17- INFO- 今天的所有信号的股票:
20260326 09:27:17- INFO-   1. SZSE.002150 - 正泰电源 - 仓位: 0.4000
20260326 09:27:17- INFO-   2. SZSE.000815 - 美利云 - 仓位: 0.4000
20260326 09:27:17- INFO-   3. SHSE.603803 - 瑞斯康达 - 仓位: 0.4000
20260326 09:27:17- INFO-   4. SZSE.001258 - 立新能源 - 仓位: 0.4000
20260326 09:27:17- INFO-   5. SZSE.002310 - 东方新能 - 仓位: 0.4000
20260327 09:26:19- INFO- 新增数据行数: 5184
20260327 09:26:25- INFO- 回测信号参数: {'low': -5, 'high': -2.5, 'mv_min': 30, 'mv_max': 1000, 'prev_limit_status': ['断板', '炸板'], 'avg_limit_turnover_5_min': -1}
20260327 09:26:25- INFO- 回测时间区间: 2025-12-01 至 2026-03-27
20260327 09:26:25- INFO- 使用40个进程并行处理，共66个日期任务
20260327 09:26:28- INFO- 获取SHSE.600032在2026-03-27 到 2026-04-11股票数据失败
20260327 09:26:28- INFO- 所有回测任务完成，共处理65个日期的结果
20260327 09:26:28- INFO- 总调整天数: 7, 调整正确率: 46.15%, 预计平均亏损改善: 3.9848%
20260327 09:26:28- INFO- 总调整天数: 6, 调整正确率: 50.00%, 预计平均亏损改善: 2.7504%
20260327 09:26:28- INFO- 回测结果(不风控):
20260327 09:26:28- INFO- 回测结果(触及跌停风控):
20260327 09:26:28- INFO- 日期：2026-03-27
20260327 09:26:28- INFO- 今天的所有信号的股票:
20260327 09:26:28- INFO-   1. SHSE.601869 - 长飞光纤 - 仓位: 0.0000
20260327 09:26:28- INFO-   2. SZSE.002428 - 云南锗业 - 仓位: 0.0000
20260327 09:26:28- INFO-   3. SHSE.601606 - 长城军工 - 仓位: 0.0000
20260327 09:26:28- INFO-   4. SHSE.600032 - 浙江新能 - 仓位: 0.0000
20260327 09:26:28- INFO-   5. SZSE.002218 - 拓日新能 - 仓位: 0.0000
20260327 09:26:28- INFO-   6. SHSE.600982 - 宁波能源 - 仓位: 0.0000
20260327 09:26:28- INFO-   7. SHSE.600666 - 奥瑞德 - 仓位: 0.0000
20260327 09:26:28- INFO-   8. SHSE.601016 - 节能风电 - 仓位: 0.0000
20260327 09:26:28- INFO-   9. SZSE.000677 - 恒天海龙 - 仓位: 0.0000
20260327 09:26:28- INFO-   10. SZSE.002309 - 中利集团 - 仓位: 0.0000
20260330 09:28:44- INFO- 新增数据行数: 5182
20260330 09:28:50- INFO- 回测信号参数: {'low': -5, 'high': -2.5, 'mv_min': 30, 'mv_max': 1000, 'prev_limit_status': ['断板', '炸板'], 'avg_limit_turnover_5_min': -1}
20260330 09:28:50- INFO- 回测时间区间: 2025-12-01 至 2026-03-30
20260330 09:28:50- INFO- 使用40个进程并行处理，共67个日期任务
20260330 09:28:52- INFO- 获取SHSE.600163在2026-03-30 到 2026-04-14股票数据失败
20260330 09:28:52- INFO- 所有回测任务完成，共处理66个日期的结果
20260330 09:28:52- INFO- 总调整天数: 7, 调整正确率: 56.41%, 预计平均亏损改善: 3.5016%
20260330 09:28:53- INFO- 总调整天数: 6, 调整正确率: 50.00%, 预计平均亏损改善: 2.7504%
20260330 09:28:53- INFO- 回测结果(不风控):
20260330 09:28:53- INFO- 回测结果(触及跌停风控):
20260330 09:28:53- INFO- 日期：2026-03-30
20260330 09:28:53- INFO- 今天的所有信号的股票:
20260330 09:28:53- INFO-   1. SZSE.002902 - 铭普光磁 - 仓位: 0.4000
20260330 09:28:53- INFO-   2. SZSE.002491 - 通鼎互联 - 仓位: 0.4000
20260330 09:28:53- INFO-   3. SHSE.600163 - 中闽能源 - 仓位: 0.4000
20260330 09:28:53- INFO-   4. SHSE.600726 - 华电能源 - 仓位: 0.4000
20260330 10:53:11- INFO- 新增数据行数: 5182
20260330 10:53:14- INFO- 回测信号参数: {'low': -5, 'high': -2.5, 'mv_min': 30, 'mv_max': 1000, 'prev_limit_status': ['断板', '炸板'], 'avg_limit_turnover_5_min': -1}
20260330 10:53:14- INFO- 回测时间区间: 2025-12-01 至 2026-03-30
20260330 10:53:14- INFO- 使用40个进程并行处理，共67个日期任务
20260330 10:53:17- INFO- 获取SHSE.600163在2026-03-30 到 2026-04-14股票数据失败
20260330 10:53:17- INFO- 所有回测任务完成，共处理66个日期的结果
20260330 10:53:17- INFO- 总调整天数: 7, 调整正确率: 56.41%, 预计平均亏损改善: 3.5016%
20260330 10:53:17- INFO- 总调整天数: 6, 调整正确率: 50.00%, 预计平均亏损改善: 2.7504%
20260330 10:53:17- INFO- 回测结果(不风控):
20260330 10:53:17- INFO- 回测结果(触及跌停风控):
20260330 10:53:17- INFO- 日期：2026-03-30
20260330 10:53:17- INFO- 今天的所有信号的股票:
20260330 10:53:17- INFO-   1. SZSE.002902 - 铭普光磁 - 仓位: 0.4000
20260330 10:53:17- INFO-   2. SZSE.002491 - 通鼎互联 - 仓位: 0.4000
20260330 10:53:17- INFO-   3. SHSE.600163 - 中闽能源 - 仓位: 0.4000
20260330 10:53:17- INFO-   4. SHSE.600726 - 华电能源 - 仓位: 0.4000
20260330 10:54:37- INFO- 新增数据行数: 5182
20260330 10:54:43- INFO- 回测信号参数: {'low': -5, 'high': -2.5, 'mv_min': 30, 'mv_max': 1000, 'prev_limit_status': ['断板', '炸板'], 'avg_limit_turnover_5_min': -1}
20260330 10:54:43- INFO- 回测时间区间: 2025-12-01 至 2026-03-30
20260330 10:54:43- INFO- 使用40个进程并行处理，共67个日期任务
20260330 10:54:45- INFO- 获取SHSE.600163在2026-03-30 到 2026-04-14股票数据失败
20260330 10:54:45- INFO- 所有回测任务完成，共处理66个日期的结果
20260330 10:54:45- INFO- 总调整天数: 7, 调整正确率: 56.41%, 预计平均亏损改善: 3.5016%
20260330 10:54:45- INFO- 总调整天数: 6, 调整正确率: 50.00%, 预计平均亏损改善: 2.7504%
20260330 10:54:45- INFO- 回测结果(不风控):
20260330 10:54:45- INFO- 回测结果(触及跌停风控):
20260330 10:54:45- INFO- 日期：2026-03-30
20260330 10:54:45- INFO- 今天的所有信号的股票:
20260330 10:54:45- INFO-   1. SZSE.002902 - 铭普光磁 - 仓位: 0.4000
20260330 10:54:45- INFO-   2. SZSE.002491 - 通鼎互联 - 仓位: 0.4000
20260330 10:54:45- INFO-   3. SHSE.600163 - 中闽能源 - 仓位: 0.4000
20260330 10:54:45- INFO-   4. SHSE.600726 - 华电能源 - 仓位: 0.4000
20260330 11:00:20- INFO- 新增数据行数: 5182
20260330 11:00:23- INFO- 回测信号参数: {'low': -5, 'high': -2.5, 'mv_min': 30, 'mv_max': 1000, 'prev_limit_status': ['断板', '炸板'], 'avg_limit_turnover_5_min': -1}
20260330 11:00:23- INFO- 回测时间区间: 2025-12-01 至 2026-03-30
20260330 11:00:23- INFO- 使用40个进程并行处理，共67个日期任务
20260330 11:00:25- INFO- 获取SHSE.600163在2026-03-30 到 2026-04-14股票数据失败
20260330 11:00:25- INFO- 所有回测任务完成，共处理66个日期的结果
20260330 11:00:25- INFO- 总调整天数: 7, 调整正确率: 56.41%, 预计平均亏损改善: 3.5016%
20260330 11:00:25- INFO- 总调整天数: 6, 调整正确率: 50.00%, 预计平均亏损改善: 2.7504%
20260330 11:00:25- INFO- 回测结果(不风控):
20260330 11:00:25- INFO- 回测结果(触及跌停风控):
20260330 11:00:25- INFO- 日期：2026-03-30
20260330 11:00:25- INFO- 今天的所有信号的股票:
20260330 11:00:25- INFO-   1. SZSE.002902 - 铭普光磁 - 仓位: 0.4000
20260330 11:00:25- INFO-   2. SZSE.002491 - 通鼎互联 - 仓位: 0.4000
20260330 11:00:25- INFO-   3. SHSE.600163 - 中闽能源 - 仓位: 0.4000
20260330 11:00:25- INFO-   4. SHSE.600726 - 华电能源 - 仓位: 0.4000
20260330 23:15:56- INFO- 验证成功：数据中已包含 2026-03-30 的行情
20260330 23:16:02- INFO- 回测信号参数: {'low': -5, 'high': -2.5, 'mv_min': 30, 'mv_max': 1000, 'prev_limit_status': ['断板', '炸板'], 'avg_limit_turnover_5_min': -1}
20260330 23:16:02- INFO- 回测时间区间: 2025-12-01 至 2026-03-30
20260330 23:16:02- INFO- 使用40个进程并行处理，共67个日期任务
20260330 23:16:05- INFO- 获取SHSE.600163在2026-03-30 到 2026-04-14股票数据失败
20260330 23:16:05- INFO- 所有回测任务完成，共处理66个日期的结果
20260330 23:16:05- INFO- 总调整天数: 7, 调整正确率: 56.41%, 预计平均亏损改善: 3.5016%
20260330 23:16:05- INFO- 总调整天数: 6, 调整正确率: 50.00%, 预计平均亏损改善: 2.7504%
20260330 23:16:05- INFO- 回测结果(不风控):
20260330 23:16:05- INFO- 回测结果(触及跌停风控):
20260330 23:16:05- INFO- 日期：2026-03-30
20260330 23:16:05- INFO- 今天的所有信号的股票:
20260330 23:16:05- INFO-   1. SZSE.002902 - 铭普光磁 - 仓位: 0.4000
20260330 23:16:05- INFO-   2. SZSE.002491 - 通鼎互联 - 仓位: 0.4000
20260330 23:16:05- INFO-   3. SHSE.600163 - 中闽能源 - 仓位: 0.4000
20260330 23:16:05- INFO-   4. SHSE.600726 - 华电能源 - 仓位: 0.4000
20260330 23:32:02- INFO- 验证成功：数据中已包含 2026-03-30 的行情
20260330 23:32:05- INFO- 回测信号参数: {'low': -5, 'high': -2.5, 'mv_min': 30, 'mv_max': 1000, 'prev_limit_status': ['断板', '炸板'], 'avg_limit_turnover_5_min': -1}
20260330 23:32:05- INFO- 回测时间区间: 2025-12-01 至 2026-03-30
20260330 23:32:05- INFO- 使用40个进程并行处理，共67个日期任务
20260330 23:32:08- INFO- 所有回测任务完成，共处理67个日期的结果
20260330 23:32:08- INFO- 总调整天数: 7, 调整正确率: 56.41%, 预计平均亏损改善: 3.8078%
20260330 23:32:08- INFO- 总调整天数: 6, 调整正确率: 50.00%, 预计平均亏损改善: 2.7504%
20260330 23:32:08- INFO- 回测结果(不风控):
20260330 23:32:08- INFO- 回测结果(触及跌停风控):
20260330 23:32:08- INFO- 日期：2026-03-30
20260330 23:32:08- INFO- 今天的所有信号的股票:
20260330 23:32:08- INFO-   1. SZSE.002902 - 铭普光磁 - 仓位: 0.4000
20260330 23:32:08- INFO-   2. SZSE.002491 - 通鼎互联 - 仓位: 0.4000
20260330 23:32:08- INFO-   3. SHSE.600163 - 中闽能源 - 仓位: 0.4000
20260330 23:32:08- INFO-   4. SHSE.600726 - 华电能源 - 仓位: 0.4000
20260331 09:27:50- INFO- 新增数据行数: 5183
20260331 09:27:53- INFO- 回测信号参数: {'low': -5, 'high': -2.5, 'mv_min': 30, 'mv_max': 1000, 'prev_limit_status': ['断板', '炸板'], 'avg_limit_turnover_5_min': -1}
20260331 09:27:53- INFO- 回测时间区间: 2025-12-01 至 2026-03-31
20260331 09:27:53- INFO- 使用40个进程并行处理，共68个日期任务
20260331 09:27:56- INFO- 获取SHSE.600666在2026-03-31 到 2026-04-15股票数据失败
20260331 09:27:56- INFO- 所有回测任务完成，共处理67个日期的结果
20260331 09:27:56- INFO- 总调整天数: 8, 调整正确率: 53.66%, 预计平均亏损改善: 3.8078%
20260331 09:27:56- INFO- 总调整天数: 6, 调整正确率: 50.00%, 预计平均亏损改善: 2.7504%
20260331 09:27:56- INFO- 回测结果(不风控):
20260331 09:27:56- INFO- 回测结果(触及跌停风控):
20260331 09:27:56- INFO- 日期：2026-03-31
20260331 09:27:56- INFO- 今天的所有信号的股票:
20260331 09:27:56- INFO-   1. SHSE.600666 - 奥瑞德 - 仓位: 0.0000
20260331 09:27:56- INFO-   2. SHSE.600844 - 金煤科技 - 仓位: 0.0000
20260331 11:28:27- INFO- 新增数据行数: 5183
20260331 19:49:59- INFO- 验证成功：数据中已包含 2026-03-31 的行情
20260331 19:50:33- INFO- 验证成功：数据中已包含 2026-03-31 的行情
20260401 09:27:51- INFO- 新增数据行数: 5186
20260401 09:27:54- INFO- 回测信号参数: {'low': -5, 'high': -2.5, 'mv_min': 30, 'mv_max': 1000, 'prev_limit_status': ['断板', '炸板'], 'avg_limit_turnover_5_min': -1}
20260401 09:27:54- INFO- 回测时间区间: 2025-12-01 至 2026-04-01
20260401 09:27:54- INFO- 使用40个进程并行处理，共69个日期任务
20260401 09:27:57- INFO- 获取SZSE.002038在2026-04-01 到 2026-04-16股票数据失败
20260401 09:27:57- INFO- 所有回测任务完成，共处理68个日期的结果
20260401 09:27:57- INFO- 总调整天数: 8, 调整正确率: 60.00%, 预计平均亏损改善: 3.6486%
20260401 09:27:57- INFO- 总调整天数: 6, 调整正确率: 50.00%, 预计平均亏损改善: 2.7504%
20260401 09:27:57- INFO- 回测结果(不风控):
20260401 09:27:57- INFO- 回测结果(触及跌停风控):
20260401 09:27:57- INFO- 日期：2026-04-01
20260401 09:27:57- INFO- 今天的所有信号的股票:
20260401 09:27:57- INFO-   1. SZSE.002038 - 双鹭药业 - 仓位: 0.4000
20260401 09:27:57- INFO-   2. SZSE.002309 - 中利集团 - 仓位: 0.4000
20260401 10:46:33- INFO- 新增数据行数: 5186
20260401 11:27:55- INFO- 新增数据行数: 5186
20260401 13:02:28- INFO- 新增数据行数: 5186
20260401 14:56:32- INFO- 新增数据行数: 5186
20260403 09:27:50- INFO- 新增数据行数: 5187
20260403 09:27:53- INFO- 回测信号参数: {'low': -5, 'high': -2.5, 'mv_min': 30, 'mv_max': 1000, 'prev_limit_status': ['断板', '炸板'], 'avg_limit_turnover_5_min': -1}
20260403 09:27:53- INFO- 回测时间区间: 2025-12-01 至 2026-04-03
20260403 09:27:53- INFO- 使用40个进程并行处理，共71个日期任务
20260403 09:27:56- INFO- 获取SZSE.000008在2026-04-03 到 2026-04-18股票数据失败
20260403 09:27:56- INFO- 所有回测任务完成，共处理70个日期的结果
20260403 09:27:56- INFO- 总调整天数: 9, 调整正确率: 56.82%, 预计平均亏损改善: 3.5528%
20260403 09:27:56- INFO- 总调整天数: 6, 调整正确率: 50.00%, 预计平均亏损改善: 2.7504%
20260403 09:27:56- INFO- 回测结果(不风控):
20260403 09:27:56- INFO- 回测结果(触及跌停风控):
20260403 09:27:56- INFO- 日期：2026-04-03
20260403 09:27:56- INFO- 今天的所有信号的股票:
20260403 09:27:56- INFO-   1. SZSE.002082 - 万邦德 - 仓位: 0.4000
20260403 09:27:56- INFO-   2. SZSE.002788 - 鹭燕医药 - 仓位: 0.4000
20260403 09:27:56- INFO-   3. SZSE.000008 - 神州高铁 - 仓位: 0.4000
20260403 11:27:59- INFO- 新增数据行数: 5187
20260406 11:28:04- INFO- 添加失败未发现 2026-04-06 的新增数据
20260407 09:27:51- INFO- 新增数据行数: 5186
20260407 09:27:54- INFO- 回测信号参数: {'low': -5, 'high': -2.5, 'mv_min': 30, 'mv_max': 1000, 'prev_limit_status': ['断板', '炸板'], 'avg_limit_turnover_5_min': -1}
20260407 09:27:54- INFO- 回测时间区间: 2025-12-01 至 2026-04-07
20260407 09:27:54- INFO- 使用40个进程并行处理，共72个日期任务
20260407 09:27:57- INFO- 获取SZSE.002038在2026-04-07 到 2026-04-22股票数据失败
20260407 09:27:57- INFO- 所有回测任务完成，共处理71个日期的结果
20260407 09:27:57- INFO- 总调整天数: 9, 调整正确率: 56.82%, 预计平均亏损改善: 3.6210%
20260407 09:27:58- INFO- 总调整天数: 6, 调整正确率: 50.00%, 预计平均亏损改善: 2.7504%
20260407 09:27:58- INFO- 回测结果(不风控):
20260407 09:27:58- INFO- 回测结果(触及跌停风控):
20260407 09:27:58- INFO- 日期：2026-04-07
20260407 09:27:58- INFO- 今天的所有信号的股票:
20260407 09:27:58- INFO-   1. SZSE.002038 - 双鹭药业 - 仓位: 0.4000
20260407 09:29:19- INFO- 新增数据行数: 5186
20260407 09:29:22- INFO- 回测信号参数: {'low': -5, 'high': -2.5, 'mv_min': 30, 'mv_max': 1000, 'prev_limit_status': ['断板', '炸板'], 'avg_limit_turnover_5_min': -1}
20260407 09:29:22- INFO- 回测时间区间: 2025-12-01 至 2026-04-07
20260407 09:29:22- INFO- 使用40个进程并行处理，共72个日期任务
20260407 09:29:25- INFO- 获取SZSE.002038在2026-04-07 到 2026-04-22股票数据失败
20260407 09:29:25- INFO- 所有回测任务完成，共处理71个日期的结果
20260407 09:29:25- INFO- 总调整天数: 9, 调整正确率: 56.82%, 预计平均亏损改善: 3.6210%
20260407 09:29:25- INFO- 总调整天数: 6, 调整正确率: 50.00%, 预计平均亏损改善: 2.7504%
20260407 09:29:25- INFO- 回测结果(不风控):
20260407 09:29:25- INFO- 回测结果(触及跌停风控):
20260407 09:29:25- INFO- 日期：2026-04-07
20260407 09:29:25- INFO- 今天的所有信号的股票:
20260407 09:29:25- INFO-   1. SZSE.002038 - 双鹭药业 - 仓位: 0.4000
20260407 11:27:55- INFO- 新增数据行数: 5186
20260408 09:27:50- INFO- 新增数据行数: 5188
20260408 09:27:53- INFO- 回测信号参数: {'low': -5, 'high': -2.5, 'mv_min': 30, 'mv_max': 1000, 'prev_limit_status': ['断板', '炸板'], 'avg_limit_turnover_5_min': -1}
20260408 09:27:53- INFO- 回测时间区间: 2025-12-01 至 2026-04-08
20260408 09:27:53- INFO- 使用40个进程并行处理，共73个日期任务
20260408 09:27:56- INFO- 获取SHSE.600594在2026-04-08 到 2026-04-23股票数据失败
20260408 09:27:56- INFO- 所有回测任务完成，共处理72个日期的结果
20260408 09:27:56- INFO- 总调整天数: 10, 调整正确率: 52.08%, 预计平均亏损改善: 3.6210%
20260408 09:27:56- INFO- 总调整天数: 6, 调整正确率: 50.00%, 预计平均亏损改善: 2.7504%
20260408 09:27:56- INFO- 回测结果(不风控):
20260408 09:27:56- INFO- 回测结果(触及跌停风控):
20260408 09:27:56- INFO- 日期：2026-04-08
20260408 09:27:56- INFO- 今天的所有信号的股票:
20260408 09:27:56- INFO-   1. SHSE.603122 - 合富中国 - 仓位: 0.0000
20260408 09:27:56- INFO-   2. SZSE.000950 - 重药控股 - 仓位: 0.0000
20260408 09:27:56- INFO-   3. SZSE.002309 - 中利集团 - 仓位: 0.0000
20260408 09:27:56- INFO-   4. SHSE.600594 - 益佰制药 - 仓位: 0.0000
20260408 11:28:01- INFO- 新增数据行数: 5188
20260409 09:27:50- INFO- 新增数据行数: 5188
20260409 09:27:54- INFO- 回测信号参数: {'low': -5, 'high': -2.5, 'mv_min': 30, 'mv_max': 1000, 'prev_limit_status': ['断板', '炸板'], 'avg_limit_turnover_5_min': -1}
20260409 09:27:54- INFO- 回测时间区间: 2025-12-01 至 2026-04-09
20260409 09:27:54- INFO- 使用40个进程并行处理，共73个日期任务
20260409 09:27:57- INFO- 获取SZSE.002263在2026-04-09 到 2026-04-24股票数据失败
20260409 09:27:57- INFO- 所有回测任务完成，共处理72个日期的结果
20260409 09:27:57- INFO- 总调整天数: 10, 调整正确率: 55.56%, 预计平均亏损改善: 3.6210%
20260409 09:27:57- INFO- 总调整天数: 6, 调整正确率: 50.00%, 预计平均亏损改善: 2.7504%
20260409 09:27:57- INFO- 回测结果(不风控):
20260409 09:27:57- INFO- 回测结果(触及跌停风控):
20260409 09:27:57- INFO- 日期：2026-04-09
20260409 09:27:57- INFO- 今天的所有信号的股票:
20260409 09:27:57- INFO-   1. SZSE.002263 - 大东南 - 仓位: 0.0000
20260409 11:28:02- INFO- 新增数据行数: 5188
20260410 09:27:50- INFO- 新增数据行数: 5188
20260410 09:27:53- INFO- 回测信号参数: {'low': -5, 'high': -2.5, 'mv_min': 30, 'mv_max': 1000, 'prev_limit_status': ['断板', '炸板'], 'avg_limit_turnover_5_min': -1}
20260410 09:27:53- INFO- 回测时间区间: 2025-12-01 至 2026-04-10
20260410 09:27:53- INFO- 使用40个进程并行处理，共73个日期任务
20260410 09:27:56- INFO- 获取SHSE.600594在2026-04-10 到 2026-04-25股票数据失败
20260410 09:27:56- INFO- 所有回测任务完成，共处理72个日期的结果
20260410 09:27:56- INFO- 总调整天数: 10, 调整正确率: 55.56%, 预计平均亏损改善: 3.6210%
20260410 09:27:56- INFO- 总调整天数: 6, 调整正确率: 50.00%, 预计平均亏损改善: 2.7504%
20260410 09:27:56- INFO- 回测结果(不风控):
20260410 09:27:56- INFO- 回测结果(触及跌停风控):
20260410 09:27:56- INFO- 日期：2026-04-10
20260410 09:27:56- INFO- 今天的所有信号的股票:
20260410 09:27:56- INFO-   1. SHSE.600594 - 益佰制药 - 仓位: 0.0000
20260410 11:28:20- INFO- 新增数据行数: 5188
20260410 14:56:36- INFO- 新增数据行数: 5188
20260413 09:28:45- INFO- 新增数据行数: 5265
20260413 09:29:36- INFO- 新增数据行数: 5265
20260413 09:29:42- INFO- 回测信号参数: {'low': -5, 'high': -2.5, 'mv_min': 30, 'mv_max': 1000, 'prev_limit_status': ['断板', '炸板'], 'avg_limit_turnover_5_min': -1}
20260413 09:29:42- INFO- 回测时间区间: 2025-12-01 至 2026-04-13
20260413 09:29:42- INFO- 使用40个进程并行处理，共80个日期任务
20260413 09:29:44- INFO- 所有回测任务完成，共处理80个日期的结果
20260413 09:29:48- INFO- 总调整天数: 12, 调整正确率: 55.93%, 预计平均亏损改善: 3.0861%
20260413 09:29:48- INFO- 总调整天数: 12, 调整正确率: 55.56%, 预计平均亏损改善: 2.6854%
20260413 09:29:48- INFO- 回测结果(不风控):
20260413 09:29:48- INFO- 回测结果(触及跌停风控):
20260413 09:29:48- INFO- 日期：2026-04-13
20260413 09:29:48- INFO- 今天的所有信号的股票:
20260413 11:28:07- INFO- 新增数据行数: 5187
20260413 11:29:20- INFO- 新增数据行数: 5187
20260413 14:56:42- INFO- 新增数据行数: 5265
20260414 09:27:50- INFO- 新增数据行数: 5265
20260414 09:27:53- INFO- 回测信号参数: {'low': -5, 'high': -2.5, 'mv_min': 30, 'mv_max': 1000, 'prev_limit_status': ['断板', '炸板'], 'avg_limit_turnover_5_min': -1}
20260414 09:27:53- INFO- 回测时间区间: 2025-12-01 至 2026-04-14
20260414 09:27:53- INFO- 使用40个进程并行处理，共81个日期任务
20260414 09:27:55- INFO- 所有回测任务完成，共处理81个日期的结果
20260414 09:27:55- INFO- 总调整天数: 13, 调整正确率: 52.31%, 预计平均亏损改善: 3.0459%
20260414 09:27:56- INFO- 总调整天数: 13, 调整正确率: 51.67%, 预计平均亏损改善: 2.6787%
20260414 09:27:56- INFO- 回测结果(不风控):
20260414 09:27:56- INFO- 回测结果(触及跌停风控):
20260414 09:27:56- INFO- 日期：2026-04-14
20260414 09:27:56- INFO- 今天的所有信号的股票:
20260414 11:28:02- INFO- 新增数据行数: 5265
20260415 09:27:50- INFO- 新增数据行数: 5267
20260415 09:28:36- INFO- 回测信号参数: {'low': -5, 'high': -2.5, 'mv_min': 30, 'mv_max': 1000, 'prev_limit_status': ['断板', '炸板'], 'avg_limit_turnover_5_min': -1}
20260415 09:28:57- INFO- 回测时间区间: 2025-12-01 至 2026-04-15
20260415 09:28:57- INFO- 使用40个进程并行处理，共82个日期任务
20260415 09:28:59- INFO- 所有回测任务完成，共处理82个日期的结果
20260415 09:28:59- INFO- 总调整天数: 13, 调整正确率: 53.85%, 预计平均亏损改善: 2.9398%
20260415 09:28:59- INFO- 总调整天数: 13, 调整正确率: 53.33%, 预计平均亏损改善: 2.5741%
20260415 09:29:00- INFO- 回测结果(不风控):
20260415 09:29:00- INFO- 回测结果(触及跌停风控):
20260415 09:29:00- INFO- 日期：2026-04-15
20260415 09:29:00- INFO- 今天的所有信号的股票:
20260415 09:35:20- INFO- 新增数据行数: 5267
20260415 09:35:28- INFO- 新增数据行数: 5267
20260415 09:35:31- INFO- 回测信号参数: {'low': -5, 'high': -2.5, 'mv_min': 30, 'mv_max': 1000, 'prev_limit_status': ['断板', '炸板'], 'avg_limit_turnover_5_min': -1}
20260415 09:35:31- INFO- 回测时间区间: 2025-12-01 至 2026-04-15
20260415 09:35:31- INFO- 使用40个进程并行处理，共82个日期任务
20260415 09:35:33- INFO- 所有回测任务完成，共处理82个日期的结果
20260415 09:35:33- INFO- 总调整天数: 13, 调整正确率: 53.85%, 预计平均亏损改善: 2.9398%
20260415 09:35:33- INFO- 总调整天数: 13, 调整正确率: 53.33%, 预计平均亏损改善: 2.5741%
20260415 09:35:33- INFO- 回测结果(不风控):
20260415 09:35:33- INFO- 回测结果(触及跌停风控):
20260415 09:35:33- INFO- 日期：2026-04-15
20260415 09:35:33- INFO- 今天的所有信号的股票:
20260415 09:35:57- INFO- 新增数据行数: 5267
20260415 09:36:57- INFO- 新增数据行数: 5267
20260415 09:37:03- INFO- 回测信号参数: {'low': -5, 'high': -2.5, 'mv_min': 30, 'mv_max': 1000, 'prev_limit_status': ['断板', '炸板'], 'avg_limit_turnover_5_min': -1}
20260415 09:37:03- INFO- 回测时间区间: 2025-12-01 至 2026-04-15
20260415 09:37:03- INFO- 使用40个进程并行处理，共82个日期任务
20260415 09:37:05- INFO- 所有回测任务完成，共处理82个日期的结果
20260415 09:37:05- INFO- 总调整天数: 13, 调整正确率: 53.85%, 预计平均亏损改善: 2.9398%
20260415 09:37:05- INFO- 总调整天数: 13, 调整正确率: 53.33%, 预计平均亏损改善: 2.5741%
20260415 09:39:46- INFO- 新增数据行数: 5267
20260415 09:39:52- INFO- 回测信号参数: {'low': -5, 'high': -2.5, 'mv_min': 30, 'mv_max': 1000, 'prev_limit_status': ['断板', '炸板'], 'avg_limit_turnover_5_min': -1}
20260415 09:39:52- INFO- 回测时间区间: 2025-12-01 至 2026-04-15
20260415 09:39:52- INFO- 使用40个进程并行处理，共82个日期任务
20260415 09:39:54- INFO- 所有回测任务完成，共处理82个日期的结果
20260415 09:39:54- INFO- 总调整天数: 13, 调整正确率: 53.85%, 预计平均亏损改善: 2.9398%
20260415 09:39:54- INFO- 总调整天数: 13, 调整正确率: 53.33%, 预计平均亏损改善: 2.5741%
20260415 09:48:17- INFO- 新增数据行数: 5267
20260415 09:48:22- INFO- 回测信号参数: {'low': -5, 'high': -2.5, 'mv_min': 30, 'mv_max': 1000, 'prev_limit_status': ['断板', '炸板'], 'avg_limit_turnover_5_min': -1}
20260415 09:48:22- INFO- 回测时间区间: 2025-12-01 至 2026-04-15
20260415 09:48:22- INFO- 使用40个进程并行处理，共82个日期任务
20260415 09:48:25- INFO- 所有回测任务完成，共处理82个日期的结果
20260415 09:48:25- INFO- 总调整天数: 13, 调整正确率: 53.85%, 预计平均亏损改善: 2.9398%
20260415 09:48:25- INFO- 总调整天数: 13, 调整正确率: 53.33%, 预计平均亏损改善: 2.5741%
20260415 09:51:25- INFO- 回测结果(不风控):
20260415 09:51:25- INFO- 回测结果(触及跌停风控):
20260415 09:51:25- INFO- 日期：2026-04-15
20260415 09:51:25- INFO- 今天的所有信号的股票:
20260415 09:51:43- INFO- 新增数据行数: 5267
20260415 09:51:49- INFO- 回测信号参数: {'low': -5, 'high': -2.5, 'mv_min': 30, 'mv_max': 1000, 'prev_limit_status': ['断板', '炸板'], 'avg_limit_turnover_5_min': -1}
20260415 09:51:49- INFO- 回测时间区间: 2025-12-01 至 2026-04-15
20260415 09:51:49- INFO- 使用40个进程并行处理，共82个日期任务
20260415 09:51:51- INFO- 所有回测任务完成，共处理82个日期的结果
20260415 09:51:51- INFO- 总调整天数: 13, 调整正确率: 53.85%, 预计平均亏损改善: 2.9398%
20260415 09:51:51- INFO- 总调整天数: 13, 调整正确率: 53.33%, 预计平均亏损改善: 2.5741%
20260415 09:54:36- INFO- 新增数据行数: 5267
20260415 09:54:42- INFO- 回测信号参数: {'low': -5, 'high': -2.5, 'mv_min': 30, 'mv_max': 1000, 'prev_limit_status': ['断板', '炸板'], 'avg_limit_turnover_5_min': -1}
20260415 09:54:42- INFO- 回测时间区间: 2025-12-01 至 2026-04-15
20260415 09:54:42- INFO- 使用40个进程并行处理，共83个日期任务
20260415 09:54:44- INFO- 获取SHSE.605255在2026-04-15 到 2026-04-30股票数据失败
20260415 09:54:44- INFO- 所有回测任务完成，共处理82个日期的结果
20260415 09:54:44- INFO- 总调整天数: 13, 调整正确率: 53.85%, 预计平均亏损改善: 2.9398%
20260415 09:54:44- INFO- 总调整天数: 13, 调整正确率: 53.33%, 预计平均亏损改善: 2.5741%
20260415 09:55:02- INFO- 回测结果(不风控):
20260415 09:55:02- INFO- 回测结果(触及跌停风控):
20260415 09:55:02- INFO- 日期：2026-04-15
20260415 09:55:02- INFO- 今天的所有信号的股票:
20260415 09:55:02- INFO-   1. SHSE.605255 - 天普股份 - 仓位: 0.4000
20260415 11:28:28- INFO- 新增数据行数: 5267
20260416 09:27:50- INFO- 新增数据行数: 5266
20260416 09:28:27- INFO- 回测信号参数: {'low': -5, 'high': -2.5, 'mv_min': 30, 'mv_max': 1000, 'prev_limit_status': ['断板', '炸板'], 'avg_limit_turnover_5_min': -1}
20260416 09:28:27- INFO- 回测时间区间: 2025-12-01 至 2026-04-16
20260416 09:28:27- INFO- 使用40个进程并行处理，共84个日期任务
20260416 09:28:29- INFO- 获取SHSE.600396在2026-04-16 到 2026-05-01股票数据失败
20260416 09:28:29- INFO- 所有回测任务完成，共处理83个日期的结果
20260416 09:28:29- INFO- 总调整天数: 13, 调整正确率: 53.85%, 预计平均亏损改善: 2.9398%
20260416 09:28:29- INFO- 总调整天数: 13, 调整正确率: 53.33%, 预计平均亏损改善: 2.5741%
20260416 09:28:29- INFO- 回测结果(不风控):
20260416 09:28:29- INFO- 回测结果(触及跌停风控):
20260416 09:28:29- INFO- 日期：2026-04-16
20260416 09:28:29- INFO- 今天的所有信号的股票:
20260416 09:28:29- INFO-   1. SZSE.001299 - 美能能源 - 仓位: 0.4000
20260416 09:28:29- INFO-   2. SHSE.600396 - 华电辽能 - 仓位: 0.4000
20260416 09:28:29- INFO-   3. SHSE.601588 - 北辰实业 - 仓位: 0.4000
20260416 10:02:01- INFO- 新增数据行数: 5266
20260416 10:02:07- INFO- 回测信号参数: {'low': -5, 'high': -2.5, 'mv_min': 30, 'mv_max': 1000, 'prev_limit_status': ['断板', '炸板'], 'avg_limit_turnover_5_min': -1}
20260416 10:02:07- INFO- 回测时间区间: 2025-12-01 至 2026-04-16
20260416 10:02:07- INFO- 使用40个进程并行处理，共84个日期任务
20260416 10:02:09- INFO- 获取SHSE.600396在2026-04-16 到 2026-05-01股票数据失败
20260416 10:02:09- INFO- 所有回测任务完成，共处理83个日期的结果
20260416 10:02:09- INFO- 总调整天数: 13, 调整正确率: 53.85%, 预计平均亏损改善: 2.9398%
20260416 10:02:09- INFO- 总调整天数: 13, 调整正确率: 53.33%, 预计平均亏损改善: 2.5741%
20260416 10:02:09- INFO- 回测结果(不风控):
20260416 10:02:09- INFO- 回测结果(触及跌停风控):
20260416 10:02:09- INFO- 日期：2026-04-16
20260416 10:02:09- INFO- 今天的所有信号的股票:
20260416 10:02:09- INFO-   1. SZSE.001299 - 美能能源 - 仓位: 0.4000
20260416 10:02:09- INFO-   2. SHSE.600396 - 华电辽能 - 仓位: 0.4000
20260416 10:02:09- INFO-   3. SHSE.601588 - 北辰实业 - 仓位: 0.4000
20260416 14:56:39- INFO- 新增数据行数: 5266
20260417 09:27:50- INFO- 新增数据行数: 5269
20260417 09:27:53- INFO- 回测信号参数: {'low': -5, 'high': -2.5, 'mv_min': 30, 'mv_max': 1000, 'prev_limit_status': ['断板', '炸板'], 'avg_limit_turnover_5_min': -1}
20260417 09:27:53- INFO- 回测时间区间: 2025-12-01 至 2026-04-17
20260417 09:27:53- INFO- 使用40个进程并行处理，共85个日期任务
20260417 09:27:55- INFO- 获取SHSE.600152在2026-04-17 到 2026-05-02股票数据失败
20260417 09:27:55- INFO- 所有回测任务完成，共处理84个日期的结果
20260417 09:27:55- INFO- 总调整天数: 13, 调整正确率: 53.85%, 预计平均亏损改善: 2.9398%
20260417 09:27:55- INFO- 总调整天数: 13, 调整正确率: 53.33%, 预计平均亏损改善: 2.5741%
20260417 09:27:55- INFO- 回测结果(不风控):
20260417 09:27:55- INFO- 回测结果(触及跌停风控):
20260417 09:27:55- INFO- 日期：2026-04-17
20260417 09:27:55- INFO- 今天的所有信号的股票:
20260417 09:27:55- INFO-   1. SHSE.603459 - 红板科技 - 仓位: 0.4000
20260417 09:27:55- INFO-   2. SZSE.002824 - 和胜股份 - 仓位: 0.4000
20260417 09:27:55- INFO-   3. SHSE.600152 - 维科技术 - 仓位: 0.4000
20260417 09:27:55- INFO-   4. SZSE.000889 - 中嘉博创 - 仓位: 0.4000
20260417 09:27:55- INFO-   5. SHSE.600664 - 哈药股份 - 仓位: 0.4000
20260417 09:27:55- INFO-   6. SZSE.002124 - 天邦食品 - 仓位: 0.4000
20260417 09:27:55- INFO-   7. SHSE.601588 - 北辰实业 - 仓位: 0.4000
20260417 11:28:51- INFO- 新增数据行数: 5269
20260417 14:56:37- INFO- 新增数据行数: 5269
20260420 09:27:50- INFO- 新增数据行数: 5265
20260420 09:28:44- INFO- 回测信号参数: {'low': -5, 'high': -2.5, 'mv_min': 30, 'mv_max': 1000, 'prev_limit_status': ['断板', '炸板'], 'avg_limit_turnover_5_min': -1}
20260420 09:28:44- INFO- 回测时间区间: 2025-12-01 至 2026-04-20
20260420 09:28:44- INFO- 使用40个进程并行处理，共86个日期任务
20260420 09:28:46- INFO- 获取SHSE.600664在2026-04-20 到 2026-05-05股票数据失败
20260420 09:28:46- INFO- 所有回测任务完成，共处理85个日期的结果
20260420 09:28:47- INFO- 总调整天数: 13, 调整正确率: 53.85%, 预计平均亏损改善: 2.9398%
20260420 09:28:47- INFO- 总调整天数: 13, 调整正确率: 53.33%, 预计平均亏损改善: 2.5741%
20260420 09:28:47- INFO- 回测结果(不风控):
20260420 09:28:47- INFO- 回测结果(触及跌停风控):
20260420 09:28:47- INFO- 日期：2026-04-20
20260420 09:28:47- INFO- 今天的所有信号的股票:
20260420 09:28:47- INFO-   1. SHSE.600664 - 哈药股份 - 仓位: 0.4000
20260420 11:28:05- INFO- 新增数据行数: 5265
20260420 11:31:07- INFO- 新增数据行数: 5265
20260420 11:33:20- INFO- 新增数据行数: 5265
20260420 11:34:08- INFO- 新增数据行数: 5265
20260420 11:34:35- INFO- 新增数据行数: 5265
20260421 09:27:50- INFO- 新增数据行数: 5259
20260421 09:27:54- INFO- 回测信号参数: {'low': -5, 'high': -2.5, 'mv_min': 30, 'mv_max': 1000, 'prev_limit_status': ['断板', '炸板'], 'avg_limit_turnover_5_min': -1}
20260421 09:27:54- INFO- 回测时间区间: 2025-12-01 至 2026-04-21
20260421 09:27:54- INFO- 使用40个进程并行处理，共87个日期任务
20260421 09:27:57- INFO- 获取SHSE.603629在2026-04-21 到 2026-05-06股票数据失败
20260421 09:27:58- INFO- 所有回测任务完成，共处理86个日期的结果
20260421 09:27:58- INFO- 总调整天数: 13, 调整正确率: 53.85%, 预计平均亏损改善: 2.9398%
20260421 09:27:58- INFO- 总调整天数: 13, 调整正确率: 53.33%, 预计平均亏损改善: 2.5741%
20260421 09:27:58- INFO- 回测结果(不风控):
20260421 09:27:58- INFO- 回测结果(触及跌停风控):
20260421 09:27:58- INFO- 日期：2026-04-21
20260421 09:27:58- INFO- 今天的所有信号的股票:
20260421 09:27:58- INFO-   1. SHSE.603629 - 利通电子 - 仓位: 0.4000
20260421 09:27:58- INFO-   2. SZSE.000967 - 盈峰环境 - 仓位: 0.4000
20260421 11:28:50- INFO- 新增数据行数: 5259
20260421 11:30:46- INFO- 新增数据行数: 5259
20260421 11:31:31- INFO- 新增数据行数: 5259
20260421 11:32:40- INFO- 新增数据行数: 5259
20260421 14:56:39- INFO- 新增数据行数: 5259
20260422 09:27:50- INFO- 新增数据行数: 5265
20260422 09:27:53- INFO- 回测信号参数: {'low': -5, 'high': -2.5, 'mv_min': 30, 'mv_max': 1000, 'prev_limit_status': ['断板', '炸板'], 'avg_limit_turnover_5_min': -1}
20260422 09:27:53- INFO- 回测时间区间: 2025-12-01 至 2026-04-22
20260422 09:27:53- INFO- 使用40个进程并行处理，共88个日期任务
20260422 09:27:55- INFO- 获取SHSE.600156在2026-04-22 到 2026-05-07股票数据失败
20260422 09:27:55- INFO- 所有回测任务完成，共处理87个日期的结果
20260422 09:27:55- INFO- 总调整天数: 13, 调整正确率: 53.85%, 预计平均亏损改善: 2.9398%
20260422 09:27:55- INFO- 总调整天数: 13, 调整正确率: 53.33%, 预计平均亏损改善: 2.5741%
20260422 09:27:55- INFO- 回测结果(不风控):
20260422 09:27:55- INFO- 回测结果(触及跌停风控):
20260422 09:27:55- INFO- 日期：2026-04-22
20260422 09:27:55- INFO- 今天的所有信号的股票:
20260422 09:27:55- INFO-   1. SHSE.605222 - 起帆电缆 - 仓位: 0.4000
20260422 09:27:55- INFO-   2. SHSE.600156 - 华升股份 - 仓位: 0.4000
20260422 09:27:55- INFO-   3. SZSE.002418 - 康盛股份 - 仓位: 0.4000
20260422 11:28:54- INFO- 新增数据行数: 5265
20260423 09:27:50- INFO- 新增数据行数: 5265
20260423 09:27:53- INFO- 回测信号参数: {'low': -5, 'high': -2.5, 'mv_min': 30, 'mv_max': 1000, 'prev_limit_status': ['断板', '炸板'], 'avg_limit_turnover_5_min': -1}
20260423 09:27:53- INFO- 回测时间区间: 2025-12-01 至 2026-04-23
20260423 09:27:53- INFO- 使用40个进程并行处理，共89个日期任务
20260423 09:27:55- INFO- 获取SHSE.600103在2026-04-23 到 2026-05-08股票数据失败
20260423 09:27:55- INFO- 所有回测任务完成，共处理88个日期的结果
20260423 09:27:55- INFO- 总调整天数: 13, 调整正确率: 53.85%, 预计平均亏损改善: 2.9398%
20260423 09:27:56- INFO- 总调整天数: 13, 调整正确率: 53.33%, 预计平均亏损改善: 2.5741%
20260423 09:27:56- INFO- 回测结果(不风控):
20260423 09:27:56- INFO- 回测结果(触及跌停风控):
20260423 09:27:56- INFO- 日期：2026-04-23
20260423 09:27:56- INFO- 今天的所有信号的股票:
20260423 09:27:56- INFO-   1. SZSE.001400 - 江顺科技 - 仓位: 0.4000
20260423 09:27:56- INFO-   2. SHSE.603017 - 中衡设计 - 仓位: 0.4000
20260423 09:27:56- INFO-   3. SHSE.600103 - 青山纸业 - 仓位: 0.4000
20260423 11:28:24- INFO- 新增数据行数: 5265
20260423 14:56:35- INFO- 新增数据行数: 5265
20260424 09:27:50- INFO- 新增数据行数: 5261
20260424 09:27:53- INFO- 回测信号参数: {'low': -5, 'high': -2.5, 'mv_min': 30, 'mv_max': 1000, 'prev_limit_status': ['断板', '炸板'], 'avg_limit_turnover_5_min': -1}
20260424 09:27:53- INFO- 回测时间区间: 2025-12-01 至 2026-04-24
20260424 09:27:53- INFO- 使用40个进程并行处理，共90个日期任务
20260424 09:27:57- INFO- 获取SHSE.600979在2026-04-24 到 2026-05-09股票数据失败
20260424 09:27:57- INFO- 所有回测任务完成，共处理89个日期的结果
20260424 09:27:57- INFO- 总调整天数: 13, 调整正确率: 53.85%, 预计平均亏损改善: 2.9398%
20260424 09:27:57- INFO- 总调整天数: 13, 调整正确率: 53.33%, 预计平均亏损改善: 2.5741%
20260424 09:27:57- INFO- 回测结果(不风控):
20260424 09:27:57- INFO- 回测结果(触及跌停风控):
20260424 09:27:57- INFO- 日期：2026-04-24
20260424 09:27:57- INFO- 今天的所有信号的股票:
20260424 09:27:57- INFO-   1. SHSE.603115 - 海星股份 - 仓位: 0.4000
20260424 09:27:57- INFO-   2. SZSE.002297 - 博云新材 - 仓位: 0.4000
20260424 09:27:57- INFO-   3. SZSE.002201 - 九鼎新材 - 仓位: 0.4000
20260424 09:27:57- INFO-   4. SHSE.600979 - 广安爱众 - 仓位: 0.4000
20260424 10:41:13- INFO- 新增数据行数: 5261
20260424 10:41:19- INFO- 回测信号参数: {'low': -5, 'high': -2.5, 'mv_min': 30, 'mv_max': 1000, 'prev_limit_status': ['断板', '炸板'], 'avg_limit_turnover_5_min': -1}
20260424 10:41:19- INFO- 回测时间区间: 2025-12-01 至 2026-04-24
20260424 10:41:19- INFO- 使用40个进程并行处理，共90个日期任务
20260424 10:41:21- INFO- 获取SHSE.600979在2026-04-24 到 2026-05-09股票数据失败
20260424 10:41:21- INFO- 所有回测任务完成，共处理89个日期的结果
20260424 10:41:31- INFO- 总调整天数: 13, 调整正确率: 53.85%, 预计平均亏损改善: 2.9398%
20260424 10:41:31- INFO- 总调整天数: 13, 调整正确率: 53.33%, 预计平均亏损改善: 2.5741%
20260424 10:41:31- INFO- 回测结果(不风控):
20260424 10:41:31- INFO- 回测结果(触及跌停风控):
20260424 10:41:31- INFO- 日期：2026-04-24
20260424 10:41:31- INFO- 今天的所有信号的股票:
20260424 10:41:31- INFO-   1. SHSE.603115 - 海星股份 - 仓位: 0.4000
20260424 10:41:31- INFO-   2. SZSE.002297 - 博云新材 - 仓位: 0.4000
20260424 10:41:31- INFO-   3. SZSE.002201 - 九鼎新材 - 仓位: 0.4000
20260424 10:41:31- INFO-   4. SHSE.600979 - 广安爱众 - 仓位: 0.4000
20260424 10:41:31- INFO- 【软件终端连接成功！】
20260424 10:41:31- INFO- 【账户信息订阅成功！】
20260424 10:41:31- INFO- ------------------【51318497】------------------
20260424 10:41:31- INFO- 资产总额: 41782.94
持仓市值：23590.0
可用资金：18194.94

20260424 10:41:31- INFO- 分配资金16713.18, 每单分配资金: 4178.29 
20260424 10:41:35- INFO- 异步批量提交5单总耗时：4.282秒
20260424 10:41:36- INFO- 全部处理完成，回调收到所有订单号
20260424 11:28:21- INFO- 新增数据行数: 5261
20260424 11:28:21- INFO- 【软件终端连接成功！】
20260424 11:28:21- INFO- 【账户信息订阅成功！】
20260424 11:28:21- INFO- 持仓股票: ['600103.SH', '603017.SH', '002201.SZ', '002297.SZ', '600979.SH']

20260424 11:28:21- INFO- SHSE.600103 当前涨幅 -0.07% 小于7% 卖出
20260424 11:28:21- INFO- 第1单提交成功，请求序号：4
20260424 11:28:21- INFO- SHSE.603017 当前涨幅 -0.08% 小于7% 卖出
20260424 11:28:21- INFO- 第2单提交成功，请求序号：5
20260424 11:28:21- INFO- 异步委托回调 async_order_1
20260424 11:28:21- INFO- 异步委托回调 async_order_2
20260424 11:28:22- INFO- 全部处理完成，回调收到所有订单号
20260424 11:34:07- INFO- 【软件终端连接成功！】
20260424 11:34:07- INFO- 【账户信息订阅成功！】
20260424 11:34:16- INFO- 【软件终端连接成功！】
20260424 11:34:16- INFO- 【账户信息订阅成功！】
20260424 11:34:43- INFO- 【软件终端连接成功！】
20260424 11:34:43- INFO- 【账户信息订阅成功！】
20260424 11:34:50- INFO- 【软件终端连接成功！】
20260424 11:34:50- INFO- 【账户信息订阅成功！】
20260424 11:35:15- INFO- 【软件终端连接成功！】
20260424 11:35:15- INFO- 【账户信息订阅成功！】
20260424 11:35:29- INFO- 【软件终端连接成功！】
20260424 11:35:29- INFO- 【账户信息订阅成功！】
20260424 12:21:13- INFO- 【软件终端连接成功！】
20260424 12:21:13- INFO- 【账户信息订阅成功！】
20260424 13:22:04- INFO- 【软件终端连接成功！】
20260424 13:22:04- INFO- 【账户信息订阅成功！】
20260424 13:27:51- INFO- 【软件终端连接成功！】
20260424 13:27:51- INFO- 【账户信息订阅成功！】
20260424 13:37:37- INFO- 【软件终端连接成功！】
20260424 13:37:37- INFO- 【账户信息订阅成功！】
20260424 13:38:05- INFO- 【软件终端连接成功！】
20260424 13:38:05- INFO- 【账户信息订阅成功！】
20260424 13:39:13- INFO- 新增数据行数: 5261
20260424 13:39:19- INFO- 回测信号参数: {'low': -5, 'high': -2.5, 'mv_min': 30, 'mv_max': 1000, 'prev_limit_status': ['断板', '炸板'], 'avg_limit_turnover_5_min': -1}
20260424 13:39:19- INFO- 回测时间区间: 2025-12-01 至 2026-04-24
20260424 13:39:19- INFO- 使用40个进程并行处理，共90个日期任务
20260424 13:39:21- INFO- 获取SHSE.600979在2026-04-24 到 2026-05-09股票数据失败
20260424 13:39:21- INFO- 所有回测任务完成，共处理89个日期的结果
20260424 13:39:21- INFO- 总调整天数: 13, 调整正确率: 53.85%, 预计平均亏损改善: 2.9398%
20260424 13:39:22- INFO- 总调整天数: 13, 调整正确率: 53.33%, 预计平均亏损改善: 2.5741%
20260424 13:39:22- INFO- 回测结果(不风控):
20260424 13:39:22- INFO- 回测结果(触及跌停风控):
20260424 13:39:22- INFO- 日期：2026-04-24
20260424 13:39:22- INFO- 今天的所有信号的股票:
20260424 13:39:22- INFO-   1. SHSE.603115 - 海星股份 - 仓位: 0.4000
20260424 13:39:22- INFO-   2. SZSE.002297 - 博云新材 - 仓位: 0.4000
20260424 13:39:22- INFO-   3. SZSE.002201 - 九鼎新材 - 仓位: 0.4000
20260424 13:39:22- INFO-   4. SHSE.600979 - 广安爱众 - 仓位: 0.4000
20260424 13:39:22- INFO- ------------------【51318497】------------------
20260424 13:39:22- INFO- 资产总额: 41434.94
持仓市值：18713.0
可用资金：22721.94

20260424 13:39:22- INFO- 分配资金16573.98, 每单分配资金: 4143.49 
20260424 13:39:25- INFO- 异步批量提交5单总耗时：3.187秒
20260424 13:39:26- INFO- 全部处理完成，回调收到所有订单号
20260424 19:03:17- INFO- 【软件终端连接成功！】
20260424 19:03:17- INFO- 【账户信息订阅成功！】
20260424 21:06:00- INFO- 【软件终端连接成功！】
20260424 21:06:00- INFO- 【账户信息订阅成功！】
20260425 00:59:04- INFO- 【软件终端连接成功！】
20260425 00:59:04- INFO- 【账户信息订阅成功！】
20260425 04:00:22- INFO- 【软件终端连接成功！】
20260425 04:00:22- INFO- 【账户信息订阅成功！】
20260425 04:00:42- INFO- 【软件终端连接成功！】
20260425 04:00:42- INFO- 【账户信息订阅成功！】
20260425 04:01:01- INFO- 【软件终端连接成功！】
20260425 04:01:01- INFO- 【账户信息订阅成功！】
20260425 04:01:29- INFO- 【软件终端连接成功！】
20260425 04:01:29- INFO- 【账户信息订阅成功！】
20260425 10:41:07- INFO- 资金不足,无法买入 SHSE.600455 13500 股，所需资金 249907.97，当前现金 248847.08
20260425 10:41:07- INFO- 资金不足,无法买入 SHSE.603269 24400 股，所需资金 265970.84，当前现金 265874.79
20260425 10:41:07- INFO- 资金不足,无法买入 SHSE.600520 34200 股，所需资金 263391.63，当前现金 263172.93
20260425 10:41:07- INFO- 资金不足,无法买入 SHSE.603269 24200 股，所需资金 269372.34，当前现金 269205.00
20260425 10:41:07- INFO- 资金不足,无法买入 SZSE.000017 72800 股，所需资金 254053.55，当前现金 253454.71
20260425 10:41:07- INFO- 资金不足,无法买入 SZSE.000702 74300 股，所需资金 336776.59，当前现金 336247.60
20260425 10:41:07- INFO- 资金不足,无法买入 SZSE.000017 69600 股，所需资金 258241.25，当前现金 257686.17
20260425 10:41:07- INFO- 资金不足,无法买入 SZSE.002417 70300 股，所需资金 336975.15，当前现金 336563.59
20260425 10:41:07- INFO- 资金不足,无法买入 SZSE.002417 72800 股，所需资金 316836.90，当前现金 316424.59
20260425 10:41:07- INFO- 资金不足,无法买入 SHSE.603029 25600 股，所需资金 341947.03，当前现金 341515.85
20260425 10:41:07- INFO- 资金不足,无法买入 SZSE.000017 75200 股，所需资金 256396.10，当前现金 255500.46
20260425 10:41:07- INFO- 资金不足,无法买入 SHSE.603389 54700 股，所需资金 285236.65，当前现金 284555.51
20260425 10:41:07- INFO- 资金不足,无法买入 SHSE.600137 23700 股，所需资金 321321.43，当前现金 320799.90
20260425 10:41:07- INFO- 资金不足,无法买入 SHSE.600455 15800 股，所需资金 348890.43，当前现金 348122.79
20260425 10:41:07- INFO- 资金不足,无法买入 SHSE.603389 65800 股，所需资金 362253.75，当前现金 361536.34
20260425 10:41:07- INFO- 资金不足,无法买入 SHSE.603580 39000 股，所需资金 350418.69，当前现金 349604.13
20260425 10:41:07- INFO- 资金不足,无法买入 SHSE.603269 34300 股，所需资金 382484.25，当前现金 381794.47
20260425 10:41:08- INFO- 资金不足,无法买入 SHSE.603286 28200 股，所需资金 417114.97，当前现金 416219.91
20260425 10:41:08- INFO- 资金不足,无法买入 SZSE.000691 102200 股，所需资金 425317.88，当前现金 423496.97
20260425 10:41:08- INFO- 资金不足,无法买入 SHSE.600520 53700 股，所需资金 444265.80，当前现金 443173.94
20260425 10:41:08- INFO- 资金不足,无法买入 SHSE.603813 28500 股，所需资金 427839.93，当前现金 426946.59
20260425 10:41:08- INFO- 资金不足,无法买入 SHSE.600689 53100 股，所需资金 477108.53，当前现金 475051.03
20260425 10:41:08- INFO- 资金不足,无法买入 SZSE.002719 74400 股，所需资金 529719.47，当前现金 529044.64
20260425 10:41:08- INFO- 资金不足,无法买入 SZSE.000691 117800 股，所需资金 496145.70，当前现金 494967.50
20260425 10:41:08- INFO- 资金不足,无法买入 SHSE.600137 35700 股，所需资金 510507.81，当前现金 509817.38
20260425 10:41:08- INFO- 资金不足,无法买入 SHSE.600689 60300 股，所需资金 492821.41，当前现金 491658.49
20260425 10:41:08- INFO- 资金不足,无法买入 SHSE.600137 45400 股，所需资金 666517.54，当前现金 665820.78
20260425 10:41:08- INFO- 资金不足,无法买入 SZSE.002719 81700 股，所需资金 671816.33，当前现金 670700.56
20260425 10:41:08- INFO- 资金不足,无法买入 SHSE.600137 44600 股，所需资金 659245.22，当前现金 658801.77
20260425 10:41:08- INFO- 资金不足,无法买入 SHSE.603269 56300 股，所需资金 631761.46，当前现金 631103.72
20260425 10:41:08- INFO- 资金不足,无法买入 SHSE.600137 49800 股，所需资金 698153.89，当前现金 697192.32
20260425 10:41:08- INFO- 资金不足,无法买入 SHSE.603269 58100 股，所需资金 779555.24，当前现金 778213.20
20260425 10:41:08- INFO- 资金不足,无法买入 SHSE.600455 22100 股，所需资金 536317.90，当前现金 535769.52
20260425 10:41:08- INFO- 资金不足,无法买入 SHSE.600539 79000 股，所需资金 562470.94，当前现金 561310.42
20260425 10:41:08- INFO- 资金不足,无法买入 SHSE.600137 34100 股，所需资金 541656.81，当前现金 540838.03
20260425 10:41:08- INFO- 资金不足,无法买入 SZSE.000691 115200 股，所需资金 548732.57，当前现金 547710.44
20260425 10:41:08- INFO- 资金不足,无法买入 SHSE.600768 50500 股，所需资金 511478.52，当前现金 508556.49
20260425 10:41:08- INFO- 资金不足,无法买入 SHSE.600493 93200 股，所需资金 519643.33，当前现金 518465.38
20260425 10:41:08- INFO- 资金不足,无法买入 SHSE.600272 57000 股，所需资金 509292.42，当前现金 508128.38
20260425 10:41:08- INFO- 资金不足,无法买入 SHSE.600539 87700 股，所需资金 592753.52，当前现金 591388.60
20260425 10:41:08- INFO- 资金不足,无法买入 SZSE.000691 123300 股，所需资金 609571.49，当前现金 608192.99
20260425 10:41:08- INFO- 资金不足,无法买入 SHSE.603813 40600 股，所需资金 601748.64，当前现金 601100.28
20260425 10:41:08- INFO- 资金不足,无法买入 SHSE.600689 138900 股，所需资金 1443034.29，当前现金 1440276.80
20260425 10:41:08- INFO- 资金不足,无法买入 SHSE.603272 99100 股，所需资金 1723206.79，当前现金 1718936.53
20260425 10:41:08- INFO- 资金不足,无法买入 SZSE.002188 195100 股，所需资金 729761.17，当前现金 724261.07
20260425 10:41:08- INFO- 资金不足,无法买入 SHSE.600455 49000 股，所需资金 784230.30，当前现金 782436.96
20260425 10:41:08- INFO- 资金不足,无法买入 SHSE.600137 70500 股，所需资金 985522.49，当前现金 981973.15
20260425 10:41:08- INFO- 资金不足,无法买入 SHSE.603272 77600 股，所需资金 910462.86，当前现金 908650.01
20260425 10:41:08- INFO- 资金不足,无法买入 SHSE.600455 57200 股，所需资金 1048544.51，当前现金 1040034.88
20260425 10:41:08- INFO- 资金不足,无法买入 SZSE.000890 322400 股，所需资金 879384.06，当前现金 875387.79
20260425 10:41:08- INFO- 资金不足,无法买入 SHSE.600137 81500 股，所需资金 1008526.74，当前现金 1006421.38
20260425 10:41:08- INFO- 资金不足,无法买入 SHSE.600493 188800 股，所需资金 804647.32，当前现金 802743.34
20260425 10:41:09- INFO- 资金不足,无法买入 SHSE.600689 122100 股，所需资金 841176.34，当前现金 839669.63
20260425 10:41:09- INFO- 资金不足,无法买入 SHSE.603709 66500 股，所需资金 790898.92，当前现金 789921.66
20260425 10:41:09- INFO- 资金不足,无法买入 SHSE.600689 114300 股，所需资金 765662.44，当前现金 764284.56
20260425 10:41:09- INFO- 资金不足,无法买入 SHSE.603709 107700 股，所需资金 919093.96，当前现金 916994.16
20260425 10:41:09- INFO- 资金不足,无法买入 SHSE.600137 74100 股，所需资金 858252.04，当前现金 856169.94
20260425 10:41:09- INFO- 资金不足,无法买入 SZSE.001211 64100 股，所需资金 923696.82，当前现金 920303.13
20260425 10:41:09- INFO- 资金不足,无法买入 SHSE.600689 144500 股，所需资金 972310.59，当前现金 970167.42
20260425 10:41:09- INFO- 资金不足,无法买入 SHSE.600455 53300 股，所需资金 857860.94，当前现金 855749.63
20260425 10:41:09- INFO- 资金不足,无法买入 SHSE.600137 75700 股，所需资金 856287.55，当前现金 854928.88
20260425 10:41:09- INFO- 资金不足,无法买入 SHSE.600768 127000 股，所需资金 974271.07，当前现金 970650.23
20260425 10:41:09- INFO- 资金不足,无法买入 SHSE.600689 130600 股，所需资金 1077848.35，当前现金 1075871.91
20260425 10:41:09- INFO- 资金不足,无法买入 SHSE.600455 103800 股，所需资金 2382636.53，当前现金 2376730.27
20260425 10:41:09- INFO- 资金不足,无法买入 SHSE.600493 262200 股，所需资金 1388293.40，当前现金 1385005.30
20260425 10:41:09- INFO- 资金不足,无法买入 SZSE.001211 70400 股，所需资金 1358995.58，当前现金 1356335.29
20260425 10:41:09- INFO- 资金不足,无法买入 SZSE.002188 254800 股，所需资金 1147256.20，当前现金 1138618.52
20260425 10:41:09- INFO- 资金不足,无法买入 SHSE.600493 212000 股，所需资金 1162887.86，当前现金 1160161.37
20260425 10:41:09- INFO- 资金不足,无法买入 SZSE.002652 409600 股，所需资金 1219919.15，当前现金 1217013.56
20260425 10:41:09- INFO- 资金不足,无法买入 SHSE.600137 77800 股，所需资金 1245945.84，当前现金 1242877.37
20260425 10:41:09- INFO- 资金不足,无法买入 SZSE.002652 419400 股，所需资金 1122934.27，当前现金 1117468.02
20260425 10:41:09- INFO- 资金不足,无法买入 SHSE.603729 73700 股，所需资金 1155896.33，当前现金 1146191.10
20260425 10:41:09- INFO- 资金不足,无法买入 SHSE.600671 97500 股，所需资金 1216297.03，当前现金 1214023.62
20260425 10:41:09- INFO- 资金不足,无法买入 SHSE.600493 220100 股，所需资金 1297812.70，当前现金 1294735.75
20260425 10:41:09- INFO- 资金不足,无法买入 SZSE.001211 58300 股，所需资金 1316008.52，当前现金 1313826.36
20260425 10:41:09- INFO- 资金不足,无法买入 SHSE.600671 96800 股，所需资金 1261924.46，当前现金 1256165.76
20260425 10:41:09- INFO- 资金不足,无法买入 SZSE.001211 59200 股，所需资金 1347603.76，当前现金 1344851.99
20260425 10:41:09- INFO- 资金不足,无法买入 SHSE.600455 49800 股，所需资金 1456235.16，当前现金 1454836.62
20260425 10:41:09- INFO- 资金不足,无法买入 SZSE.001336 70700 股，所需资金 1556211.39，当前现金 1552974.17
20260425 10:41:09- INFO- 资金不足,无法买入 SHSE.600493 240500 股，所需资金 1627921.67，当前现金 1623951.09
20260425 10:41:09- INFO- 资金不足,无法买入 SZSE.001211 65700 股，所需资金 1541026.98，当前现金 1538115.62
20260425 10:41:09- INFO- 资金不足,无法买入 SHSE.600493 263500 股，所需资金 1736043.64，当前现金 1731954.69
20260425 10:41:09- INFO- 资金不足,无法买入 SHSE.600137 94800 股，所需资金 1760613.27，当前现金 1756419.11
20260425 10:41:09- INFO- 资金不足,无法买入 SZSE.001211 70900 股，所需资金 1841453.05，当前现金 1838285.80
20260425 10:41:09- INFO- 资金不足,无法买入 SHSE.600137 64900 股，所需资金 1315953.36，当前现金 1313104.84
20260425 10:41:09- INFO- 资金不足,无法买入 SZSE.002316 390900 股，所需资金 1850215.52，当前现金 1845996.57
20260425 11:25:36- INFO- 资金不足,无法买入 SHSE.600455 13500 股，所需资金 249907.97，当前现金 248847.08
20260425 11:25:36- INFO- 资金不足,无法买入 SHSE.603269 24400 股，所需资金 265970.84，当前现金 265874.79
20260425 11:25:36- INFO- 资金不足,无法买入 SHSE.600520 34200 股，所需资金 263391.63，当前现金 263172.93
20260425 11:25:36- INFO- 资金不足,无法买入 SHSE.603269 24200 股，所需资金 269372.34，当前现金 269205.00
20260425 11:25:36- INFO- 资金不足,无法买入 SZSE.000017 72800 股，所需资金 254053.55，当前现金 253454.71
20260425 11:25:36- INFO- 资金不足,无法买入 SZSE.000702 74300 股，所需资金 336776.59，当前现金 336247.60
20260425 11:25:36- INFO- 资金不足,无法买入 SZSE.000017 69600 股，所需资金 258241.25，当前现金 257686.17
20260425 11:25:36- INFO- 资金不足,无法买入 SZSE.002417 70300 股，所需资金 336975.15，当前现金 336563.59
20260425 11:25:36- INFO- 资金不足,无法买入 SZSE.002417 72800 股，所需资金 316836.90，当前现金 316424.59
20260425 11:25:36- INFO- 资金不足,无法买入 SHSE.603029 25600 股，所需资金 341947.03，当前现金 341515.85
20260425 11:25:36- INFO- 资金不足,无法买入 SHSE.603709 16700 股，所需资金 256225.62，当前现金 255329.99
20260425 11:25:36- INFO- 资金不足,无法买入 SHSE.603389 54700 股，所需资金 285236.65，当前现金 284555.51
20260425 11:25:37- INFO- 资金不足,无法买入 SHSE.600137 23700 股，所需资金 321321.43，当前现金 320799.90
20260425 11:25:37- INFO- 资金不足,无法买入 SHSE.600455 15800 股，所需资金 348890.43，当前现金 348122.79
20260425 11:25:37- INFO- 资金不足,无法买入 SHSE.603389 65800 股，所需资金 362253.75，当前现金 361536.34
20260425 11:25:37- INFO- 资金不足,无法买入 SHSE.603580 39000 股，所需资金 350418.69，当前现金 349604.13
20260425 11:25:37- INFO- 资金不足,无法买入 SHSE.603269 34300 股，所需资金 382484.25，当前现金 381794.47
20260425 11:25:37- INFO- 资金不足,无法买入 SHSE.603286 28200 股，所需资金 417114.97，当前现金 416219.91
20260425 11:25:37- INFO- 资金不足,无法买入 SZSE.000691 102200 股，所需资金 425317.88，当前现金 423496.97
20260425 11:25:37- INFO- 资金不足,无法买入 SHSE.600520 53700 股，所需资金 444265.80，当前现金 443173.94
20260425 11:25:37- INFO- 资金不足,无法买入 SHSE.603813 28500 股，所需资金 427839.93，当前现金 426946.59
20260425 11:25:37- INFO- 资金不足,无法买入 SHSE.603269 39400 股，所需资金 476889.92，当前现金 474832.42
20260425 11:25:37- INFO- 资金不足,无法买入 SZSE.002719 74400 股，所需资金 529719.47，当前现金 529044.64
20260425 11:25:37- INFO- 资金不足,无法买入 SZSE.000691 117800 股，所需资金 496145.70，当前现金 494967.50
20260425 11:25:37- INFO- 资金不足,无法买入 SHSE.600137 35700 股，所需资金 510507.81，当前现金 509817.38
20260425 11:25:37- INFO- 资金不足,无法买入 SHSE.600689 60300 股，所需资金 492821.41，当前现金 491658.49
20260425 11:25:37- INFO- 资金不足,无法买入 SHSE.600137 45400 股，所需资金 666517.54，当前现金 665820.78
20260425 11:25:37- INFO- 资金不足,无法买入 SZSE.002719 81700 股，所需资金 671816.33，当前现金 670700.56
20260425 11:25:37- INFO- 资金不足,无法买入 SHSE.600137 44600 股，所需资金 659245.22，当前现金 658801.77
20260425 11:25:37- INFO- 资金不足,无法买入 SHSE.603269 56300 股，所需资金 631761.46，当前现金 631103.72
20260425 11:25:37- INFO- 资金不足,无法买入 SHSE.600137 49800 股，所需资金 698153.89，当前现金 697192.32
20260425 11:25:37- INFO- 资金不足,无法买入 SHSE.603269 58100 股，所需资金 779555.24，当前现金 778213.20
20260425 11:25:37- INFO- 资金不足,无法买入 SHSE.600455 22100 股，所需资金 536317.90，当前现金 535769.52
20260425 11:25:37- INFO- 资金不足,无法买入 SHSE.600539 79000 股，所需资金 562470.94，当前现金 561310.42
20260425 11:25:37- INFO- 资金不足,无法买入 SHSE.600137 34100 股，所需资金 541656.81，当前现金 540838.03
20260425 11:25:37- INFO- 资金不足,无法买入 SZSE.000691 115200 股，所需资金 548732.57，当前现金 547710.44
20260425 11:25:37- INFO- 资金不足,无法买入 SHSE.600455 23200 股，所需资金 511596.85，当前现金 508674.82
20260425 11:25:37- INFO- 资金不足,无法买入 SHSE.600493 93200 股，所需资金 519643.33，当前现金 518465.38
20260425 11:25:37- INFO- 资金不足,无法买入 SHSE.600272 57000 股，所需资金 509292.42，当前现金 508128.38
20260425 11:25:37- INFO- 资金不足,无法买入 SHSE.600539 87700 股，所需资金 592753.52，当前现金 591388.60
20260425 11:25:37- INFO- 资金不足,无法买入 SZSE.000691 123300 股，所需资金 609571.49，当前现金 608192.99
20260425 11:25:37- INFO- 资金不足,无法买入 SHSE.603813 40600 股，所需资金 601748.64，当前现金 601100.28
20260425 11:25:37- INFO- 资金不足,无法买入 SHSE.600689 138900 股，所需资金 1443034.29，当前现金 1440276.80
20260425 11:25:37- INFO- 资金不足,无法买入 SHSE.603272 99100 股，所需资金 1723206.79，当前现金 1718936.53
20260425 11:25:37- INFO- 资金不足,无法买入 SZSE.002211 297000 股，所需资金 729687.97，当前现金 724187.86
20260425 11:25:37- INFO- 资金不足,无法买入 SHSE.600455 49000 股，所需资金 784230.30，当前现金 782436.96
20260425 11:25:37- INFO- 资金不足,无法买入 SHSE.600768 110300 股，所需资金 985525.50，当前现金 981976.16
20260425 11:25:37- INFO- 资金不足,无法买入 SHSE.603272 77600 股，所需资金 910462.86，当前现金 908650.01
20260425 11:25:38- INFO- 资金不足,无法买入 SZSE.002652 418700 股，所需资金 1049681.69，当前现金 1041172.06
20260425 11:25:38- INFO- 资金不足,无法买入 SZSE.002072 267400 股，所需资金 879528.46，当前现金 875532.19
20260425 11:25:38- INFO- 资金不足,无法买入 SHSE.600137 81500 股，所需资金 1008526.74，当前现金 1006421.38
20260425 11:25:38- INFO- 资金不足,无法买入 SHSE.600493 188800 股，所需资金 804647.32，当前现金 802743.34
20260425 11:25:38- INFO- 资金不足,无法买入 SHSE.600689 122100 股，所需资金 841176.34，当前现金 839669.63
20260425 11:25:38- INFO- 资金不足,无法买入 SHSE.603709 66500 股，所需资金 790898.92，当前现金 789921.66
20260425 11:25:38- INFO- 资金不足,无法买入 SHSE.600689 114300 股，所需资金 765662.44，当前现金 764284.56
20260425 11:25:38- INFO- 资金不足,无法买入 SHSE.603709 107700 股，所需资金 919093.96，当前现金 916994.16
20260425 11:25:38- INFO- 资金不足,无法买入 SHSE.600137 74100 股，所需资金 858252.04，当前现金 856169.94
20260425 11:25:38- INFO- 资金不足,无法买入 SZSE.001211 64100 股，所需资金 923696.82，当前现金 920303.13
20260425 11:25:38- INFO- 资金不足,无法买入 SHSE.600689 144500 股，所需资金 972310.59，当前现金 970167.42
20260425 11:25:38- INFO- 资金不足,无法买入 SHSE.600455 53300 股，所需资金 857860.94，当前现金 855749.63
20260425 11:25:38- INFO- 资金不足,无法买入 SHSE.600137 75700 股，所需资金 856287.55，当前现金 854928.88
20260425 11:25:38- INFO- 资金不足,无法买入 SHSE.600768 127000 股，所需资金 974271.07，当前现金 970650.23
20260425 11:25:38- INFO- 资金不足,无法买入 SHSE.600689 130600 股，所需资金 1077848.35，当前现金 1075871.91
20260425 11:25:38- INFO- 资金不足,无法买入 SHSE.600455 103800 股，所需资金 2382636.53，当前现金 2376730.27
20260425 11:25:38- INFO- 资金不足,无法买入 SHSE.600493 262200 股，所需资金 1388293.40，当前现金 1385005.30
20260425 11:25:38- INFO- 资金不足,无法买入 SZSE.001211 70400 股，所需资金 1358995.58，当前现金 1356335.29
20260425 11:25:38- INFO- 资金不足,无法买入 SHSE.600455 50900 股，所需资金 1145905.43，当前现金 1137267.74
20260425 11:25:38- INFO- 资金不足,无法买入 SHSE.600493 212000 股，所需资金 1162887.86，当前现金 1160161.37
20260425 11:25:38- INFO- 资金不足,无法买入 SZSE.002652 409600 股，所需资金 1219919.15，当前现金 1217013.56
20260425 11:25:38- INFO- 资金不足,无法买入 SHSE.600137 77800 股，所需资金 1245945.84，当前现金 1242877.37
20260425 11:25:38- INFO- 资金不足,无法买入 SZSE.002898 142300 股，所需资金 1123037.56，当前现金 1117571.31
20260425 11:25:38- INFO- 资金不足,无法买入 SZSE.002652 395000 股，所需资金 1156630.39，当前现金 1146925.15
20260425 11:25:38- INFO- 资金不足,无法买入 SHSE.600671 97500 股，所需资金 1216297.03，当前现金 1214023.62
20260425 11:25:38- INFO- 资金不足,无法买入 SHSE.600493 220100 股，所需资金 1297812.70，当前现金 1294735.75
20260425 11:25:38- INFO- 资金不足,无法买入 SZSE.001211 58300 股，所需资金 1316008.52，当前现金 1313826.36
20260425 11:25:38- INFO- 资金不足,无法买入 SHSE.600493 217400 股，所需资金 1262271.43，当前现金 1256512.73
20260425 11:25:38- INFO- 资金不足,无法买入 SZSE.001211 59200 股，所需资金 1347603.76，当前现金 1344851.99
20260425 11:25:38- INFO- 资金不足,无法买入 SHSE.600455 49800 股，所需资金 1456235.16，当前现金 1454836.62
20260425 11:25:38- INFO- 资金不足,无法买入 SZSE.001336 70700 股，所需资金 1556211.39，当前现金 1552974.17
20260425 11:25:38- INFO- 资金不足,无法买入 SHSE.600493 240500 股，所需资金 1627921.67，当前现金 1623951.09
20260425 11:25:38- INFO- 资金不足,无法买入 SZSE.001211 65700 股，所需资金 1541026.98，当前现金 1538115.62
20260425 11:25:38- INFO- 资金不足,无法买入 SHSE.600493 263500 股，所需资金 1736043.64，当前现金 1731954.69
20260425 11:25:38- INFO- 资金不足,无法买入 SHSE.600137 94800 股，所需资金 1760613.27，当前现金 1756419.11
20260425 11:25:38- INFO- 资金不足,无法买入 SZSE.001211 70900 股，所需资金 1841453.05，当前现金 1838285.80
20260425 11:25:38- INFO- 资金不足,无法买入 SHSE.600137 64900 股，所需资金 1315953.36，当前现金 1313104.84
20260425 11:25:38- INFO- 资金不足,无法买入 SZSE.002316 390900 股，所需资金 1850215.52，当前现金 1845996.57
20260427 21:06:01- INFO- 【软件终端连接成功！】
20260427 21:06:01- INFO- 【账户信息订阅成功！】
20260428 08:55:13- INFO- 【软件终端连接成功！】
20260428 08:55:13- INFO- 【账户信息订阅成功！】
20260428 09:27:03- INFO- 【软件终端连接成功！】
20260428 09:27:03- INFO- 【账户信息订阅成功！】
20260428 09:27:49- INFO- 【软件终端连接成功！】
20260428 09:27:49- INFO- 【账户信息订阅成功！】
20260428 09:27:51- INFO- 新增数据行数: 5256
20260428 09:27:54- INFO- 回测信号参数: {'low': -5, 'high': -2.5, 'mv_min': 30, 'mv_max': 1000, 'prev_limit_status': ['断板', '炸板'], 'avg_limit_turnover_5_min': -1}
20260428 09:27:54- INFO- 回测时间区间: 2025-12-01 至 2026-04-28
20260428 09:27:54- INFO- 使用40个进程并行处理，共92个日期任务
20260428 09:27:58- INFO- 获取SHSE.600770在2026-04-28 到 2026-05-13股票数据失败
20260428 09:27:58- INFO- 所有回测任务完成，共处理91个日期的结果
20260428 09:27:58- INFO- 总调整天数: 13, 调整正确率: 53.85%, 预计平均亏损改善: 2.9398%
20260428 09:27:58- INFO- 总调整天数: 14, 调整正确率: 50.79%, 预计平均亏损改善: 2.5741%
20260428 09:27:58- INFO- 回测结果(不风控):
20260428 09:27:58- INFO- 回测结果(触及跌停风控):
20260428 09:27:58- INFO- 日期：2026-04-28
20260428 09:27:58- INFO- 今天的所有信号的股票:
20260428 09:27:58- INFO-   1. SHSE.603618 - 杭电股份 - 仓位: 0.0000
20260428 09:27:58- INFO-   2. SHSE.603060 - 国检集团 - 仓位: 0.0000
20260428 09:27:58- INFO-   3. SHSE.600770 - 综艺股份 - 仓位: 0.0000
20260428 09:27:58- INFO- ------------------【51318497】------------------
20260428 09:27:58- INFO- 资产总额: 41204.87
持仓市值：8921.0
可用资金：32283.87

20260428 09:27:58- INFO- 分配资金0.00, 每单分配资金: 0.00 
20260428 09:27:58- INFO- 信号空仓
20260428 09:28:35- INFO- 无法下单 SHSE.603618，分配资金: 0.00, 开盘价: 29.31
20260428 09:28:35- INFO- 无法下单 SHSE.603060，分配资金: 0.00, 开盘价: 6.81
20260428 09:28:35- INFO- 无法下单 SHSE.600770，分配资金: 0.00, 开盘价: 6.71
20260428 09:28:35- INFO- 异步批量提交5单总耗时：36.719秒
20260428 09:28:36- INFO- 全部处理完成，回调收到所有订单号
20260428 09:57:01- INFO- 【软件终端连接成功！】
20260428 09:57:01- INFO- 【账户信息订阅成功！】
20260428 11:27:55- INFO- 【软件终端连接成功！】
20260428 11:27:55- INFO- 【账户信息订阅成功！】
20260428 11:28:06- INFO- 新增数据行数: 5256
20260428 11:28:06- INFO- 持仓股票: ['600979.SH', '002201.SZ']

20260428 11:28:07- INFO- 全部处理完成，回调收到所有订单号
20260428 13:11:38- INFO- 【软件终端连接成功！】
20260428 13:11:38- INFO- 【账户信息订阅成功！】
20260428 13:11:49- INFO- 【软件终端连接成功！】
20260428 13:11:49- INFO- 【账户信息订阅成功！】
20260428 13:12:31- INFO- 新增数据行数: 5256
20260428 13:12:38- INFO- 回测信号参数: {'low': -5, 'high': -2.5, 'mv_min': 30, 'mv_max': 1000, 'prev_limit_status': ['断板', '炸板'], 'avg_limit_turnover_5_min': -1}
20260428 13:12:38- INFO- 回测时间区间: 2025-12-01 至 2026-04-28
20260428 13:12:38- INFO- 使用40个进程并行处理，共92个日期任务
20260428 13:12:41- INFO- 获取SHSE.600770在2026-04-28 到 2026-05-13股票数据失败
20260428 13:12:41- INFO- 所有回测任务完成，共处理91个日期的结果
20260428 13:12:41- INFO- 总调整天数: 13, 调整正确率: 53.85%, 预计平均亏损改善: 2.9398%
20260428 13:12:41- INFO- 总调整天数: 14, 调整正确率: 50.79%, 预计平均亏损改善: 2.5741%
20260428 13:12:41- INFO- 回测结果(不风控):
20260428 13:12:41- INFO- 回测结果(触及跌停风控):
20260428 13:12:41- INFO- 日期：2026-04-28
20260428 13:12:41- INFO- 今天的所有信号的股票:
20260428 13:12:41- INFO-   1. SHSE.603618 - 杭电股份 - 仓位: 0.0000
20260428 13:12:41- INFO-   2. SHSE.603060 - 国检集团 - 仓位: 0.0000
20260428 13:12:41- INFO-   3. SHSE.600770 - 综艺股份 - 仓位: 0.0000
20260428 13:12:41- INFO- ------------------【51318497】------------------
20260428 13:12:41- INFO- 资产总额: 41417.54
持仓市值：0.0
可用资金：41417.54

20260428 13:12:41- INFO- 分配资金0.00, 每单分配资金: 0.00 
20260428 13:12:41- INFO- 信号空仓
20260428 13:14:52- INFO- 【软件终端连接成功！】
20260428 13:14:52- INFO- 【账户信息订阅成功！】
20260428 13:15:14- INFO- 新增数据行数: 5256
20260428 13:15:20- INFO- 回测信号参数: {'low': -5, 'high': -2.5, 'mv_min': 30, 'mv_max': 1000, 'prev_limit_status': ['断板', '炸板'], 'avg_limit_turnover_5_min': -1}
20260428 13:15:20- INFO- 回测时间区间: 2025-12-01 至 2026-04-28
20260428 13:15:20- INFO- 使用40个进程并行处理，共92个日期任务
20260428 13:15:23- INFO- 获取SHSE.600770在2026-04-28 到 2026-05-13股票数据失败
20260428 13:15:23- INFO- 所有回测任务完成，共处理91个日期的结果
20260428 13:15:23- INFO- 总调整天数: 13, 调整正确率: 53.85%, 预计平均亏损改善: 2.9398%
20260428 13:15:23- INFO- 总调整天数: 14, 调整正确率: 50.79%, 预计平均亏损改善: 2.5741%
20260428 13:15:23- INFO- 回测结果(不风控):
20260428 13:15:23- INFO- 回测结果(触及跌停风控):
20260428 13:15:23- INFO- 日期：2026-04-28
20260428 13:15:23- INFO- 今天的所有信号的股票:
20260428 13:15:23- INFO-   1. SHSE.603618 - 杭电股份 - 仓位: 0.0000
20260428 13:15:23- INFO-   2. SHSE.603060 - 国检集团 - 仓位: 0.0000
20260428 13:15:23- INFO-   3. SHSE.600770 - 综艺股份 - 仓位: 0.0000
20260428 13:15:23- INFO- ------------------【51318497】------------------
20260428 13:15:23- INFO- 资产总额: 41417.54
持仓市值：0.0
可用资金：41417.54

20260428 13:15:23- INFO- 分配资金0.00, 每单分配资金: 0.00 
20260428 13:15:23- INFO- 信号空仓
20260428 14:55:35- INFO- 【软件终端连接成功！】
20260428 14:55:35- INFO- 【账户信息订阅成功！】
20260428 14:55:36- INFO- 新增数据行数: 5256
20260428 14:55:36- INFO- 持仓股票: ['600979.SH', '002201.SZ', '603618.SH']

20260428 14:55:37- INFO- 全部处理完成，回调收到所有订单号
20260428 19:03:13- INFO- 【软件终端连接成功！】
20260428 19:03:13- INFO- 【账户信息订阅成功！】
20260428 19:13:15- INFO- 【软件终端连接成功！】
20260428 19:13:15- INFO- 【账户信息订阅成功！】
20260428 19:13:38- INFO- 【软件终端连接成功！】
20260428 19:13:38- INFO- 【账户信息订阅成功！】
20260428 19:13:49- INFO- 【软件终端连接成功！】
20260428 19:13:49- INFO- 【账户信息订阅成功！】
20260428 19:13:56- INFO- 【软件终端连接成功！】
20260428 19:13:56- INFO- 【账户信息订阅成功！】
20260428 19:14:04- INFO- 【软件终端连接成功！】
20260428 19:14:04- INFO- 【账户信息订阅成功！】
20260428 19:14:16- INFO- 【软件终端连接成功！】
20260428 19:14:16- INFO- 【账户信息订阅成功！】
20260428 19:17:16- INFO- 【软件终端连接成功！】
20260428 19:17:16- INFO- 【账户信息订阅成功！】
20260428 21:06:01- INFO- 【软件终端连接成功！】
20260428 21:06:01- INFO- 【账户信息订阅成功！】
20260428 21:09:22- INFO- 【软件终端连接成功！】
20260428 21:09:22- INFO- 【账户信息订阅成功！】
20260428 23:19:26- INFO- 【软件终端连接成功！】
20260428 23:19:26- INFO- 【账户信息订阅成功！】
20260429 00:24:39- INFO- 【软件终端连接成功！】
20260429 00:24:39- INFO- 【账户信息订阅成功！】
20260429 00:26:19- INFO- 【软件终端连接成功！】
20260429 00:26:19- INFO- 【账户信息订阅成功！】
20260429 00:52:49- INFO- 【软件终端连接成功！】
20260429 00:52:49- INFO- 【账户信息订阅成功！】
20260429 00:52:56- INFO- 【软件终端连接成功！】
20260429 00:52:56- INFO- 【账户信息订阅成功！】
20260429 00:58:41- INFO- 【软件终端连接成功！】
20260429 00:58:41- INFO- 【账户信息订阅成功！】
20260429 01:01:10- INFO- 【软件终端连接成功！】
20260429 01:01:10- INFO- 【账户信息订阅成功！】
20260429 01:02:15- INFO- 【软件终端连接成功！】
20260429 01:02:15- INFO- 【账户信息订阅成功！】
20260429 08:55:07- INFO- 【软件终端连接成功！】
20260429 08:55:07- INFO- 【账户信息订阅成功！】
20260429 09:27:02- INFO- 【软件终端连接成功！】
20260429 09:27:02- INFO- 【账户信息订阅成功！】
20260429 09:27:49- INFO- 【软件终端连接成功！】
20260429 09:27:49- INFO- 【账户信息订阅成功！】
20260429 09:27:50- INFO- 新增数据行数: 5228
20260429 09:27:54- INFO- 回测信号参数: {'low': -5, 'high': -2.5, 'mv_min': 30, 'mv_max': 1000, 'prev_limit_status': ['断板', '炸板'], 'avg_limit_turnover_5_min': -1}
20260429 09:27:54- INFO- 回测时间区间: 2025-12-01 至 2026-04-29
20260429 09:27:54- INFO- 使用40个进程并行处理，共93个日期任务
20260429 09:27:57- INFO- 获取SHSE.600433在2026-04-29 到 2026-05-29股票数据失败
20260429 09:27:57- INFO- 所有回测任务完成，共处理92个日期的结果
20260429 09:27:57- INFO- 总调整天数: 13, 调整正确率: 53.85%, 预计平均亏损改善: 2.9398%
20260429 09:27:57- INFO- 总调整天数: 14, 调整正确率: 52.38%, 预计平均亏损改善: 2.5160%
20260429 09:27:57- INFO- 回测结果(不风控):
20260429 09:27:57- INFO- 回测结果(触及跌停风控):
20260429 09:27:57- INFO- 日期：2026-04-29
20260429 09:27:57- INFO- 今天的所有信号的股票:
20260429 09:27:57- INFO-   1. SZSE.000062 - 深圳华强 - 仓位: 0.4000
20260429 09:27:57- INFO-   2. SHSE.600433 - 冠豪高新 - 仓位: 0.4000
20260429 09:27:57- INFO- ------------------【51318497】------------------
20260429 09:27:57- INFO- 资产总额: 41433.17
持仓市值：2900.0
可用资金：38533.17

20260429 09:27:57- INFO- 分配资金16573.27, 每单分配资金: 8286.63 
20260429 09:28:02- INFO- 第1单提交成功,代码:SZSE.000062,名称：深圳华强,订单数量：200,分配资金：8286.63
20260429 09:28:02- INFO- 第1单提交成功，请求序号：4
20260429 09:28:02- INFO- 第2单提交成功,代码:SHSE.600433,名称：冠豪高新,订单数量：1900,分配资金：8286.63
20260429 09:28:02- INFO- 第2单提交成功，请求序号：5
20260429 09:28:02- INFO- 异步批量提交5单总耗时：5.015秒
20260429 09:28:02- INFO- 异步委托回调 async_order_1
20260429 09:28:02- INFO- 异步委托回调 async_order_2
20260429 09:28:03- INFO- 全部处理完成，回调收到所有订单号
20260429 09:45:16- INFO- 【软件终端连接成功！】
20260429 09:45:16- INFO- 【账户信息订阅成功！】
20260429 09:47:18- INFO- 【软件终端连接成功！】
20260429 09:47:18- INFO- 【账户信息订阅成功！】
20260429 09:47:43- INFO- 【软件终端连接成功！】
20260429 09:47:43- INFO- 【账户信息订阅成功！】
20260429 09:49:30- INFO- 【软件终端连接成功！】
20260429 09:49:30- INFO- 【账户信息订阅成功！】
20260429 09:54:37- INFO- 【软件终端连接成功！】
20260429 09:54:37- INFO- 【账户信息订阅成功！】
20260429 09:54:38- INFO- 将2625只股票分成14多线程批处理
20260429 09:54:49- INFO- 完成批次处理，股票代码: ['SHSE.600663', 'SHSE.600664', 'SHSE.600666']...(共200只)
20260429 09:54:49- INFO- 完成批次处理，股票代码: ['SHSE.600004', 'SHSE.600006', 'SHSE.600007']...(共200只)
20260429 09:54:49- INFO- 完成批次处理，股票代码: ['SHSE.600984', 'SHSE.600985', 'SHSE.600986']...(共200只)
20260429 09:54:49- INFO- 完成批次处理，股票代码: ['SHSE.600348', 'SHSE.600350', 'SHSE.600351']...(共200只)
20260429 09:54:50- INFO- 完成批次处理，股票代码: ['SHSE.603012', 'SHSE.603013', 'SHSE.603014']...(共200只)
20260429 09:54:59- INFO- 完成批次处理，股票代码: ['SHSE.603305', 'SHSE.603306', 'SHSE.603308']...(共200只)
20260429 09:55:00- INFO- 完成批次处理，股票代码: ['SHSE.603759', 'SHSE.603766', 'SHSE.603767']...(共200只)
20260429 09:55:00- INFO- 完成批次处理，股票代码: ['SHSE.605599', 'SZSE.000002', 'SZSE.000006']...(共200只)
20260429 09:55:01- INFO- 完成批次处理，股票代码: ['SZSE.000735', 'SZSE.000737', 'SZSE.000738']...(共200只)
20260429 09:55:02- INFO- 完成批次处理，股票代码: ['SZSE.001332', 'SZSE.001333', 'SZSE.001335']...(共200只)
20260429 09:55:02- INFO- 完成批次处理，股票代码: ['SZSE.003012', 'SZSE.003013', 'SZSE.003015']...(共25只)
20260429 09:55:06- INFO- 完成批次处理，股票代码: ['SZSE.002209', 'SZSE.002210', 'SZSE.002212']...(共200只)
20260429 09:55:07- INFO- 完成批次处理，股票代码: ['SZSE.002454', 'SZSE.002455', 'SZSE.002456']...(共200只)
20260429 09:55:07- INFO- 完成批次处理，股票代码: ['SZSE.002734', 'SZSE.002735', 'SZSE.002737']...(共200只)
20260429 09:55:07- INFO- 所有批次处理完成，共合并91778条记录
20260429 10:07:37- INFO- 【软件终端连接成功！】
20260429 10:07:37- INFO- 【账户信息订阅成功！】
20260429 11:28:22- INFO- 新增数据行数: 5228
20260429 11:28:22- INFO- 【软件终端连接成功！】
20260429 11:28:22- INFO- 【账户信息订阅成功！】
20260429 11:28:22- INFO- 持仓股票: ['603618.SH', '000062.SZ', '600433.SH']

20260429 11:28:23- INFO- 全部处理完成，回调收到所有订单号
20260429 14:55:39- INFO- 新增数据行数: 5228
20260429 14:55:39- INFO- 【软件终端连接成功！】
20260429 14:55:39- INFO- 【账户信息订阅成功！】
20260429 14:55:39- INFO- 持仓股票: ['603618.SH', '000062.SZ', '600433.SH']

20260429 14:55:40- INFO- 全部处理完成，回调收到所有订单号
