20260428 23:19:33- INFO- 信号参数: {'low': -5, 'high': -2.5, 'mv_min': 35, 'mv_max': 1000, 'prev_limit_status': ['断板', '炸板'], 'avg_limit_turnover_5_min': -1}
20260428 23:19:33- INFO- 信号数量: 1161
20260428 23:19:33- INFO- 运行参数组合: buy_delay=0, extend=0
20260428 23:19:33- INFO- 使用40个进程并行处理，共298个日期任务
20260428 23:19:42- INFO- 所有回测任务完成，共处理298个日期的结果
20260428 23:19:42- INFO-   交易数量: 1161, 胜率: 47.37%, 平均收益: 1.00%, 盈亏比: 1.47, 夏普: 1.250
20260428 23:19:42- INFO- 运行参数组合: buy_delay=0, extend=1
20260428 23:19:42- INFO- 使用40个进程并行处理，共298个日期任务
20260428 23:19:51- INFO- 所有回测任务完成，共处理298个日期的结果
20260428 23:19:51- INFO-   交易数量: 1161, 胜率: 47.29%, 平均收益: 0.98%, 盈亏比: 1.46, 夏普: 1.215
20260428 23:19:51- INFO- 运行参数组合: buy_delay=0, extend=2
20260428 23:19:51- INFO- 使用40个进程并行处理，共298个日期任务
20260428 23:19:59- INFO- 所有回测任务完成，共处理298个日期的结果
20260428 23:19:59- INFO-   交易数量: 1161, 胜率: 45.48%, 平均收益: 0.83%, 盈亏比: 1.49, 夏普: 0.859
20260428 23:19:59- INFO- 运行参数组合: buy_delay=1, extend=0
20260428 23:20:00- INFO- 使用40个进程并行处理，共298个日期任务
20260428 23:20:09- INFO- SHSE.600770在2026-04-28日买入延迟1天超出可用交易日，跳过该股票
20260428 23:20:09- INFO- SHSE.603060在2026-04-28日买入延迟1天超出可用交易日，跳过该股票
20260428 23:20:09- INFO- SHSE.603618在2026-04-28日买入延迟1天超出可用交易日，跳过该股票
20260428 23:20:09- INFO- 所有回测任务完成，共处理297个日期的结果
20260428 23:20:09- INFO-   交易数量: 1158, 胜率: 40.76%, 平均收益: 0.08%, 盈亏比: 1.51, 夏普: 0.156
20260428 23:20:09- INFO- 运行参数组合: buy_delay=1, extend=1
20260428 23:20:09- INFO- 使用40个进程并行处理，共298个日期任务
20260428 23:20:17- INFO- SHSE.600770在2026-04-28日买入延迟1天超出可用交易日，跳过该股票
20260428 23:20:17- INFO- SHSE.603060在2026-04-28日买入延迟1天超出可用交易日，跳过该股票
20260428 23:20:17- INFO- SHSE.603618在2026-04-28日买入延迟1天超出可用交易日，跳过该股票
20260428 23:20:18- INFO- 所有回测任务完成，共处理297个日期的结果
20260428 23:20:18- INFO-   交易数量: 1158, 胜率: 42.06%, 平均收益: 0.05%, 盈亏比: 1.41, 夏普: 0.109
20260428 23:20:18- INFO- 运行参数组合: buy_delay=1, extend=2
20260428 23:20:18- INFO- 使用40个进程并行处理，共298个日期任务
20260428 23:20:26- INFO- SHSE.600770在2026-04-28日买入延迟1天超出可用交易日，跳过该股票
20260428 23:20:26- INFO- SHSE.603060在2026-04-28日买入延迟1天超出可用交易日，跳过该股票
20260428 23:20:26- INFO- SHSE.603618在2026-04-28日买入延迟1天超出可用交易日，跳过该股票
20260428 23:20:26- INFO- 所有回测任务完成，共处理297个日期的结果
20260428 23:20:26- INFO-   交易数量: 1158, 胜率: 40.33%, 平均收益: -0.10%, 盈亏比: 1.43, 夏普: -0.143
20260428 23:20:26- INFO- 运行参数组合: buy_delay=2, extend=0
20260428 23:20:26- INFO- 使用40个进程并行处理，共298个日期任务
20260428 23:20:34- INFO- SHSE.600052在2026-04-27日买入延迟2天超出可用交易日，跳过该股票
20260428 23:20:34- INFO- SHSE.600184在2026-04-27日买入延迟2天超出可用交易日，跳过该股票
20260428 23:20:34- INFO- SHSE.600736在2026-04-27日买入延迟2天超出可用交易日，跳过该股票
20260428 23:20:34- INFO- SZSE.002201在2026-04-27日买入延迟2天超出可用交易日，跳过该股票
20260428 23:20:34- INFO- SZSE.002429在2026-04-27日买入延迟2天超出可用交易日，跳过该股票
20260428 23:20:34- INFO- SHSE.600770在2026-04-28日买入延迟2天超出可用交易日，跳过该股票
20260428 23:20:34- INFO- SHSE.603060在2026-04-28日买入延迟2天超出可用交易日，跳过该股票
20260428 23:20:34- INFO- SHSE.603618在2026-04-28日买入延迟2天超出可用交易日，跳过该股票
20260428 23:20:34- INFO- 所有回测任务完成，共处理296个日期的结果
20260428 23:20:34- INFO-   交易数量: 1153, 胜率: 52.30%, 平均收益: 0.38%, 盈亏比: 1.17, 夏普: 1.075
20260428 23:20:34- INFO- 运行参数组合: buy_delay=2, extend=1
20260428 23:20:35- INFO- 使用40个进程并行处理，共298个日期任务
20260428 23:20:43- INFO- SHSE.600052在2026-04-27日买入延迟2天超出可用交易日，跳过该股票
20260428 23:20:43- INFO- SHSE.600770在2026-04-28日买入延迟2天超出可用交易日，跳过该股票
20260428 23:20:43- INFO- SHSE.600184在2026-04-27日买入延迟2天超出可用交易日，跳过该股票
20260428 23:20:43- INFO- SHSE.603060在2026-04-28日买入延迟2天超出可用交易日，跳过该股票
20260428 23:20:43- INFO- SHSE.600736在2026-04-27日买入延迟2天超出可用交易日，跳过该股票
20260428 23:20:43- INFO- SHSE.603618在2026-04-28日买入延迟2天超出可用交易日，跳过该股票
20260428 23:20:43- INFO- SZSE.002201在2026-04-27日买入延迟2天超出可用交易日，跳过该股票
20260428 23:20:43- INFO- SZSE.002429在2026-04-27日买入延迟2天超出可用交易日，跳过该股票
20260428 23:20:43- INFO- 所有回测任务完成，共处理296个日期的结果
20260428 23:20:43- INFO-   交易数量: 1153, 胜率: 50.74%, 平均收益: -0.11%, 盈亏比: 0.91, 夏普: -0.263
20260428 23:20:43- INFO- 运行参数组合: buy_delay=2, extend=2
20260428 23:20:43- INFO- 使用40个进程并行处理，共298个日期任务
20260428 23:20:51- INFO- SHSE.600052在2026-04-27日买入延迟2天超出可用交易日，跳过该股票
20260428 23:20:51- INFO- SHSE.600184在2026-04-27日买入延迟2天超出可用交易日，跳过该股票
20260428 23:20:51- INFO- SHSE.600736在2026-04-27日买入延迟2天超出可用交易日，跳过该股票
20260428 23:20:51- INFO- SZSE.002201在2026-04-27日买入延迟2天超出可用交易日，跳过该股票
20260428 23:20:51- INFO- SZSE.002429在2026-04-27日买入延迟2天超出可用交易日，跳过该股票
20260428 23:20:51- INFO- SHSE.600770在2026-04-28日买入延迟2天超出可用交易日，跳过该股票
20260428 23:20:51- INFO- SHSE.603060在2026-04-28日买入延迟2天超出可用交易日，跳过该股票
20260428 23:20:51- INFO- SHSE.603618在2026-04-28日买入延迟2天超出可用交易日，跳过该股票
20260428 23:20:51- INFO- 所有回测任务完成，共处理296个日期的结果
20260428 23:20:51- INFO-   交易数量: 1153, 胜率: 47.01%, 平均收益: -0.42%, 盈亏比: 0.83, 夏普: -0.996
20260428 23:20:51- INFO- 运行参数组合: buy_delay=3, extend=0
20260428 23:20:51- INFO- 使用40个进程并行处理，共298个日期任务
20260428 23:21:00- INFO- SHSE.600052在2026-04-27日买入延迟3天超出可用交易日，跳过该股票
20260428 23:21:00- INFO- SHSE.600770在2026-04-28日买入延迟3天超出可用交易日，跳过该股票
20260428 23:21:00- INFO- SHSE.600979在2026-04-24日买入延迟3天超出可用交易日，跳过该股票
20260428 23:21:00- INFO- SHSE.603060在2026-04-28日买入延迟3天超出可用交易日，跳过该股票
20260428 23:21:00- INFO- SHSE.600184在2026-04-27日买入延迟3天超出可用交易日，跳过该股票
20260428 23:21:00- INFO- SHSE.603115在2026-04-24日买入延迟3天超出可用交易日，跳过该股票
20260428 23:21:00- INFO- SHSE.603618在2026-04-28日买入延迟3天超出可用交易日，跳过该股票
20260428 23:21:00- INFO- SHSE.600736在2026-04-27日买入延迟3天超出可用交易日，跳过该股票
20260428 23:21:00- INFO- SZSE.002201在2026-04-24日买入延迟3天超出可用交易日，跳过该股票
20260428 23:21:00- INFO- SZSE.002201在2026-04-27日买入延迟3天超出可用交易日，跳过该股票
20260428 23:21:00- INFO- SZSE.002297在2026-04-24日买入延迟3天超出可用交易日，跳过该股票
20260428 23:21:00- INFO- SZSE.002429在2026-04-27日买入延迟3天超出可用交易日，跳过该股票
20260428 23:21:00- INFO- 所有回测任务完成，共处理295个日期的结果
20260428 23:21:00- INFO-   交易数量: 1149, 胜率: 58.83%, 平均收益: 0.99%, 盈亏比: 1.03, 夏普: 1.735
20260428 23:21:00- INFO- 运行参数组合: buy_delay=3, extend=1
20260428 23:21:00- INFO- 使用40个进程并行处理，共298个日期任务
20260428 23:21:09- INFO- SHSE.600770在2026-04-28日买入延迟3天超出可用交易日，跳过该股票
20260428 23:21:09- INFO- SHSE.603060在2026-04-28日买入延迟3天超出可用交易日，跳过该股票
20260428 23:21:09- INFO- SHSE.603618在2026-04-28日买入延迟3天超出可用交易日，跳过该股票
20260428 23:21:09- INFO- SHSE.600052在2026-04-27日买入延迟3天超出可用交易日，跳过该股票
20260428 23:21:09- INFO- SHSE.600184在2026-04-27日买入延迟3天超出可用交易日，跳过该股票
20260428 23:21:09- INFO- SHSE.600979在2026-04-24日买入延迟3天超出可用交易日，跳过该股票
20260428 23:21:09- INFO- SHSE.600736在2026-04-27日买入延迟3天超出可用交易日，跳过该股票
20260428 23:21:09- INFO- SHSE.603115在2026-04-24日买入延迟3天超出可用交易日，跳过该股票
20260428 23:21:09- INFO- SZSE.002201在2026-04-27日买入延迟3天超出可用交易日，跳过该股票
20260428 23:21:09- INFO- SZSE.002201在2026-04-24日买入延迟3天超出可用交易日，跳过该股票
20260428 23:21:09- INFO- SZSE.002429在2026-04-27日买入延迟3天超出可用交易日，跳过该股票
20260428 23:21:09- INFO- SZSE.002297在2026-04-24日买入延迟3天超出可用交易日，跳过该股票
20260428 23:21:09- INFO- 所有回测任务完成，共处理295个日期的结果
20260428 23:21:09- INFO-   交易数量: 1149, 胜率: 57.96%, 平均收益: 0.39%, 盈亏比: 0.83, 夏普: 0.626
20260428 23:21:09- INFO- 运行参数组合: buy_delay=3, extend=2
20260428 23:21:09- INFO- 使用40个进程并行处理，共298个日期任务
20260428 23:21:17- INFO- SHSE.600770在2026-04-28日买入延迟3天超出可用交易日，跳过该股票
20260428 23:21:17- INFO- SHSE.603060在2026-04-28日买入延迟3天超出可用交易日，跳过该股票
20260428 23:21:17- INFO- SHSE.603618在2026-04-28日买入延迟3天超出可用交易日，跳过该股票
20260428 23:21:17- INFO- SHSE.600052在2026-04-27日买入延迟3天超出可用交易日，跳过该股票
20260428 23:21:17- INFO- SHSE.600184在2026-04-27日买入延迟3天超出可用交易日，跳过该股票
20260428 23:21:17- INFO- SHSE.600736在2026-04-27日买入延迟3天超出可用交易日，跳过该股票
20260428 23:21:17- INFO- SZSE.002201在2026-04-27日买入延迟3天超出可用交易日，跳过该股票
20260428 23:21:17- INFO- SZSE.002429在2026-04-27日买入延迟3天超出可用交易日，跳过该股票
20260428 23:21:17- INFO- SHSE.600979在2026-04-24日买入延迟3天超出可用交易日，跳过该股票
20260428 23:21:17- INFO- SHSE.603115在2026-04-24日买入延迟3天超出可用交易日，跳过该股票
20260428 23:21:17- INFO- SZSE.002201在2026-04-24日买入延迟3天超出可用交易日，跳过该股票
20260428 23:21:17- INFO- SZSE.002297在2026-04-24日买入延迟3天超出可用交易日，跳过该股票
20260428 23:21:17- INFO- 所有回测任务完成，共处理295个日期的结果
20260428 23:21:17- INFO-   交易数量: 1149, 胜率: 55.27%, 平均收益: -0.05%, 盈亏比: 0.80, 夏普: -0.070
20260428 23:21:17- INFO- 运行参数组合: buy_delay=4, extend=0
20260428 23:21:18- INFO- 使用40个进程并行处理，共298个日期任务
20260428 23:21:26- INFO- SHSE.600979在2026-04-24日买入延迟4天超出可用交易日，跳过该股票
20260428 23:21:26- INFO- SHSE.603115在2026-04-24日买入延迟4天超出可用交易日，跳过该股票
20260428 23:21:26- INFO- SZSE.002201在2026-04-24日买入延迟4天超出可用交易日，跳过该股票
20260428 23:21:26- INFO- SZSE.002297在2026-04-24日买入延迟4天超出可用交易日，跳过该股票
20260428 23:21:26- INFO- SHSE.600052在2026-04-27日买入延迟4天超出可用交易日，跳过该股票
20260428 23:21:26- INFO- SHSE.600184在2026-04-27日买入延迟4天超出可用交易日，跳过该股票
20260428 23:21:26- INFO- SHSE.600736在2026-04-27日买入延迟4天超出可用交易日，跳过该股票
20260428 23:21:26- INFO- SZSE.002201在2026-04-27日买入延迟4天超出可用交易日，跳过该股票
20260428 23:21:26- INFO- SZSE.002429在2026-04-27日买入延迟4天超出可用交易日，跳过该股票
20260428 23:21:26- INFO- SHSE.600103在2026-04-23日买入延迟4天超出可用交易日，跳过该股票
20260428 23:21:26- INFO- SHSE.603017在2026-04-23日买入延迟4天超出可用交易日，跳过该股票
20260428 23:21:26- INFO- SHSE.600770在2026-04-28日买入延迟4天超出可用交易日，跳过该股票
20260428 23:21:26- INFO- SHSE.603060在2026-04-28日买入延迟4天超出可用交易日，跳过该股票
20260428 23:21:26- INFO- SHSE.603618在2026-04-28日买入延迟4天超出可用交易日，跳过该股票
20260428 23:21:26- INFO- 所有回测任务完成，共处理294个日期的结果
20260428 23:21:26- INFO-   交易数量: 1147, 胜率: 58.67%, 平均收益: 1.34%, 盈亏比: 1.06, 夏普: 1.899
20260428 23:21:26- INFO- 运行参数组合: buy_delay=4, extend=1
20260428 23:21:26- INFO- 使用40个进程并行处理，共298个日期任务
20260428 23:21:34- INFO- SHSE.600103在2026-04-23日买入延迟4天超出可用交易日，跳过该股票
20260428 23:21:34- INFO- SHSE.603017在2026-04-23日买入延迟4天超出可用交易日，跳过该股票
20260428 23:21:34- INFO- SHSE.600979在2026-04-24日买入延迟4天超出可用交易日，跳过该股票
20260428 23:21:34- INFO- SHSE.600052在2026-04-27日买入延迟4天超出可用交易日，跳过该股票
20260428 23:21:34- INFO- SHSE.600184在2026-04-27日买入延迟4天超出可用交易日，跳过该股票
20260428 23:21:34- INFO- SHSE.603115在2026-04-24日买入延迟4天超出可用交易日，跳过该股票
20260428 23:21:34- INFO- SHSE.600736在2026-04-27日买入延迟4天超出可用交易日，跳过该股票
20260428 23:21:34- INFO- SZSE.002201在2026-04-24日买入延迟4天超出可用交易日，跳过该股票
20260428 23:21:34- INFO- SZSE.002201在2026-04-27日买入延迟4天超出可用交易日，跳过该股票
20260428 23:21:34- INFO- SZSE.002297在2026-04-24日买入延迟4天超出可用交易日，跳过该股票
20260428 23:21:34- INFO- SZSE.002429在2026-04-27日买入延迟4天超出可用交易日，跳过该股票
20260428 23:21:34- INFO- SHSE.600770在2026-04-28日买入延迟4天超出可用交易日，跳过该股票
20260428 23:21:34- INFO- SHSE.603060在2026-04-28日买入延迟4天超出可用交易日，跳过该股票
20260428 23:21:34- INFO- SHSE.603618在2026-04-28日买入延迟4天超出可用交易日，跳过该股票
20260428 23:21:34- INFO- 所有回测任务完成，共处理294个日期的结果
20260428 23:21:34- INFO-   交易数量: 1147, 胜率: 57.72%, 平均收益: 0.80%, 盈亏比: 0.92, 夏普: 1.068
20260428 23:21:34- INFO- 运行参数组合: buy_delay=4, extend=2
20260428 23:21:35- INFO- 使用40个进程并行处理，共298个日期任务
20260428 23:21:43- INFO- SHSE.600052在2026-04-27日买入延迟4天超出可用交易日，跳过该股票
20260428 23:21:43- INFO- SHSE.600184在2026-04-27日买入延迟4天超出可用交易日，跳过该股票
20260428 23:21:43- INFO- SHSE.600736在2026-04-27日买入延迟4天超出可用交易日，跳过该股票
20260428 23:21:43- INFO- SZSE.002201在2026-04-27日买入延迟4天超出可用交易日，跳过该股票
20260428 23:21:43- INFO- SZSE.002429在2026-04-27日买入延迟4天超出可用交易日，跳过该股票
20260428 23:21:43- INFO- SHSE.600979在2026-04-24日买入延迟4天超出可用交易日，跳过该股票
20260428 23:21:43- INFO- SHSE.603115在2026-04-24日买入延迟4天超出可用交易日，跳过该股票
20260428 23:21:43- INFO- SZSE.002201在2026-04-24日买入延迟4天超出可用交易日，跳过该股票
20260428 23:21:43- INFO- SHSE.600103在2026-04-23日买入延迟4天超出可用交易日，跳过该股票
20260428 23:21:43- INFO- SZSE.002297在2026-04-24日买入延迟4天超出可用交易日，跳过该股票
20260428 23:21:43- INFO- SHSE.603017在2026-04-23日买入延迟4天超出可用交易日，跳过该股票
20260428 23:21:43- INFO- SHSE.600770在2026-04-28日买入延迟4天超出可用交易日，跳过该股票
20260428 23:21:43- INFO- SHSE.603060在2026-04-28日买入延迟4天超出可用交易日，跳过该股票
20260428 23:21:43- INFO- SHSE.603618在2026-04-28日买入延迟4天超出可用交易日，跳过该股票
20260428 23:21:43- INFO- 所有回测任务完成，共处理294个日期的结果
20260428 23:21:43- INFO-   交易数量: 1147, 胜率: 56.06%, 平均收益: 0.34%, 盈亏比: 0.87, 夏普: 0.423
20260428 23:21:43- INFO- 运行参数组合: buy_delay=5, extend=0
20260428 23:21:43- INFO- 使用40个进程并行处理，共298个日期任务
20260428 23:21:44- INFO- SZSE.000880在2025-01-24日买入延迟5天超出可用交易日，跳过该股票
20260428 23:21:48- INFO- SHSE.600996在2025-09-26日买入延迟5天超出可用交易日，跳过该股票
20260428 23:21:48- INFO- SHSE.603030在2025-09-26日买入延迟5天超出可用交易日，跳过该股票
20260428 23:21:48- INFO- SHSE.603686在2025-09-26日买入延迟5天超出可用交易日，跳过该股票
20260428 23:21:48- INFO- SZSE.002040在2025-09-26日买入延迟5天超出可用交易日，跳过该股票
20260428 23:21:48- INFO- SZSE.002402在2025-09-26日买入延迟5天超出可用交易日，跳过该股票
20260428 23:21:51- INFO- SZSE.000892在2026-02-13日买入延迟5天超出可用交易日，跳过该股票
20260428 23:21:51- INFO- SZSE.003018在2026-02-13日买入延迟5天超出可用交易日，跳过该股票
20260428 23:21:51- INFO- SHSE.600156在2026-04-22日买入延迟5天超出可用交易日，跳过该股票
20260428 23:21:51- INFO- SHSE.605222在2026-04-22日买入延迟5天超出可用交易日，跳过该股票
20260428 23:21:51- INFO- SZSE.002418在2026-04-22日买入延迟5天超出可用交易日，跳过该股票
20260428 23:21:51- INFO- SHSE.600052在2026-04-27日买入延迟5天超出可用交易日，跳过该股票
20260428 23:21:51- INFO- SHSE.600184在2026-04-27日买入延迟5天超出可用交易日，跳过该股票
20260428 23:21:51- INFO- SHSE.600979在2026-04-24日买入延迟5天超出可用交易日，跳过该股票
20260428 23:21:51- INFO- SHSE.600736在2026-04-27日买入延迟5天超出可用交易日，跳过该股票
20260428 23:21:51- INFO- SHSE.603115在2026-04-24日买入延迟5天超出可用交易日，跳过该股票
20260428 23:21:51- INFO- SZSE.002201在2026-04-27日买入延迟5天超出可用交易日，跳过该股票
20260428 23:21:51- INFO- SZSE.002201在2026-04-24日买入延迟5天超出可用交易日，跳过该股票
20260428 23:21:51- INFO- SZSE.002429在2026-04-27日买入延迟5天超出可用交易日，跳过该股票
20260428 23:21:51- INFO- SZSE.002297在2026-04-24日买入延迟5天超出可用交易日，跳过该股票
20260428 23:21:51- INFO- SHSE.600103在2026-04-23日买入延迟5天超出可用交易日，跳过该股票
20260428 23:21:51- INFO- SHSE.603017在2026-04-23日买入延迟5天超出可用交易日，跳过该股票
20260428 23:21:51- INFO- SHSE.600770在2026-04-28日买入延迟5天超出可用交易日，跳过该股票
20260428 23:21:51- INFO- SHSE.603060在2026-04-28日买入延迟5天超出可用交易日，跳过该股票
20260428 23:21:51- INFO- SHSE.603618在2026-04-28日买入延迟5天超出可用交易日，跳过该股票
20260428 23:21:51- INFO- 所有回测任务完成，共处理290个日期的结果
20260428 23:21:51- INFO-   交易数量: 1136, 胜率: 59.95%, 平均收益: 1.73%, 盈亏比: 1.05, 夏普: 2.109
20260428 23:21:51- INFO- 运行参数组合: buy_delay=5, extend=1
20260428 23:21:52- INFO- 使用40个进程并行处理，共298个日期任务
20260428 23:21:53- INFO- SZSE.000880在2025-01-24日买入延迟5天超出可用交易日，跳过该股票
20260428 23:21:57- INFO- SHSE.600996在2025-09-26日买入延迟5天超出可用交易日，跳过该股票
20260428 23:21:57- INFO- SHSE.603030在2025-09-26日买入延迟5天超出可用交易日，跳过该股票
20260428 23:21:57- INFO- SHSE.603686在2025-09-26日买入延迟5天超出可用交易日，跳过该股票
20260428 23:21:57- INFO- SZSE.002040在2025-09-26日买入延迟5天超出可用交易日，跳过该股票
20260428 23:21:57- INFO- SZSE.002402在2025-09-26日买入延迟5天超出可用交易日，跳过该股票
20260428 23:21:59- INFO- SZSE.000892在2026-02-13日买入延迟5天超出可用交易日，跳过该股票
20260428 23:21:59- INFO- SZSE.003018在2026-02-13日买入延迟5天超出可用交易日，跳过该股票
20260428 23:22:00- INFO- SHSE.600979在2026-04-24日买入延迟5天超出可用交易日，跳过该股票
20260428 23:22:00- INFO- SHSE.603115在2026-04-24日买入延迟5天超出可用交易日，跳过该股票
20260428 23:22:00- INFO- SZSE.002201在2026-04-24日买入延迟5天超出可用交易日，跳过该股票
20260428 23:22:00- INFO- SZSE.002297在2026-04-24日买入延迟5天超出可用交易日，跳过该股票
20260428 23:22:00- INFO- SHSE.600052在2026-04-27日买入延迟5天超出可用交易日，跳过该股票
20260428 23:22:00- INFO- SHSE.600184在2026-04-27日买入延迟5天超出可用交易日，跳过该股票
20260428 23:22:00- INFO- SHSE.600736在2026-04-27日买入延迟5天超出可用交易日，跳过该股票
20260428 23:22:00- INFO- SZSE.002201在2026-04-27日买入延迟5天超出可用交易日，跳过该股票
20260428 23:22:00- INFO- SZSE.002429在2026-04-27日买入延迟5天超出可用交易日，跳过该股票
20260428 23:22:00- INFO- SHSE.600770在2026-04-28日买入延迟5天超出可用交易日，跳过该股票
20260428 23:22:00- INFO- SHSE.603060在2026-04-28日买入延迟5天超出可用交易日，跳过该股票
20260428 23:22:00- INFO- SHSE.603618在2026-04-28日买入延迟5天超出可用交易日，跳过该股票
20260428 23:22:00- INFO- SHSE.600156在2026-04-22日买入延迟5天超出可用交易日，跳过该股票
20260428 23:22:00- INFO- SHSE.605222在2026-04-22日买入延迟5天超出可用交易日，跳过该股票
20260428 23:22:00- INFO- SZSE.002418在2026-04-22日买入延迟5天超出可用交易日，跳过该股票
20260428 23:22:00- INFO- SHSE.600103在2026-04-23日买入延迟5天超出可用交易日，跳过该股票
20260428 23:22:00- INFO- SHSE.603017在2026-04-23日买入延迟5天超出可用交易日，跳过该股票
20260428 23:22:00- INFO- 所有回测任务完成，共处理290个日期的结果
20260428 23:22:00- INFO-   交易数量: 1136, 胜率: 59.68%, 平均收益: 1.27%, 盈亏比: 0.93, 夏普: 1.492
20260428 23:22:00- INFO- 运行参数组合: buy_delay=5, extend=2
20260428 23:22:00- INFO- 使用40个进程并行处理，共298个日期任务
20260428 23:22:09- INFO- SHSE.600052在2026-04-27日买入延迟5天超出可用交易日，跳过该股票
20260428 23:22:09- INFO- SHSE.600184在2026-04-27日买入延迟5天超出可用交易日，跳过该股票
20260428 23:22:09- INFO- SHSE.600736在2026-04-27日买入延迟5天超出可用交易日，跳过该股票
20260428 23:22:09- INFO- SZSE.002201在2026-04-27日买入延迟5天超出可用交易日，跳过该股票
20260428 23:22:09- INFO- SZSE.002429在2026-04-27日买入延迟5天超出可用交易日，跳过该股票
20260428 23:22:09- INFO- SHSE.600156在2026-04-22日买入延迟5天超出可用交易日，跳过该股票
20260428 23:22:09- INFO- SHSE.600103在2026-04-23日买入延迟5天超出可用交易日，跳过该股票
20260428 23:22:09- INFO- SHSE.605222在2026-04-22日买入延迟5天超出可用交易日，跳过该股票
20260428 23:22:09- INFO- SHSE.603017在2026-04-23日买入延迟5天超出可用交易日，跳过该股票
20260428 23:22:09- INFO- SZSE.002418在2026-04-22日买入延迟5天超出可用交易日，跳过该股票
20260428 23:22:09- INFO- SHSE.600979在2026-04-24日买入延迟5天超出可用交易日，跳过该股票
20260428 23:22:09- INFO- SHSE.600770在2026-04-28日买入延迟5天超出可用交易日，跳过该股票
20260428 23:22:09- INFO- SHSE.603115在2026-04-24日买入延迟5天超出可用交易日，跳过该股票
20260428 23:22:09- INFO- SHSE.603060在2026-04-28日买入延迟5天超出可用交易日，跳过该股票
20260428 23:22:09- INFO- SZSE.002201在2026-04-24日买入延迟5天超出可用交易日，跳过该股票
20260428 23:22:09- INFO- SHSE.603618在2026-04-28日买入延迟5天超出可用交易日，跳过该股票
20260428 23:22:09- INFO- SZSE.002297在2026-04-24日买入延迟5天超出可用交易日，跳过该股票
20260428 23:22:09- INFO- 所有回测任务完成，共处理293个日期的结果
20260428 23:22:09- INFO-   交易数量: 1144, 胜率: 58.04%, 平均收益: 0.79%, 盈亏比: 0.89, 夏普: 0.862
20260428 23:22:09- INFO- 结果已保存到 log/延迟参数研究结果.csv
20260429 00:52:57- INFO- 信号参数: {'low': -5, 'high': -2.5, 'mv_min': 35, 'mv_max': 1000, 'prev_limit_status': ['断板', '炸板'], 'avg_limit_turnover_5_min': -1}
20260429 00:52:57- INFO- 信号数量: 1161
20260429 00:52:57- INFO- 运行参数组合: buy_delay=0, extend=0
20260429 00:52:58- INFO- 使用40个进程并行处理，共298个日期任务
20260429 00:53:08- INFO- 所有回测任务完成，共处理298个日期的结果
20260429 00:53:08- INFO-   交易数量: 1161, 胜率: 42.81%, 平均收益: 0.43%, 盈亏比: 1.47, 夏普: 0.463
20260429 00:53:08- INFO- 运行参数组合: buy_delay=0, extend=1
20260429 00:53:08- INFO- 使用40个进程并行处理，共298个日期任务
20260429 00:53:19- INFO- 所有回测任务完成，共处理298个日期的结果
20260429 00:53:19- INFO-   交易数量: 1161, 胜率: 41.26%, 平均收益: 0.21%, 盈亏比: 1.49, 夏普: 0.167
20260429 00:53:19- INFO- 运行参数组合: buy_delay=0, extend=2
20260429 00:53:19- INFO- 使用40个进程并行处理，共298个日期任务
20260429 00:53:29- INFO- 所有回测任务完成，共处理298个日期的结果
20260429 00:53:29- INFO-   交易数量: 1161, 胜率: 39.79%, 平均收益: -0.09%, 盈亏比: 1.49, 夏普: -0.061
20260429 00:53:29- INFO- 运行参数组合: buy_delay=1, extend=0
20260429 00:53:29- INFO- 使用40个进程并行处理，共298个日期任务
20260429 00:53:39- INFO- SHSE.600770在2026-04-28日买入延迟1天超出可用交易日，跳过该股票
20260429 00:53:39- INFO- SHSE.603060在2026-04-28日买入延迟1天超出可用交易日，跳过该股票
20260429 00:53:39- INFO- SHSE.603618在2026-04-28日买入延迟1天超出可用交易日，跳过该股票
20260429 00:53:39- INFO- 所有回测任务完成，共处理297个日期的结果
20260429 00:53:39- INFO-   交易数量: 1158, 胜率: 37.65%, 平均收益: -0.89%, 盈亏比: 1.35, 夏普: -1.046
20260429 00:53:39- INFO- 运行参数组合: buy_delay=1, extend=1
20260429 00:53:39- INFO- 使用40个进程并行处理，共298个日期任务
20260429 00:53:49- INFO- SHSE.600770在2026-04-28日买入延迟1天超出可用交易日，跳过该股票
20260429 00:53:49- INFO- SHSE.603060在2026-04-28日买入延迟1天超出可用交易日，跳过该股票
20260429 00:53:49- INFO- SHSE.603618在2026-04-28日买入延迟1天超出可用交易日，跳过该股票
20260429 00:53:49- INFO- 所有回测任务完成，共处理297个日期的结果
20260429 00:53:49- INFO-   交易数量: 1158, 胜率: 36.01%, 平均收益: -1.26%, 盈亏比: 1.35, 夏普: -1.108
20260429 00:53:49- INFO- 运行参数组合: buy_delay=1, extend=2
20260429 00:53:49- INFO- 使用40个进程并行处理，共298个日期任务
20260429 00:54:02- INFO- SHSE.600770在2026-04-28日买入延迟1天超出可用交易日，跳过该股票
20260429 00:54:02- INFO- SHSE.603060在2026-04-28日买入延迟1天超出可用交易日，跳过该股票
20260429 00:54:02- INFO- SHSE.603618在2026-04-28日买入延迟1天超出可用交易日，跳过该股票
20260429 00:54:02- INFO- 所有回测任务完成，共处理297个日期的结果
20260429 00:54:03- INFO-   交易数量: 1158, 胜率: 35.23%, 平均收益: -1.56%, 盈亏比: 1.33, 夏普: -1.113
20260429 00:54:03- INFO- 运行参数组合: buy_delay=2, extend=0
20260429 00:54:04- INFO- 使用40个进程并行处理，共298个日期任务
20260429 00:54:26- INFO- SHSE.600770在2026-04-28日买入延迟2天超出可用交易日，跳过该股票
20260429 00:54:26- INFO- SHSE.603060在2026-04-28日买入延迟2天超出可用交易日，跳过该股票
20260429 00:54:26- INFO- SHSE.603618在2026-04-28日买入延迟2天超出可用交易日，跳过该股票
20260429 00:54:27- INFO- SHSE.600052在2026-04-27日买入延迟2天超出可用交易日，跳过该股票
20260429 00:54:27- INFO- SHSE.600184在2026-04-27日买入延迟2天超出可用交易日，跳过该股票
20260429 00:54:27- INFO- SHSE.600736在2026-04-27日买入延迟2天超出可用交易日，跳过该股票
20260429 00:54:27- INFO- SZSE.002201在2026-04-27日买入延迟2天超出可用交易日，跳过该股票
20260429 00:54:27- INFO- SZSE.002429在2026-04-27日买入延迟2天超出可用交易日，跳过该股票
20260429 00:54:27- INFO- 所有回测任务完成，共处理296个日期的结果
20260429 00:54:27- INFO-   交易数量: 1153, 胜率: 37.47%, 平均收益: -1.38%, 盈亏比: 1.21, 夏普: -1.708
20260429 00:54:27- INFO- 运行参数组合: buy_delay=2, extend=1
20260429 00:54:29- INFO- 使用40个进程并行处理，共298个日期任务
20260429 00:54:51- INFO- SHSE.600770在2026-04-28日买入延迟2天超出可用交易日，跳过该股票
20260429 00:54:51- INFO- SHSE.603060在2026-04-28日买入延迟2天超出可用交易日，跳过该股票
20260429 00:54:51- INFO- SHSE.603618在2026-04-28日买入延迟2天超出可用交易日，跳过该股票
20260429 00:54:51- INFO- SHSE.600052在2026-04-27日买入延迟2天超出可用交易日，跳过该股票
20260429 00:54:51- INFO- SHSE.600184在2026-04-27日买入延迟2天超出可用交易日，跳过该股票
20260429 00:54:51- INFO- SHSE.600736在2026-04-27日买入延迟2天超出可用交易日，跳过该股票
20260429 00:54:51- INFO- SZSE.002201在2026-04-27日买入延迟2天超出可用交易日，跳过该股票
20260429 00:54:51- INFO- SZSE.002429在2026-04-27日买入延迟2天超出可用交易日，跳过该股票
20260429 00:54:51- INFO- 所有回测任务完成，共处理296个日期的结果
20260429 00:54:51- INFO-   交易数量: 1153, 胜率: 36.95%, 平均收益: -1.62%, 盈亏比: 1.19, 夏普: -1.523
20260429 00:54:51- INFO- 运行参数组合: buy_delay=2, extend=2
20260429 00:54:53- INFO- 使用40个进程并行处理，共298个日期任务
20260429 00:55:10- INFO- SHSE.600770在2026-04-28日买入延迟2天超出可用交易日，跳过该股票
20260429 00:55:10- INFO- SHSE.603060在2026-04-28日买入延迟2天超出可用交易日，跳过该股票
20260429 00:55:10- INFO- SHSE.603618在2026-04-28日买入延迟2天超出可用交易日，跳过该股票
20260429 00:55:10- INFO- SHSE.600052在2026-04-27日买入延迟2天超出可用交易日，跳过该股票
20260429 00:55:10- INFO- SHSE.600184在2026-04-27日买入延迟2天超出可用交易日，跳过该股票
20260429 00:55:10- INFO- SHSE.600736在2026-04-27日买入延迟2天超出可用交易日，跳过该股票
20260429 00:55:10- INFO- SZSE.002201在2026-04-27日买入延迟2天超出可用交易日，跳过该股票
20260429 00:55:10- INFO- SZSE.002429在2026-04-27日买入延迟2天超出可用交易日，跳过该股票
20260429 00:55:10- INFO- 所有回测任务完成，共处理296个日期的结果
20260429 00:55:10- INFO-   交易数量: 1153, 胜率: 35.73%, 平均收益: -1.96%, 盈亏比: 1.18, 夏普: -1.525
20260429 00:55:10- INFO- 运行参数组合: buy_delay=3, extend=0
20260429 00:55:10- INFO- 使用40个进程并行处理，共298个日期任务
20260429 00:55:21- INFO- SHSE.600052在2026-04-27日买入延迟3天超出可用交易日，跳过该股票
20260429 00:55:21- INFO- SHSE.600184在2026-04-27日买入延迟3天超出可用交易日，跳过该股票
20260429 00:55:21- INFO- SHSE.600736在2026-04-27日买入延迟3天超出可用交易日，跳过该股票
20260429 00:55:21- INFO- SZSE.002201在2026-04-27日买入延迟3天超出可用交易日，跳过该股票
20260429 00:55:21- INFO- SZSE.002429在2026-04-27日买入延迟3天超出可用交易日，跳过该股票
20260429 00:55:21- INFO- SHSE.600770在2026-04-28日买入延迟3天超出可用交易日，跳过该股票
20260429 00:55:21- INFO- SHSE.603060在2026-04-28日买入延迟3天超出可用交易日，跳过该股票
20260429 00:55:21- INFO- SHSE.603618在2026-04-28日买入延迟3天超出可用交易日，跳过该股票
20260429 00:55:21- INFO- SHSE.600979在2026-04-24日买入延迟3天超出可用交易日，跳过该股票
20260429 00:55:21- INFO- SHSE.603115在2026-04-24日买入延迟3天超出可用交易日，跳过该股票
20260429 00:55:21- INFO- SZSE.002201在2026-04-24日买入延迟3天超出可用交易日，跳过该股票
20260429 00:55:21- INFO- SZSE.002297在2026-04-24日买入延迟3天超出可用交易日，跳过该股票
20260429 00:55:21- INFO- 所有回测任务完成，共处理295个日期的结果
20260429 00:55:21- INFO-   交易数量: 1149, 胜率: 39.34%, 平均收益: -1.31%, 盈亏比: 1.14, 夏普: -1.674
20260429 00:55:21- INFO- 运行参数组合: buy_delay=3, extend=1
20260429 00:55:21- INFO- 使用40个进程并行处理，共298个日期任务
20260429 00:55:33- INFO- SHSE.600979在2026-04-24日买入延迟3天超出可用交易日，跳过该股票
20260429 00:55:33- INFO- SHSE.603115在2026-04-24日买入延迟3天超出可用交易日，跳过该股票
20260429 00:55:33- INFO- SZSE.002201在2026-04-24日买入延迟3天超出可用交易日，跳过该股票
20260429 00:55:33- INFO- SZSE.002297在2026-04-24日买入延迟3天超出可用交易日，跳过该股票
20260429 00:55:33- INFO- SHSE.600770在2026-04-28日买入延迟3天超出可用交易日，跳过该股票
20260429 00:55:33- INFO- SHSE.603060在2026-04-28日买入延迟3天超出可用交易日，跳过该股票
20260429 00:55:33- INFO- SHSE.603618在2026-04-28日买入延迟3天超出可用交易日，跳过该股票
20260429 00:55:33- INFO- SHSE.600052在2026-04-27日买入延迟3天超出可用交易日，跳过该股票
20260429 00:55:33- INFO- SHSE.600184在2026-04-27日买入延迟3天超出可用交易日，跳过该股票
20260429 00:55:33- INFO- SHSE.600736在2026-04-27日买入延迟3天超出可用交易日，跳过该股票
20260429 00:55:33- INFO- SZSE.002201在2026-04-27日买入延迟3天超出可用交易日，跳过该股票
20260429 00:55:33- INFO- SZSE.002429在2026-04-27日买入延迟3天超出可用交易日，跳过该股票
20260429 00:55:34- INFO- 所有回测任务完成，共处理295个日期的结果
20260429 00:55:34- INFO-   交易数量: 1149, 胜率: 37.77%, 平均收益: -1.55%, 盈亏比: 1.17, 夏普: -1.501
20260429 00:55:34- INFO- 运行参数组合: buy_delay=3, extend=2
20260429 00:55:34- INFO- 使用40个进程并行处理，共298个日期任务
20260429 00:55:44- INFO- SHSE.600770在2026-04-28日买入延迟3天超出可用交易日，跳过该股票
20260429 00:55:44- INFO- SHSE.603060在2026-04-28日买入延迟3天超出可用交易日，跳过该股票
20260429 00:55:44- INFO- SHSE.603618在2026-04-28日买入延迟3天超出可用交易日，跳过该股票
20260429 00:55:45- INFO- SHSE.600052在2026-04-27日买入延迟3天超出可用交易日，跳过该股票
20260429 00:55:45- INFO- SHSE.600184在2026-04-27日买入延迟3天超出可用交易日，跳过该股票
20260429 00:55:45- INFO- SHSE.600736在2026-04-27日买入延迟3天超出可用交易日，跳过该股票
20260429 00:55:45- INFO- SZSE.002201在2026-04-27日买入延迟3天超出可用交易日，跳过该股票
20260429 00:55:45- INFO- SZSE.002429在2026-04-27日买入延迟3天超出可用交易日，跳过该股票
20260429 00:55:45- INFO- SHSE.600979在2026-04-24日买入延迟3天超出可用交易日，跳过该股票
20260429 00:55:45- INFO- SHSE.603115在2026-04-24日买入延迟3天超出可用交易日，跳过该股票
20260429 00:55:45- INFO- SZSE.002201在2026-04-24日买入延迟3天超出可用交易日，跳过该股票
20260429 00:55:45- INFO- SZSE.002297在2026-04-24日买入延迟3天超出可用交易日，跳过该股票
20260429 00:55:45- INFO- 所有回测任务完成，共处理295个日期的结果
20260429 00:55:45- INFO-   交易数量: 1149, 胜率: 36.21%, 平均收益: -1.85%, 盈亏比: 1.19, 夏普: -1.458
20260429 00:55:45- INFO- 运行参数组合: buy_delay=4, extend=0
20260429 00:55:45- INFO- 使用40个进程并行处理，共298个日期任务
20260429 00:55:56- INFO- SHSE.600103在2026-04-23日买入延迟4天超出可用交易日，跳过该股票
20260429 00:55:56- INFO- SHSE.603017在2026-04-23日买入延迟4天超出可用交易日，跳过该股票
20260429 00:55:56- INFO- SHSE.600052在2026-04-27日买入延迟4天超出可用交易日，跳过该股票
20260429 00:55:56- INFO- SHSE.600184在2026-04-27日买入延迟4天超出可用交易日，跳过该股票
20260429 00:55:56- INFO- SHSE.600736在2026-04-27日买入延迟4天超出可用交易日，跳过该股票
20260429 00:55:56- INFO- SZSE.002201在2026-04-27日买入延迟4天超出可用交易日，跳过该股票
20260429 00:55:56- INFO- SZSE.002429在2026-04-27日买入延迟4天超出可用交易日，跳过该股票
20260429 00:55:56- INFO- SHSE.600979在2026-04-24日买入延迟4天超出可用交易日，跳过该股票
20260429 00:55:56- INFO- SHSE.603115在2026-04-24日买入延迟4天超出可用交易日，跳过该股票
20260429 00:55:56- INFO- SZSE.002201在2026-04-24日买入延迟4天超出可用交易日，跳过该股票
20260429 00:55:56- INFO- SZSE.002297在2026-04-24日买入延迟4天超出可用交易日，跳过该股票
20260429 00:55:56- INFO- SHSE.600770在2026-04-28日买入延迟4天超出可用交易日，跳过该股票
20260429 00:55:56- INFO- SHSE.603060在2026-04-28日买入延迟4天超出可用交易日，跳过该股票
20260429 00:55:56- INFO- SHSE.603618在2026-04-28日买入延迟4天超出可用交易日，跳过该股票
20260429 00:55:56- INFO- 所有回测任务完成，共处理294个日期的结果
20260429 00:55:56- INFO-   交易数量: 1147, 胜率: 36.79%, 平均收益: -1.67%, 盈亏比: 1.16, 夏普: -2.332
20260429 00:55:56- INFO- 运行参数组合: buy_delay=4, extend=1
20260429 00:55:56- INFO- 使用40个进程并行处理，共298个日期任务
20260429 00:56:07- INFO- SHSE.600979在2026-04-24日买入延迟4天超出可用交易日，跳过该股票
20260429 00:56:07- INFO- SHSE.603115在2026-04-24日买入延迟4天超出可用交易日，跳过该股票
20260429 00:56:07- INFO- SZSE.002201在2026-04-24日买入延迟4天超出可用交易日，跳过该股票
20260429 00:56:07- INFO- SZSE.002297在2026-04-24日买入延迟4天超出可用交易日，跳过该股票
20260429 00:56:07- INFO- SHSE.600770在2026-04-28日买入延迟4天超出可用交易日，跳过该股票
20260429 00:56:07- INFO- SHSE.603060在2026-04-28日买入延迟4天超出可用交易日，跳过该股票
20260429 00:56:07- INFO- SHSE.603618在2026-04-28日买入延迟4天超出可用交易日，跳过该股票
20260429 00:56:07- INFO- SHSE.600103在2026-04-23日买入延迟4天超出可用交易日，跳过该股票
20260429 00:56:07- INFO- SHSE.603017在2026-04-23日买入延迟4天超出可用交易日，跳过该股票
20260429 00:56:07- INFO- SHSE.600052在2026-04-27日买入延迟4天超出可用交易日，跳过该股票
20260429 00:56:07- INFO- SHSE.600184在2026-04-27日买入延迟4天超出可用交易日，跳过该股票
20260429 00:56:07- INFO- SHSE.600736在2026-04-27日买入延迟4天超出可用交易日，跳过该股票
20260429 00:56:07- INFO- SZSE.002201在2026-04-27日买入延迟4天超出可用交易日，跳过该股票
20260429 00:56:07- INFO- SZSE.002429在2026-04-27日买入延迟4天超出可用交易日，跳过该股票
20260429 00:56:07- INFO- 所有回测任务完成，共处理294个日期的结果
20260429 00:56:07- INFO-   交易数量: 1147, 胜率: 36.79%, 平均收益: -1.67%, 盈亏比: 1.20, 夏普: -1.596
20260429 00:56:07- INFO- 运行参数组合: buy_delay=4, extend=2
20260429 00:56:07- INFO- 使用40个进程并行处理，共298个日期任务
20260429 00:56:18- INFO- SHSE.600052在2026-04-27日买入延迟4天超出可用交易日，跳过该股票
20260429 00:56:18- INFO- SHSE.600184在2026-04-27日买入延迟4天超出可用交易日，跳过该股票
20260429 00:56:18- INFO- SHSE.600736在2026-04-27日买入延迟4天超出可用交易日，跳过该股票
20260429 00:56:18- INFO- SZSE.002201在2026-04-27日买入延迟4天超出可用交易日，跳过该股票
20260429 00:56:18- INFO- SZSE.002429在2026-04-27日买入延迟4天超出可用交易日，跳过该股票
20260429 00:56:18- INFO- SHSE.600103在2026-04-23日买入延迟4天超出可用交易日，跳过该股票
20260429 00:56:18- INFO- SHSE.603017在2026-04-23日买入延迟4天超出可用交易日，跳过该股票
20260429 00:56:18- INFO- SHSE.600979在2026-04-24日买入延迟4天超出可用交易日，跳过该股票
20260429 00:56:18- INFO- SHSE.603115在2026-04-24日买入延迟4天超出可用交易日，跳过该股票
20260429 00:56:18- INFO- SZSE.002201在2026-04-24日买入延迟4天超出可用交易日，跳过该股票
20260429 00:56:18- INFO- SZSE.002297在2026-04-24日买入延迟4天超出可用交易日，跳过该股票
20260429 00:56:18- INFO- SHSE.600770在2026-04-28日买入延迟4天超出可用交易日，跳过该股票
20260429 00:56:18- INFO- SHSE.603060在2026-04-28日买入延迟4天超出可用交易日，跳过该股票
20260429 00:56:18- INFO- SHSE.603618在2026-04-28日买入延迟4天超出可用交易日，跳过该股票
20260429 00:56:18- INFO- 所有回测任务完成，共处理294个日期的结果
20260429 00:56:18- INFO-   交易数量: 1147, 胜率: 36.44%, 平均收益: -1.55%, 盈亏比: 1.27, 夏普: -1.177
20260429 00:56:18- INFO- 运行参数组合: buy_delay=5, extend=0
20260429 00:56:18- INFO- 使用40个进程并行处理，共298个日期任务
20260429 00:56:28- INFO- SHSE.600770在2026-04-28日买入延迟5天超出可用交易日，跳过该股票
20260429 00:56:28- INFO- SHSE.600979在2026-04-24日买入延迟5天超出可用交易日，跳过该股票
20260429 00:56:28- INFO- SHSE.603060在2026-04-28日买入延迟5天超出可用交易日，跳过该股票
20260429 00:56:28- INFO- SHSE.603115在2026-04-24日买入延迟5天超出可用交易日，跳过该股票
20260429 00:56:28- INFO- SHSE.603618在2026-04-28日买入延迟5天超出可用交易日，跳过该股票
20260429 00:56:28- INFO- SZSE.002201在2026-04-24日买入延迟5天超出可用交易日，跳过该股票
20260429 00:56:28- INFO- SZSE.002297在2026-04-24日买入延迟5天超出可用交易日，跳过该股票
20260429 00:56:28- INFO- SHSE.600103在2026-04-23日买入延迟5天超出可用交易日，跳过该股票
20260429 00:56:28- INFO- SHSE.600156在2026-04-22日买入延迟5天超出可用交易日，跳过该股票
20260429 00:56:28- INFO- SHSE.603017在2026-04-23日买入延迟5天超出可用交易日，跳过该股票
20260429 00:56:28- INFO- SHSE.600052在2026-04-27日买入延迟5天超出可用交易日，跳过该股票
20260429 00:56:28- INFO- SHSE.605222在2026-04-22日买入延迟5天超出可用交易日，跳过该股票
20260429 00:56:28- INFO- SHSE.600184在2026-04-27日买入延迟5天超出可用交易日，跳过该股票
20260429 00:56:28- INFO- SZSE.002418在2026-04-22日买入延迟5天超出可用交易日，跳过该股票
20260429 00:56:28- INFO- SHSE.600736在2026-04-27日买入延迟5天超出可用交易日，跳过该股票
20260429 00:56:28- INFO- SZSE.002201在2026-04-27日买入延迟5天超出可用交易日，跳过该股票
20260429 00:56:28- INFO- SZSE.002429在2026-04-27日买入延迟5天超出可用交易日，跳过该股票
20260429 00:56:28- INFO- 所有回测任务完成，共处理293个日期的结果
20260429 00:56:28- INFO-   交易数量: 1144, 胜率: 36.36%, 平均收益: -1.36%, 盈亏比: 1.31, 夏普: -1.873
20260429 00:56:28- INFO- 运行参数组合: buy_delay=5, extend=1
20260429 00:56:29- INFO- 使用40个进程并行处理，共298个日期任务
20260429 00:56:39- INFO- SHSE.600103在2026-04-23日买入延迟5天超出可用交易日，跳过该股票
20260429 00:56:39- INFO- SHSE.603017在2026-04-23日买入延迟5天超出可用交易日，跳过该股票
20260429 00:56:39- INFO- SHSE.600770在2026-04-28日买入延迟5天超出可用交易日，跳过该股票
20260429 00:56:39- INFO- SHSE.603060在2026-04-28日买入延迟5天超出可用交易日，跳过该股票
20260429 00:56:39- INFO- SHSE.603618在2026-04-28日买入延迟5天超出可用交易日，跳过该股票
20260429 00:56:39- INFO- SHSE.600156在2026-04-22日买入延迟5天超出可用交易日，跳过该股票
20260429 00:56:39- INFO- SHSE.605222在2026-04-22日买入延迟5天超出可用交易日，跳过该股票
20260429 00:56:39- INFO- SZSE.002418在2026-04-22日买入延迟5天超出可用交易日，跳过该股票
20260429 00:56:39- INFO- SHSE.600052在2026-04-27日买入延迟5天超出可用交易日，跳过该股票
20260429 00:56:39- INFO- SHSE.600979在2026-04-24日买入延迟5天超出可用交易日，跳过该股票
20260429 00:56:39- INFO- SHSE.600184在2026-04-27日买入延迟5天超出可用交易日，跳过该股票
20260429 00:56:39- INFO- SHSE.603115在2026-04-24日买入延迟5天超出可用交易日，跳过该股票
20260429 00:56:39- INFO- SHSE.600736在2026-04-27日买入延迟5天超出可用交易日，跳过该股票
20260429 00:56:39- INFO- SZSE.002201在2026-04-24日买入延迟5天超出可用交易日，跳过该股票
20260429 00:56:39- INFO- SZSE.002201在2026-04-27日买入延迟5天超出可用交易日，跳过该股票
20260429 00:56:39- INFO- SZSE.002297在2026-04-24日买入延迟5天超出可用交易日，跳过该股票
20260429 00:56:39- INFO- SZSE.002429在2026-04-27日买入延迟5天超出可用交易日，跳过该股票
20260429 00:56:39- INFO- 所有回测任务完成，共处理293个日期的结果
20260429 00:56:39- INFO-   交易数量: 1144, 胜率: 37.24%, 平均收益: -1.36%, 盈亏比: 1.27, 夏普: -1.297
20260429 00:56:39- INFO- 运行参数组合: buy_delay=5, extend=2
20260429 00:56:39- INFO- 使用40个进程并行处理，共298个日期任务
20260429 00:56:50- INFO- SHSE.600156在2026-04-22日买入延迟5天超出可用交易日，跳过该股票
20260429 00:56:50- INFO- SHSE.605222在2026-04-22日买入延迟5天超出可用交易日，跳过该股票
20260429 00:56:50- INFO- SZSE.002418在2026-04-22日买入延迟5天超出可用交易日，跳过该股票
20260429 00:56:50- INFO- SHSE.600052在2026-04-27日买入延迟5天超出可用交易日，跳过该股票
20260429 00:56:50- INFO- SHSE.600184在2026-04-27日买入延迟5天超出可用交易日，跳过该股票
20260429 00:56:50- INFO- SHSE.600736在2026-04-27日买入延迟5天超出可用交易日，跳过该股票
20260429 00:56:50- INFO- SZSE.002201在2026-04-27日买入延迟5天超出可用交易日，跳过该股票
20260429 00:56:50- INFO- SZSE.002429在2026-04-27日买入延迟5天超出可用交易日，跳过该股票
20260429 00:56:50- INFO- SHSE.600103在2026-04-23日买入延迟5天超出可用交易日，跳过该股票
20260429 00:56:50- INFO- SHSE.603017在2026-04-23日买入延迟5天超出可用交易日，跳过该股票
20260429 00:56:50- INFO- SHSE.600979在2026-04-24日买入延迟5天超出可用交易日，跳过该股票
20260429 00:56:50- INFO- SHSE.603115在2026-04-24日买入延迟5天超出可用交易日，跳过该股票
20260429 00:56:50- INFO- SZSE.002201在2026-04-24日买入延迟5天超出可用交易日，跳过该股票
20260429 00:56:50- INFO- SZSE.002297在2026-04-24日买入延迟5天超出可用交易日，跳过该股票
20260429 00:56:50- INFO- SHSE.600770在2026-04-28日买入延迟5天超出可用交易日，跳过该股票
20260429 00:56:50- INFO- SHSE.603060在2026-04-28日买入延迟5天超出可用交易日，跳过该股票
20260429 00:56:50- INFO- SHSE.603618在2026-04-28日买入延迟5天超出可用交易日，跳过该股票
20260429 00:56:50- INFO- 所有回测任务完成，共处理293个日期的结果
20260429 00:56:50- INFO-   交易数量: 1144, 胜率: 37.15%, 平均收益: -1.15%, 盈亏比: 1.36, 夏普: -0.832
20260429 00:56:51- INFO- 结果已保存到 log/延迟参数研究结果.csv
