20260311 23:51:59- INFO- 开始执行数据更新任务
20260311 23:52:01- INFO- 已获取 20260227 的股票数据
20260311 23:52:01- INFO- 已获取 20260226 的股票数据
20260311 23:52:01- INFO- 已获取 20260224 的股票数据
20260311 23:52:01- INFO- 已获取 20260225 的股票数据
20260311 23:52:01- INFO- 已获取 20260302 的股票数据
20260311 23:52:04- INFO- 已获取 20260303 的股票数据
20260311 23:52:04- INFO- 已获取 20260304 的股票数据
20260311 23:52:04- INFO- 已获取 20260305 的股票数据
20260311 23:52:04- INFO- 已获取 20260309 的股票数据
20260311 23:52:04- INFO- 已获取 20260306 的股票数据
20260311 23:52:06- INFO- 已获取 20260310 的股票数据
20260311 23:52:06- INFO- 已获取 20260311 的股票数据
20260311 23:52:09- INFO- 未能获取交易日历数据
20260311 23:52:09- INFO- 未能获取交易日历数据
20260311 23:52:09- INFO- 将5193只股票分成52多线程批处理
20260311 23:52:30- INFO- SZSE.002859 无分钟数据，跳过
20260311 23:52:54- INFO- SZSE.002231 无分钟数据，跳过
20260311 23:53:55- INFO- SZSE.300344 无分钟数据，跳过
20260311 23:57:16- INFO- SZSE.300391 无分钟数据，跳过
20260311 23:58:13- INFO- SZSE.301682 无分钟数据，跳过
20260311 23:58:47- INFO- SHSE.603056 无分钟数据，跳过
20260311 23:59:10- INFO- SHSE.600735 无分钟数据，跳过
20260311 23:59:21- INFO- SHSE.601555 无分钟数据，跳过
20260312 00:03:19- INFO- SHSE.688781 无分钟数据，跳过
20260312 00:03:20- INFO- 所有批次处理完成，共合并93311条记录
20260312 00:05:40- INFO- 已获取 20260225 的股票数据
20260312 00:05:40- INFO- 已获取 20260302 的股票数据
20260312 00:05:40- INFO- 已获取 20260226 的股票数据
20260312 00:05:40- INFO- 已获取 20260224 的股票数据
20260312 00:05:40- INFO- 已获取 20260227 的股票数据
20260312 00:05:43- INFO- 已获取 20260303 的股票数据
20260312 00:05:43- INFO- 已获取 20260304 的股票数据
20260312 00:05:43- INFO- 已获取 20260309 的股票数据
20260312 00:05:43- INFO- 已获取 20260305 的股票数据
20260312 00:05:43- INFO- 已获取 20260306 的股票数据
20260312 00:05:45- INFO- 20260312 无备份日线数据，跳过
20260312 00:05:45- ERROR- 操作失败 (尝试 1/3): 20260312 无备份日线数据
20260312 00:05:45- INFO- 将在 1 秒后重试...
20260312 00:05:46- INFO- 已获取 20260310 的股票数据
20260312 00:05:46- INFO- 已获取 20260311 的股票数据
20260312 00:05:46- INFO- 20260312 无备份日线数据，跳过
20260312 00:05:46- ERROR- 操作失败 (尝试 2/3): 20260312 无备份日线数据
20260312 00:05:46- INFO- 将在 1 秒后重试...
20260312 00:05:47- INFO- 20260312 无备份日线数据，跳过
20260312 00:05:47- ERROR- 操作失败 (尝试 3/3): 20260312 无备份日线数据
20260312 00:05:47- ERROR- 达到最大重试次数 3，操作最终失败
20260312 00:05:47- INFO- 获取 20260312 数据时出错: local variable 'e' referenced before assignment
20260312 00:05:48- INFO- 20260312 无复权因子数据，跳过
20260312 00:05:48- ERROR- 操作失败 (尝试 1/3): 20260312 无复权因子数据
20260312 00:05:48- INFO- 将在 1 秒后重试...
20260312 00:05:49- INFO- 20260312 无复权因子数据，跳过
20260312 00:05:49- ERROR- 操作失败 (尝试 2/3): 20260312 无复权因子数据
20260312 00:05:49- INFO- 将在 1 秒后重试...
20260312 00:05:51- INFO- 20260312 无复权因子数据，跳过
20260312 00:05:51- ERROR- 操作失败 (尝试 3/3): 20260312 无复权因子数据
20260312 00:05:51- ERROR- 达到最大重试次数 3，操作最终失败
20260312 00:05:51- INFO- 获取 20260312 复权因子数据时出错: local variable 'e' referenced before assignment
20260312 00:05:51- INFO- 所有交易日均未返回有效复权因子数据
20260312 00:05:51- INFO- 20260312 无每日基础指标数据，跳过
20260312 00:05:51- ERROR- 操作失败 (尝试 1/3): 20260312 无每日基础指标数据
20260312 00:05:51- INFO- 将在 1 秒后重试...
20260312 00:05:52- INFO- 20260312 无每日基础指标数据，跳过
20260312 00:05:52- ERROR- 操作失败 (尝试 2/3): 20260312 无每日基础指标数据
20260312 00:05:52- INFO- 将在 1 秒后重试...
20260312 00:05:53- INFO- 20260312 无每日基础指标数据，跳过
20260312 00:05:53- ERROR- 操作失败 (尝试 3/3): 20260312 无每日基础指标数据
20260312 00:05:53- ERROR- 达到最大重试次数 3，操作最终失败
20260312 00:05:53- INFO- 获取 20260312 每日基础指标数据时出错: local variable 'e' referenced before assignment
20260312 00:05:53- INFO- 所有交易日均未返回有效每日基础指标数据
20260312 08:55:16- INFO- 已获取 20260225 的股票数据
20260312 08:55:16- INFO- 已获取 20260224 的股票数据
20260312 08:55:16- INFO- 已获取 20260226 的股票数据
20260312 08:55:16- INFO- 已获取 20260302 的股票数据
20260312 08:55:16- INFO- 已获取 20260227 的股票数据
20260312 08:55:19- INFO- 已获取 20260303 的股票数据
20260312 08:55:19- INFO- 已获取 20260304 的股票数据
20260312 08:55:19- INFO- 已获取 20260306 的股票数据
20260312 08:55:19- INFO- 已获取 20260309 的股票数据
20260312 08:55:19- INFO- 已获取 20260305 的股票数据
20260312 08:55:21- INFO- 20260312 无备份日线数据，跳过
20260312 08:55:21- ERROR- 操作失败 (尝试 1/3): 20260312 无备份日线数据
20260312 08:55:21- INFO- 将在 1 秒后重试...
20260312 08:55:22- INFO- 已获取 20260310 的股票数据
20260312 08:55:22- INFO- 已获取 20260311 的股票数据
20260312 08:55:23- INFO- 20260312 无备份日线数据，跳过
20260312 08:55:23- ERROR- 操作失败 (尝试 2/3): 20260312 无备份日线数据
20260312 08:55:23- INFO- 将在 1 秒后重试...
20260312 08:55:24- INFO- 20260312 无备份日线数据，跳过
20260312 08:55:24- ERROR- 操作失败 (尝试 3/3): 20260312 无备份日线数据
20260312 08:55:24- ERROR- 达到最大重试次数 3，操作最终失败
20260312 08:55:24- INFO- 获取 20260312 数据时出错: local variable 'e' referenced before assignment
20260312 08:55:24- INFO- 20260312 无复权因子数据，跳过
20260312 08:55:24- ERROR- 操作失败 (尝试 1/3): 20260312 无复权因子数据
20260312 08:55:24- INFO- 将在 1 秒后重试...
20260312 08:55:26- INFO- 20260312 无复权因子数据，跳过
20260312 08:55:26- ERROR- 操作失败 (尝试 2/3): 20260312 无复权因子数据
20260312 08:55:26- INFO- 将在 1 秒后重试...
20260312 08:55:27- INFO- 20260312 无复权因子数据，跳过
20260312 08:55:27- ERROR- 操作失败 (尝试 3/3): 20260312 无复权因子数据
20260312 08:55:27- ERROR- 达到最大重试次数 3，操作最终失败
20260312 08:55:27- INFO- 获取 20260312 复权因子数据时出错: local variable 'e' referenced before assignment
20260312 08:55:27- INFO- 所有交易日均未返回有效复权因子数据
20260312 08:55:27- INFO- 20260312 无每日基础指标数据，跳过
20260312 08:55:27- ERROR- 操作失败 (尝试 1/3): 20260312 无每日基础指标数据
20260312 08:55:27- INFO- 将在 1 秒后重试...
20260312 08:55:28- INFO- 20260312 无每日基础指标数据，跳过
20260312 08:55:28- ERROR- 操作失败 (尝试 2/3): 20260312 无每日基础指标数据
20260312 08:55:28- INFO- 将在 1 秒后重试...
20260312 08:55:29- INFO- 20260312 无每日基础指标数据，跳过
20260312 08:55:29- ERROR- 操作失败 (尝试 3/3): 20260312 无每日基础指标数据
20260312 08:55:29- ERROR- 达到最大重试次数 3，操作最终失败
20260312 08:55:29- INFO- 获取 20260312 每日基础指标数据时出错: local variable 'e' referenced before assignment
20260312 08:55:29- INFO- 所有交易日均未返回有效每日基础指标数据
20260312 19:03:21- INFO- 已获取 20260227 的股票数据
20260312 19:03:21- INFO- 已获取 20260226 的股票数据
20260312 19:03:21- INFO- 已获取 20260224 的股票数据
20260312 19:03:21- INFO- 已获取 20260225 的股票数据
20260312 19:03:21- INFO- 已获取 20260302 的股票数据
20260312 19:03:24- INFO- 已获取 20260303 的股票数据
20260312 19:03:24- INFO- 已获取 20260305 的股票数据
20260312 19:03:24- INFO- 已获取 20260306 的股票数据
20260312 19:03:24- INFO- 已获取 20260304 的股票数据
20260312 19:03:24- INFO- 已获取 20260309 的股票数据
20260312 19:03:27- INFO- 已获取 20260310 的股票数据
20260312 19:03:27- INFO- 已获取 20260311 的股票数据
20260312 19:03:27- INFO- 已获取 20260312 的股票数据
20260312 19:03:30- INFO- 已获取 20260312 的复权因子数据
20260312 19:03:31- INFO- 所有交易日复权因子数据获取完成，共合并5490条记录
20260312 19:03:31- INFO- 已获取 20260312 的每日基础指标数据
20260312 19:03:32- INFO- 所有交易日每日基础指标数据获取完成，共合并5482条记录
20260312 19:03:32- INFO- 将5193只股票分成52多线程批处理
20260312 19:03:49- INFO- SZSE.002859 无分钟数据，跳过
20260312 19:04:08- INFO- SZSE.002231 无分钟数据，跳过
20260312 19:05:08- INFO- SZSE.300344 无分钟数据，跳过
20260312 19:08:39- INFO- SZSE.300391 无分钟数据，跳过
20260312 19:09:50- INFO- SZSE.301682 无分钟数据，跳过
20260312 19:09:52- INFO- SHSE.603056 无分钟数据，跳过
20260312 19:10:20- INFO- SHSE.600735 无分钟数据，跳过
20260312 19:13:34- INFO- SHSE.601555 无分钟数据，跳过
20260312 19:14:49- INFO- SHSE.688781 无分钟数据，跳过
20260312 19:14:49- INFO- 所有批次处理完成，共合并93307条记录
20260313 08:55:16- INFO- 已获取 20260225 的股票数据
20260313 08:55:16- INFO- 已获取 20260302 的股票数据
20260313 08:55:16- INFO- 已获取 20260227 的股票数据
20260313 08:55:16- INFO- 已获取 20260226 的股票数据
20260313 08:55:16- INFO- 已获取 20260303 的股票数据
20260313 08:55:19- INFO- 已获取 20260304 的股票数据
20260313 08:55:19- INFO- 已获取 20260305 的股票数据
20260313 08:55:19- INFO- 已获取 20260306 的股票数据
20260313 08:55:19- INFO- 已获取 20260309 的股票数据
20260313 08:55:19- INFO- 已获取 20260310 的股票数据
20260313 08:55:21- INFO- 20260313 无备份日线数据，跳过
20260313 08:55:21- ERROR- 操作失败 (尝试 1/3): 20260313 无备份日线数据
20260313 08:55:21- INFO- 将在 1 秒后重试...
20260313 08:55:21- INFO- 已获取 20260311 的股票数据
20260313 08:55:22- INFO- 已获取 20260312 的股票数据
20260313 08:55:22- INFO- 20260313 无备份日线数据，跳过
20260313 08:55:22- ERROR- 操作失败 (尝试 2/3): 20260313 无备份日线数据
20260313 08:55:22- INFO- 将在 1 秒后重试...
20260313 08:55:23- INFO- 20260313 无备份日线数据，跳过
20260313 08:55:23- ERROR- 操作失败 (尝试 3/3): 20260313 无备份日线数据
20260313 08:55:23- ERROR- 达到最大重试次数 3，操作最终失败
20260313 08:55:23- INFO- 获取 20260313 数据时出错: local variable 'e' referenced before assignment
20260313 08:55:24- INFO- 20260313 无复权因子数据，跳过
20260313 08:55:24- ERROR- 操作失败 (尝试 1/3): 20260313 无复权因子数据
20260313 08:55:24- INFO- 将在 1 秒后重试...
20260313 08:55:25- INFO- 20260313 无复权因子数据，跳过
20260313 08:55:25- ERROR- 操作失败 (尝试 2/3): 20260313 无复权因子数据
20260313 08:55:25- INFO- 将在 1 秒后重试...
20260313 08:55:26- INFO- 20260313 无复权因子数据，跳过
20260313 08:55:26- ERROR- 操作失败 (尝试 3/3): 20260313 无复权因子数据
20260313 08:55:26- ERROR- 达到最大重试次数 3，操作最终失败
20260313 08:55:26- INFO- 获取 20260313 复权因子数据时出错: local variable 'e' referenced before assignment
20260313 08:55:26- INFO- 所有交易日均未返回有效复权因子数据
20260313 08:55:26- INFO- 20260313 无每日基础指标数据，跳过
20260313 08:55:26- ERROR- 操作失败 (尝试 1/3): 20260313 无每日基础指标数据
20260313 08:55:26- INFO- 将在 1 秒后重试...
20260313 08:55:28- INFO- 20260313 无每日基础指标数据，跳过
20260313 08:55:28- ERROR- 操作失败 (尝试 2/3): 20260313 无每日基础指标数据
20260313 08:55:28- INFO- 将在 1 秒后重试...
20260313 08:55:29- INFO- 20260313 无每日基础指标数据，跳过
20260313 08:55:29- ERROR- 操作失败 (尝试 3/3): 20260313 无每日基础指标数据
20260313 08:55:29- ERROR- 达到最大重试次数 3，操作最终失败
20260313 08:55:29- INFO- 获取 20260313 每日基础指标数据时出错: local variable 'e' referenced before assignment
20260313 08:55:29- INFO- 所有交易日均未返回有效每日基础指标数据
20260313 19:03:15- INFO- 已获取 20260227 的股票数据
20260313 19:03:15- INFO- 已获取 20260225 的股票数据
20260313 19:03:15- INFO- 已获取 20260226 的股票数据
20260313 19:03:15- INFO- 已获取 20260303 的股票数据
20260313 19:03:15- INFO- 已获取 20260302 的股票数据
20260313 19:03:18- INFO- 已获取 20260310 的股票数据
20260313 19:03:18- INFO- 已获取 20260306 的股票数据
20260313 19:03:18- INFO- 已获取 20260304 的股票数据
20260313 19:03:18- INFO- 已获取 20260305 的股票数据
20260313 19:03:18- INFO- 已获取 20260309 的股票数据
20260313 19:03:21- INFO- 已获取 20260312 的股票数据
20260313 19:03:21- INFO- 已获取 20260313 的股票数据
20260313 19:03:21- INFO- 已获取 20260311 的股票数据
20260313 19:03:23- INFO- 已获取 20260313 的复权因子数据
20260313 19:03:24- INFO- 所有交易日复权因子数据获取完成，共合并5490条记录
20260313 19:03:25- INFO- 已获取 20260313 的每日基础指标数据
20260313 19:03:26- INFO- 所有交易日每日基础指标数据获取完成，共合并5481条记录
20260313 19:03:26- INFO- 将5196只股票分成52多线程批处理
20260313 19:03:53- INFO- SZSE.000711 无分钟数据，跳过
20260313 19:03:55- INFO- SZSE.002859 无分钟数据，跳过
20260313 19:04:08- INFO- SZSE.002231 无分钟数据，跳过
20260313 19:04:58- INFO- SZSE.300344 无分钟数据，跳过
20260313 19:08:38- INFO- SZSE.300391 无分钟数据，跳过
20260313 19:09:26- INFO- SZSE.001257 无分钟数据，跳过
20260313 19:09:26- INFO- SZSE.301682 无分钟数据，跳过
20260313 19:09:27- INFO- SZSE.301683 无分钟数据，跳过
20260313 19:09:56- INFO- SHSE.603056 无分钟数据，跳过
20260313 19:10:06- INFO- SHSE.600735 无分钟数据，跳过
20260313 19:13:28- INFO- SHSE.601555 无分钟数据，跳过
20260313 19:14:38- INFO- SHSE.688781 无分钟数据，跳过
20260313 19:14:38- INFO- SHSE.688813 无分钟数据，跳过
20260313 19:14:38- INFO- 所有批次处理完成，共合并93288条记录
20260316 08:55:16- INFO- 已获取 20260227 的股票数据
20260316 08:55:16- INFO- 已获取 20260226 的股票数据
20260316 08:55:16- INFO- 已获取 20260302 的股票数据
20260316 08:55:16- INFO- 已获取 20260303 的股票数据
20260316 08:55:16- INFO- 已获取 20260304 的股票数据
20260316 08:55:19- INFO- 已获取 20260305 的股票数据
20260316 08:55:19- INFO- 已获取 20260306 的股票数据
20260316 08:55:19- INFO- 已获取 20260310 的股票数据
20260316 08:55:19- INFO- 已获取 20260309 的股票数据
20260316 08:55:19- INFO- 已获取 20260311 的股票数据
20260316 08:55:21- INFO- 20260316 无备份日线数据，跳过
20260316 08:55:21- ERROR- 操作失败 (尝试 1/3): 20260316 无备份日线数据
20260316 08:55:21- INFO- 将在 1 秒后重试...
20260316 08:55:22- INFO- 已获取 20260312 的股票数据
20260316 08:55:22- INFO- 已获取 20260313 的股票数据
20260316 08:55:22- INFO- 20260316 无备份日线数据，跳过
20260316 08:55:22- ERROR- 操作失败 (尝试 2/3): 20260316 无备份日线数据
20260316 08:55:22- INFO- 将在 1 秒后重试...
20260316 08:55:23- INFO- 20260316 无备份日线数据，跳过
20260316 08:55:23- ERROR- 操作失败 (尝试 3/3): 20260316 无备份日线数据
20260316 08:55:23- ERROR- 达到最大重试次数 3，操作最终失败
20260316 08:55:23- INFO- 获取 20260316 数据时出错: local variable 'e' referenced before assignment
20260316 08:55:24- INFO- 20260316 无复权因子数据，跳过
20260316 08:55:24- ERROR- 操作失败 (尝试 1/3): 20260316 无复权因子数据
20260316 08:55:24- INFO- 将在 1 秒后重试...
20260316 08:55:25- INFO- 20260316 无复权因子数据，跳过
20260316 08:55:25- ERROR- 操作失败 (尝试 2/3): 20260316 无复权因子数据
20260316 08:55:25- INFO- 将在 1 秒后重试...
20260316 08:55:26- INFO- 20260316 无复权因子数据，跳过
20260316 08:55:26- ERROR- 操作失败 (尝试 3/3): 20260316 无复权因子数据
20260316 08:55:26- ERROR- 达到最大重试次数 3，操作最终失败
20260316 08:55:26- INFO- 获取 20260316 复权因子数据时出错: local variable 'e' referenced before assignment
20260316 08:55:26- INFO- 所有交易日均未返回有效复权因子数据
20260316 08:55:27- INFO- 20260316 无每日基础指标数据，跳过
20260316 08:55:27- ERROR- 操作失败 (尝试 1/3): 20260316 无每日基础指标数据
20260316 08:55:27- INFO- 将在 1 秒后重试...
20260316 08:55:28- INFO- 20260316 无每日基础指标数据，跳过
20260316 08:55:28- ERROR- 操作失败 (尝试 2/3): 20260316 无每日基础指标数据
20260316 08:55:28- INFO- 将在 1 秒后重试...
20260316 08:55:29- INFO- 20260316 无每日基础指标数据，跳过
20260316 08:55:29- ERROR- 操作失败 (尝试 3/3): 20260316 无每日基础指标数据
20260316 08:55:29- ERROR- 达到最大重试次数 3，操作最终失败
20260316 08:55:29- INFO- 获取 20260316 每日基础指标数据时出错: local variable 'e' referenced before assignment
20260316 08:55:29- INFO- 所有交易日均未返回有效每日基础指标数据
20260316 19:03:22- INFO- 已获取 20260303 的股票数据
20260316 19:03:22- INFO- 已获取 20260226 的股票数据
20260316 19:03:22- INFO- 已获取 20260227 的股票数据
20260316 19:03:22- INFO- 已获取 20260302 的股票数据
20260316 19:03:22- INFO- 已获取 20260304 的股票数据
20260316 19:03:25- INFO- 已获取 20260305 的股票数据
20260316 19:03:25- INFO- 已获取 20260306 的股票数据
20260316 19:03:25- INFO- 已获取 20260309 的股票数据
20260316 19:03:25- INFO- 已获取 20260311 的股票数据
20260316 19:03:25- INFO- 已获取 20260310 的股票数据
20260316 19:03:28- INFO- 已获取 20260313 的股票数据
20260316 19:03:28- INFO- 已获取 20260316 的股票数据
20260316 19:03:28- INFO- 已获取 20260312 的股票数据
20260316 19:03:31- INFO- 已获取 20260316 的复权因子数据
20260316 19:03:32- INFO- 所有交易日复权因子数据获取完成，共合并5490条记录
20260316 19:03:32- INFO- 已获取 20260316 的每日基础指标数据
20260316 19:03:33- INFO- 所有交易日每日基础指标数据获取完成，共合并5480条记录
20260316 19:03:33- INFO- 将5196只股票分成52多线程批处理
20260316 19:04:02- INFO- SZSE.002859 无分钟数据，跳过
20260316 19:04:12- INFO- SZSE.000711 无分钟数据，跳过
20260316 19:04:25- INFO- SZSE.002231 无分钟数据，跳过
20260316 19:04:45- INFO- SZSE.002569 无分钟数据，跳过
20260316 19:05:21- INFO- SZSE.300344 无分钟数据，跳过
20260316 19:08:57- INFO- SZSE.300391 无分钟数据，跳过
20260316 19:09:41- INFO- SZSE.301682 无分钟数据，跳过
20260316 19:09:46- INFO- SZSE.001257 无分钟数据，跳过
20260316 19:09:46- INFO- SZSE.301683 无分钟数据，跳过
20260316 19:10:22- INFO- SHSE.603056 无分钟数据，跳过
20260316 19:10:26- INFO- SHSE.600735 无分钟数据，跳过
20260316 19:15:00- INFO- SHSE.688693 无分钟数据，跳过
20260316 19:15:13- INFO- SHSE.688781 无分钟数据，跳过
20260316 19:15:13- INFO- SHSE.688813 无分钟数据，跳过
20260316 19:15:14- INFO- 所有批次处理完成，共合并93268条记录
20260317 20:11:13- INFO- 已获取 20260305 的股票数据
20260317 20:11:13- INFO- 已获取 20260302 的股票数据
20260317 20:11:13- INFO- 已获取 20260306 的股票数据
20260317 20:11:13- INFO- 已获取 20260304 的股票数据
20260317 20:11:13- INFO- 已获取 20260303 的股票数据
20260317 20:11:16- INFO- 已获取 20260309 的股票数据
20260317 20:11:16- INFO- 已获取 20260310 的股票数据
20260317 20:11:16- INFO- 已获取 20260311 的股票数据
20260317 20:11:16- INFO- 已获取 20260312 的股票数据
20260317 20:11:16- INFO- 已获取 20260313 的股票数据
20260317 20:11:19- INFO- 已获取 20260316 的股票数据
20260317 20:11:19- INFO- 已获取 20260317 的股票数据
20260317 20:11:22- INFO- 已获取 20260317 的复权因子数据
20260317 20:11:23- INFO- 所有交易日复权因子数据获取完成，共合并5490条记录
20260317 20:11:23- INFO- 已获取 20260317 的每日基础指标数据
20260317 20:11:24- INFO- 所有交易日每日基础指标数据获取完成，共合并5478条记录
20260317 20:11:24- INFO- 将5196只股票分成52多线程批处理
20260317 20:11:54- INFO- SZSE.000711 无分钟数据，跳过
20260317 20:12:02- INFO- SZSE.002231 无分钟数据，跳过
20260317 20:12:19- INFO- SZSE.002569 无分钟数据，跳过
20260317 20:13:02- INFO- SZSE.300344 无分钟数据，跳过
20260317 20:13:11- INFO- SZSE.300142 无分钟数据，跳过
20260317 20:16:33- INFO- SZSE.300385 无分钟数据，跳过
20260317 20:16:39- INFO- SZSE.300391 无分钟数据，跳过
20260317 20:17:34- INFO- SZSE.001257 无分钟数据，跳过
20260317 20:17:35- INFO- SZSE.301682 无分钟数据，跳过
20260317 20:17:37- INFO- SZSE.301683 无分钟数据，跳过
20260317 20:18:04- INFO- SHSE.603056 无分钟数据，跳过
20260317 20:18:13- INFO- SHSE.600735 无分钟数据，跳过
20260317 20:21:42- INFO- SHSE.688175 无分钟数据，跳过
20260317 20:22:22- INFO- SHSE.688693 无分钟数据，跳过
20260317 20:22:43- INFO- SHSE.688781 无分钟数据，跳过
20260317 20:22:43- INFO- SHSE.688813 无分钟数据，跳过
20260317 20:22:45- INFO- 所有批次处理完成，共合并93233条记录
20260318 08:55:16- INFO- 已获取 20260305 的股票数据
20260318 08:55:16- INFO- 已获取 20260303 的股票数据
20260318 08:55:16- INFO- 已获取 20260306 的股票数据
20260318 08:55:16- INFO- 已获取 20260304 的股票数据
20260318 08:55:16- INFO- 已获取 20260302 的股票数据
20260318 08:55:19- INFO- 已获取 20260309 的股票数据
20260318 08:55:19- INFO- 已获取 20260310 的股票数据
20260318 08:55:19- INFO- 已获取 20260313 的股票数据
20260318 08:55:19- INFO- 已获取 20260311 的股票数据
20260318 08:55:19- INFO- 已获取 20260312 的股票数据
20260318 08:55:21- INFO- 20260318 无备份日线数据，跳过
20260318 08:55:21- ERROR- 操作失败 (尝试 1/3): 20260318 无备份日线数据
20260318 08:55:21- INFO- 将在 1 秒后重试...
20260318 08:55:22- INFO- 已获取 20260316 的股票数据
20260318 08:55:22- INFO- 已获取 20260317 的股票数据
20260318 08:55:22- INFO- 20260318 无备份日线数据，跳过
20260318 08:55:22- ERROR- 操作失败 (尝试 2/3): 20260318 无备份日线数据
20260318 08:55:22- INFO- 将在 1 秒后重试...
20260318 08:55:23- INFO- 20260318 无备份日线数据，跳过
20260318 08:55:23- ERROR- 操作失败 (尝试 3/3): 20260318 无备份日线数据
20260318 08:55:23- ERROR- 达到最大重试次数 3，操作最终失败
20260318 08:55:23- INFO- 获取 20260318 数据时出错: local variable 'e' referenced before assignment
20260318 08:55:24- INFO- 20260318 无复权因子数据，跳过
20260318 08:55:24- ERROR- 操作失败 (尝试 1/3): 20260318 无复权因子数据
20260318 08:55:24- INFO- 将在 1 秒后重试...
20260318 08:55:25- INFO- 20260318 无复权因子数据，跳过
20260318 08:55:25- ERROR- 操作失败 (尝试 2/3): 20260318 无复权因子数据
20260318 08:55:25- INFO- 将在 1 秒后重试...
20260318 08:55:26- INFO- 20260318 无复权因子数据，跳过
20260318 08:55:26- ERROR- 操作失败 (尝试 3/3): 20260318 无复权因子数据
20260318 08:55:26- ERROR- 达到最大重试次数 3，操作最终失败
20260318 08:55:26- INFO- 获取 20260318 复权因子数据时出错: local variable 'e' referenced before assignment
20260318 08:55:26- INFO- 所有交易日均未返回有效复权因子数据
20260318 08:55:26- INFO- 20260318 无每日基础指标数据，跳过
20260318 08:55:26- ERROR- 操作失败 (尝试 1/3): 20260318 无每日基础指标数据
20260318 08:55:26- INFO- 将在 1 秒后重试...
20260318 08:55:28- INFO- 20260318 无每日基础指标数据，跳过
20260318 08:55:28- ERROR- 操作失败 (尝试 2/3): 20260318 无每日基础指标数据
20260318 08:55:28- INFO- 将在 1 秒后重试...
20260318 08:55:29- INFO- 20260318 无每日基础指标数据，跳过
20260318 08:55:29- ERROR- 操作失败 (尝试 3/3): 20260318 无每日基础指标数据
20260318 08:55:29- ERROR- 达到最大重试次数 3，操作最终失败
20260318 08:55:29- INFO- 获取 20260318 每日基础指标数据时出错: local variable 'e' referenced before assignment
20260318 08:55:29- INFO- 所有交易日均未返回有效每日基础指标数据
20260318 19:03:20- INFO- 已获取 20260303 的股票数据
20260318 19:03:20- INFO- 已获取 20260302 的股票数据
20260318 19:03:20- INFO- 已获取 20260306 的股票数据
20260318 19:03:20- INFO- 已获取 20260305 的股票数据
20260318 19:03:20- INFO- 已获取 20260304 的股票数据
20260318 19:03:23- INFO- 已获取 20260309 的股票数据
20260318 19:03:23- INFO- 已获取 20260310 的股票数据
20260318 19:03:23- INFO- 已获取 20260311 的股票数据
20260318 19:03:23- INFO- 已获取 20260312 的股票数据
20260318 19:03:23- INFO- 已获取 20260313 的股票数据
20260318 19:03:26- INFO- 已获取 20260318 的股票数据
20260318 19:03:26- INFO- 已获取 20260317 的股票数据
20260318 19:03:26- INFO- 已获取 20260316 的股票数据
20260318 19:03:29- INFO- 已获取 20260318 的复权因子数据
20260318 19:03:30- INFO- 所有交易日复权因子数据获取完成，共合并5491条记录
20260318 19:03:30- INFO- 已获取 20260318 的每日基础指标数据
20260318 19:03:31- INFO- 所有交易日每日基础指标数据获取完成，共合并5479条记录
20260318 19:03:31- INFO- 将5196只股票分成52多线程批处理
20260318 19:04:01- INFO- SZSE.000711 无分钟数据，跳过
20260318 19:04:09- INFO- SZSE.002231 无分钟数据，跳过
20260318 19:04:25- INFO- SZSE.002569 无分钟数据，跳过
20260318 19:05:09- INFO- SZSE.300344 无分钟数据，跳过
20260318 19:05:16- INFO- SZSE.300142 无分钟数据，跳过
20260318 19:08:41- INFO- SZSE.300385 无分钟数据，跳过
20260318 19:08:44- INFO- SZSE.300391 无分钟数据，跳过
20260318 19:09:38- INFO- SZSE.001257 无分钟数据，跳过
20260318 19:09:39- INFO- SZSE.301682 无分钟数据，跳过
20260318 19:09:40- INFO- SZSE.301683 无分钟数据，跳过
20260318 19:09:57- INFO- SHSE.603056 无分钟数据，跳过
20260318 19:10:21- INFO- SHSE.600735 无分钟数据，跳过
20260318 19:13:38- INFO- SHSE.688175 无分钟数据，跳过
20260318 19:14:29- INFO- SHSE.688693 无分钟数据，跳过
20260318 19:14:44- INFO- SHSE.688781 无分钟数据，跳过
20260318 19:14:44- INFO- SHSE.688813 无分钟数据，跳过
20260318 19:14:45- INFO- 所有批次处理完成，共合并93235条记录
20260319 08:55:16- INFO- 已获取 20260303 的股票数据
20260319 08:55:16- INFO- 已获取 20260305 的股票数据
20260319 08:55:17- INFO- 已获取 20260304 的股票数据
20260319 08:55:17- INFO- 已获取 20260306 的股票数据
20260319 08:55:17- INFO- 已获取 20260309 的股票数据
20260319 08:55:19- INFO- 已获取 20260311 的股票数据
20260319 08:55:19- INFO- 已获取 20260310 的股票数据
20260319 08:55:19- INFO- 已获取 20260312 的股票数据
20260319 08:55:20- INFO- 已获取 20260313 的股票数据
20260319 08:55:20- INFO- 已获取 20260316 的股票数据
20260319 08:55:22- INFO- 20260319 无备份日线数据，跳过
20260319 08:55:22- ERROR- 操作失败 (尝试 1/3): 20260319 无备份日线数据
20260319 08:55:22- INFO- 将在 1 秒后重试...
20260319 08:55:22- INFO- 已获取 20260317 的股票数据
20260319 08:55:22- INFO- 已获取 20260318 的股票数据
20260319 08:55:23- INFO- 20260319 无备份日线数据，跳过
20260319 08:55:23- ERROR- 操作失败 (尝试 2/3): 20260319 无备份日线数据
20260319 08:55:23- INFO- 将在 1 秒后重试...
20260319 08:55:24- INFO- 20260319 无备份日线数据，跳过
20260319 08:55:24- ERROR- 操作失败 (尝试 3/3): 20260319 无备份日线数据
20260319 08:55:24- ERROR- 达到最大重试次数 3，操作最终失败
20260319 08:55:24- INFO- 获取 20260319 数据时出错: local variable 'e' referenced before assignment
20260319 08:55:25- INFO- 20260319 无复权因子数据，跳过
20260319 08:55:25- ERROR- 操作失败 (尝试 1/3): 20260319 无复权因子数据
20260319 08:55:25- INFO- 将在 1 秒后重试...
20260319 08:55:26- INFO- 20260319 无复权因子数据，跳过
20260319 08:55:26- ERROR- 操作失败 (尝试 2/3): 20260319 无复权因子数据
20260319 08:55:26- INFO- 将在 1 秒后重试...
20260319 08:55:27- INFO- 20260319 无复权因子数据，跳过
20260319 08:55:27- ERROR- 操作失败 (尝试 3/3): 20260319 无复权因子数据
20260319 08:55:27- ERROR- 达到最大重试次数 3，操作最终失败
20260319 08:55:27- INFO- 获取 20260319 复权因子数据时出错: local variable 'e' referenced before assignment
20260319 08:55:27- INFO- 所有交易日均未返回有效复权因子数据
20260319 08:55:27- INFO- 20260319 无每日基础指标数据，跳过
20260319 08:55:27- ERROR- 操作失败 (尝试 1/3): 20260319 无每日基础指标数据
20260319 08:55:27- INFO- 将在 1 秒后重试...
20260319 08:55:28- INFO- 20260319 无每日基础指标数据，跳过
20260319 08:55:28- ERROR- 操作失败 (尝试 2/3): 20260319 无每日基础指标数据
20260319 08:55:28- INFO- 将在 1 秒后重试...
20260319 08:55:29- INFO- 20260319 无每日基础指标数据，跳过
20260319 08:55:29- ERROR- 操作失败 (尝试 3/3): 20260319 无每日基础指标数据
20260319 08:55:29- ERROR- 达到最大重试次数 3，操作最终失败
20260319 08:55:29- INFO- 获取 20260319 每日基础指标数据时出错: local variable 'e' referenced before assignment
20260319 08:55:29- INFO- 所有交易日均未返回有效每日基础指标数据
20260319 21:28:11- INFO- 已获取 20260304 的股票数据
20260319 21:28:11- INFO- 已获取 20260303 的股票数据
20260319 21:28:11- INFO- 已获取 20260309 的股票数据
20260319 21:28:11- INFO- 已获取 20260306 的股票数据
20260319 21:28:12- INFO- 已获取 20260305 的股票数据
20260319 21:28:14- INFO- 已获取 20260310 的股票数据
20260319 21:28:14- INFO- 已获取 20260311 的股票数据
20260319 21:28:14- INFO- 已获取 20260312 的股票数据
20260319 21:28:15- INFO- 已获取 20260316 的股票数据
20260319 21:28:15- INFO- 已获取 20260313 的股票数据
20260319 21:28:17- INFO- 已获取 20260317 的股票数据
20260319 21:28:17- INFO- 已获取 20260318 的股票数据
20260319 21:28:17- INFO- 已获取 20260319 的股票数据
20260319 21:28:20- INFO- 已获取 20260319 的复权因子数据
20260319 21:28:21- INFO- 所有交易日复权因子数据获取完成，共合并5491条记录
20260319 21:28:21- INFO- 已获取 20260319 的每日基础指标数据
20260319 21:28:22- INFO- 所有交易日每日基础指标数据获取完成，共合并5479条记录
20260319 21:28:23- INFO- 将5196只股票分成52多线程批处理
20260319 21:28:24- INFO- SHSE.600735 无分钟数据，跳过
20260319 21:28:28- INFO- SZSE.300391 无分钟数据，跳过
20260319 21:28:29- INFO- SZSE.300385 无分钟数据，跳过
20260319 21:28:30- INFO- SZSE.300344 无分钟数据，跳过
20260319 21:28:36- INFO- SZSE.002569 无分钟数据，跳过
20260319 21:28:38- INFO- SZSE.002231 无分钟数据，跳过
20260319 21:28:41- INFO- SZSE.000711 无分钟数据，跳过
20260319 21:30:13- INFO- SHSE.688693 无分钟数据，跳过
20260319 21:30:13- INFO- SHSE.688175 无分钟数据，跳过
20260319 21:30:13- INFO- SHSE.603056 无分钟数据，跳过
20260319 21:30:18- INFO- SHSE.600988 无分钟数据，跳过
20260319 21:39:58- INFO- SHSE.688813 无分钟数据，跳过
20260319 21:39:58- INFO- SHSE.688781 无分钟数据，跳过
20260319 21:39:58- INFO- SZSE.301683 无分钟数据，跳过
20260319 21:39:58- INFO- SZSE.301682 无分钟数据，跳过
20260319 21:39:58- INFO- SZSE.001257 无分钟数据，跳过
20260319 21:39:58- INFO- 所有批次处理完成，共合并93233条记录
20260320 08:55:09- INFO- 已获取 20260304 的股票数据
20260320 08:55:09- INFO- 已获取 20260310 的股票数据
20260320 08:55:09- INFO- 已获取 20260306 的股票数据
20260320 08:55:09- INFO- 已获取 20260305 的股票数据
20260320 08:55:09- INFO- 已获取 20260309 的股票数据
20260320 08:55:12- INFO- 已获取 20260311 的股票数据
20260320 08:55:12- INFO- 已获取 20260313 的股票数据
20260320 08:55:12- INFO- 已获取 20260312 的股票数据
20260320 08:55:13- INFO- 已获取 20260317 的股票数据
20260320 08:55:13- INFO- 已获取 20260316 的股票数据
20260320 08:55:15- INFO- 20260320 无备份日线数据，跳过
20260320 08:55:15- ERROR- 操作失败 (尝试 1/3): 20260320 无备份日线数据
20260320 08:55:15- INFO- 将在 1 秒后重试...
20260320 08:55:15- INFO- 已获取 20260318 的股票数据
20260320 08:55:15- INFO- 已获取 20260319 的股票数据
20260320 08:55:16- INFO- 20260320 无备份日线数据，跳过
20260320 08:55:16- ERROR- 操作失败 (尝试 2/3): 20260320 无备份日线数据
20260320 08:55:16- INFO- 将在 1 秒后重试...
20260320 08:55:17- INFO- 20260320 无备份日线数据，跳过
20260320 08:55:17- ERROR- 操作失败 (尝试 3/3): 20260320 无备份日线数据
20260320 08:55:17- ERROR- 达到最大重试次数 3，操作最终失败
20260320 08:55:17- INFO- 获取 20260320 数据时出错: local variable 'e' referenced before assignment
20260320 08:55:18- INFO- 20260320 无复权因子数据，跳过
20260320 08:55:18- ERROR- 操作失败 (尝试 1/3): 20260320 无复权因子数据
20260320 08:55:18- INFO- 将在 1 秒后重试...
20260320 08:55:19- INFO- 20260320 无复权因子数据，跳过
20260320 08:55:19- ERROR- 操作失败 (尝试 2/3): 20260320 无复权因子数据
20260320 08:55:19- INFO- 将在 1 秒后重试...
20260320 08:55:20- INFO- 20260320 无复权因子数据，跳过
20260320 08:55:20- ERROR- 操作失败 (尝试 3/3): 20260320 无复权因子数据
20260320 08:55:20- ERROR- 达到最大重试次数 3，操作最终失败
20260320 08:55:20- INFO- 获取 20260320 复权因子数据时出错: local variable 'e' referenced before assignment
20260320 08:55:20- INFO- 所有交易日均未返回有效复权因子数据
20260320 08:55:20- INFO- 20260320 无每日基础指标数据，跳过
20260320 08:55:20- ERROR- 操作失败 (尝试 1/3): 20260320 无每日基础指标数据
20260320 08:55:20- INFO- 将在 1 秒后重试...
20260320 08:55:21- INFO- 20260320 无每日基础指标数据，跳过
20260320 08:55:21- ERROR- 操作失败 (尝试 2/3): 20260320 无每日基础指标数据
20260320 08:55:21- INFO- 将在 1 秒后重试...
20260320 08:55:22- INFO- 20260320 无每日基础指标数据，跳过
20260320 08:55:22- ERROR- 操作失败 (尝试 3/3): 20260320 无每日基础指标数据
20260320 08:55:22- ERROR- 达到最大重试次数 3，操作最终失败
20260320 08:55:22- INFO- 获取 20260320 每日基础指标数据时出错: local variable 'e' referenced before assignment
20260320 08:55:22- INFO- 所有交易日均未返回有效每日基础指标数据
20260320 19:03:18- INFO- 已获取 20260306 的股票数据
20260320 19:03:18- ERROR- 操作失败 (尝试 1/3): 响应失败了。[通常是因为官方波动，建议您稍晚再试。]
20260320 19:03:18- INFO- 将在 1 秒后重试...
20260320 19:03:18- ERROR- 操作失败 (尝试 1/3): 响应失败了。[通常是因为官方波动，建议您稍晚再试。]
20260320 19:03:18- INFO- 将在 1 秒后重试...
20260320 19:03:18- ERROR- 操作失败 (尝试 1/3): 响应失败了。[通常是因为官方波动，建议您稍晚再试。]
20260320 19:03:18- INFO- 将在 1 秒后重试...
20260320 19:03:18- ERROR- 操作失败 (尝试 1/3): 响应失败了。[通常是因为官方波动，建议您稍晚再试。]
20260320 19:03:18- INFO- 将在 1 秒后重试...
20260320 19:03:23- INFO- 已获取 20260305 的股票数据
20260320 19:03:25- ERROR- 操作失败 (尝试 2/3): 响应失败了。[通常是因为官方波动，建议您稍晚再试。]
20260320 19:03:25- ERROR- 操作失败 (尝试 2/3): 响应失败了。[通常是因为官方波动，建议您稍晚再试。]
20260320 19:03:25- ERROR- 操作失败 (尝试 2/3): 响应失败了。[通常是因为官方波动，建议您稍晚再试。]
20260320 19:03:25- INFO- 将在 1 秒后重试...
20260320 19:03:25- INFO- 将在 1 秒后重试...
20260320 19:03:25- INFO- 将在 1 秒后重试...
20260320 19:03:26- INFO- 已获取 20260311 的股票数据
20260320 19:03:31- ERROR- 操作失败 (尝试 3/3): 响应失败了。[通常是因为官方波动，建议您稍晚再试。]
20260320 19:03:31- ERROR- 操作失败 (尝试 3/3): 响应失败了。[通常是因为官方波动，建议您稍晚再试。]
20260320 19:03:31- ERROR- 达到最大重试次数 3，操作最终失败
20260320 19:03:31- ERROR- 达到最大重试次数 3，操作最终失败
20260320 19:03:31- INFO- 获取 20260304 数据时出错: local variable 'e' referenced before assignment
20260320 19:03:31- INFO- 获取 20260310 数据时出错: local variable 'e' referenced before assignment
20260320 19:03:32- ERROR- 操作失败 (尝试 3/3): 响应失败了。[通常是因为官方波动，建议您稍晚再试。]
20260320 19:03:32- ERROR- 达到最大重试次数 3，操作最终失败
20260320 19:03:32- INFO- 获取 20260309 数据时出错: local variable 'e' referenced before assignment
20260320 19:03:33- ERROR- 操作失败 (尝试 1/3): 响应失败了。[通常是因为官方波动，建议您稍晚再试。]
20260320 19:03:33- INFO- 将在 1 秒后重试...
20260320 19:03:35- INFO- 已获取 20260312 的股票数据
20260320 19:03:37- ERROR- 操作失败 (尝试 1/3): 响应失败了。[通常是因为官方波动，建议您稍晚再试。]
20260320 19:03:37- INFO- 将在 1 秒后重试...
20260320 19:03:37- ERROR- 操作失败 (尝试 1/3): 响应失败了。[通常是因为官方波动，建议您稍晚再试。]
20260320 19:03:37- INFO- 将在 1 秒后重试...
20260320 19:03:37- ERROR- 操作失败 (尝试 1/3): 响应失败了。[通常是因为官方波动，建议您稍晚再试。]
20260320 19:03:37- INFO- 将在 1 秒后重试...
20260320 19:03:39- ERROR- 操作失败 (尝试 2/3): 响应失败了。[通常是因为官方波动，建议您稍晚再试。]
20260320 19:03:39- INFO- 将在 1 秒后重试...
20260320 19:03:42- ERROR- 操作失败 (尝试 1/3): 响应失败了。[通常是因为官方波动，建议您稍晚再试。]
20260320 19:03:42- INFO- 将在 1 秒后重试...
20260320 19:03:43- ERROR- 操作失败 (尝试 2/3): 响应失败了。[通常是因为官方波动，建议您稍晚再试。]
20260320 19:03:43- INFO- 将在 1 秒后重试...
20260320 19:03:43- ERROR- 操作失败 (尝试 2/3): 响应失败了。[通常是因为官方波动，建议您稍晚再试。]
20260320 19:03:43- INFO- 将在 1 秒后重试...
20260320 19:03:47- INFO- 已获取 20260313 的股票数据
20260320 19:03:47- INFO- 已获取 20260317 的股票数据
20260320 19:03:48- ERROR- 操作失败 (尝试 2/3): 响应失败了。[通常是因为官方波动，建议您稍晚再试。]
20260320 19:03:48- INFO- 将在 1 秒后重试...
20260320 19:03:49- ERROR- 操作失败 (尝试 3/3): 响应失败了。[通常是因为官方波动，建议您稍晚再试。]
20260320 19:03:49- ERROR- 达到最大重试次数 3，操作最终失败
20260320 19:03:49- INFO- 获取 20260318 数据时出错: local variable 'e' referenced before assignment
20260320 19:03:50- INFO- 已获取 20260316 的股票数据
20260320 19:03:55- INFO- 已获取 20260319 的股票数据
20260320 19:03:57- INFO- 已获取 20260320 的股票数据
20260320 19:03:59- INFO- 已获取 20260320 的复权因子数据
20260320 19:04:00- INFO- 所有交易日复权因子数据获取完成，共合并5492条记录
20260320 19:04:02- INFO- 已获取 20260320 的每日基础指标数据
20260320 19:04:03- INFO- 所有交易日每日基础指标数据获取完成，共合并5481条记录
20260320 19:04:03- INFO- 将5197只股票分成52多线程批处理
20260320 19:04:46- INFO- SZSE.001257 无分钟数据，跳过
20260320 19:04:57- INFO- SZSE.002231 无分钟数据，跳过
20260320 19:05:03- INFO- SZSE.002569 无分钟数据，跳过
20260320 19:05:48- INFO- SZSE.300344 无分钟数据，跳过
20260320 19:09:10- INFO- SZSE.300385 无分钟数据，跳过
20260320 19:10:04- INFO- SZSE.301683 无分钟数据，跳过
20260320 19:10:07- INFO- SZSE.301682 无分钟数据，跳过
20260320 19:10:07- INFO- SZSE.301696 无分钟数据，跳过
20260320 19:10:42- INFO- SHSE.600599 无分钟数据，跳过
20260320 19:10:42- INFO- SHSE.603056 无分钟数据，跳过
20260320 19:11:01- INFO- SHSE.600735 无分钟数据，跳过
20260320 19:11:02- INFO- SHSE.600988 无分钟数据，跳过
20260320 19:14:06- INFO- SHSE.688175 无分钟数据，跳过
20260320 19:15:05- INFO- SHSE.688693 无分钟数据，跳过
20260320 19:15:23- INFO- SHSE.603459 无分钟数据，跳过
20260320 19:15:23- INFO- SHSE.688781 无分钟数据，跳过
20260320 19:15:23- INFO- SHSE.688813 无分钟数据，跳过
20260320 19:15:23- INFO- 所有批次处理完成，共合并93238条记录
20260323 08:55:15- INFO- 已获取 20260306 的股票数据
20260323 08:55:15- INFO- 已获取 20260305 的股票数据
20260323 08:55:15- INFO- 已获取 20260310 的股票数据
20260323 08:55:15- INFO- 已获取 20260309 的股票数据
20260323 08:55:15- INFO- 已获取 20260311 的股票数据
20260323 08:55:18- INFO- 已获取 20260318 的股票数据
20260323 08:55:18- INFO- 已获取 20260312 的股票数据
20260323 08:55:18- INFO- 已获取 20260316 的股票数据
20260323 08:55:18- INFO- 已获取 20260313 的股票数据
20260323 08:55:18- INFO- 已获取 20260317 的股票数据
20260323 08:55:20- INFO- 20260323 无备份日线数据，跳过
20260323 08:55:20- ERROR- 操作失败 (尝试 1/3): 20260323 无备份日线数据
20260323 08:55:20- INFO- 将在 1 秒后重试...
20260323 08:55:21- INFO- 已获取 20260319 的股票数据
20260323 08:55:21- INFO- 已获取 20260320 的股票数据
20260323 08:55:22- INFO- 20260323 无备份日线数据，跳过
20260323 08:55:22- ERROR- 操作失败 (尝试 2/3): 20260323 无备份日线数据
20260323 08:55:22- INFO- 将在 1 秒后重试...
20260323 08:55:23- INFO- 20260323 无备份日线数据，跳过
20260323 08:55:23- ERROR- 操作失败 (尝试 3/3): 20260323 无备份日线数据
20260323 08:55:23- ERROR- 达到最大重试次数 3，操作最终失败
20260323 08:55:23- INFO- 获取 20260323 数据时出错: local variable 'e' referenced before assignment
20260323 08:55:24- INFO- 20260323 无复权因子数据，跳过
20260323 08:55:24- ERROR- 操作失败 (尝试 1/3): 20260323 无复权因子数据
20260323 08:55:24- INFO- 将在 1 秒后重试...
20260323 08:55:25- INFO- 20260323 无复权因子数据，跳过
20260323 08:55:25- ERROR- 操作失败 (尝试 2/3): 20260323 无复权因子数据
20260323 08:55:25- INFO- 将在 1 秒后重试...
20260323 08:55:26- INFO- 20260323 无复权因子数据，跳过
20260323 08:55:26- ERROR- 操作失败 (尝试 3/3): 20260323 无复权因子数据
20260323 08:55:26- ERROR- 达到最大重试次数 3，操作最终失败
20260323 08:55:26- INFO- 获取 20260323 复权因子数据时出错: local variable 'e' referenced before assignment
20260323 08:55:26- INFO- 所有交易日均未返回有效复权因子数据
20260323 08:55:26- INFO- 20260323 无每日基础指标数据，跳过
20260323 08:55:26- ERROR- 操作失败 (尝试 1/3): 20260323 无每日基础指标数据
20260323 08:55:26- INFO- 将在 1 秒后重试...
20260323 08:55:27- INFO- 20260323 无每日基础指标数据，跳过
20260323 08:55:27- ERROR- 操作失败 (尝试 2/3): 20260323 无每日基础指标数据
20260323 08:55:27- INFO- 将在 1 秒后重试...
20260323 08:55:28- INFO- 20260323 无每日基础指标数据，跳过
20260323 08:55:28- ERROR- 操作失败 (尝试 3/3): 20260323 无每日基础指标数据
20260323 08:55:28- ERROR- 达到最大重试次数 3，操作最终失败
20260323 08:55:28- INFO- 获取 20260323 每日基础指标数据时出错: local variable 'e' referenced before assignment
20260323 08:55:28- INFO- 所有交易日均未返回有效每日基础指标数据
20260323 19:03:14- INFO- 已获取 20260309 的股票数据
20260323 19:03:14- INFO- 已获取 20260311 的股票数据
20260323 19:03:15- INFO- 已获取 20260306 的股票数据
20260323 19:03:15- INFO- 已获取 20260310 的股票数据
20260323 19:03:15- INFO- 已获取 20260305 的股票数据
20260323 19:03:17- INFO- 已获取 20260312 的股票数据
20260323 19:03:17- INFO- 已获取 20260313 的股票数据
20260323 19:03:17- INFO- 已获取 20260316 的股票数据
20260323 19:03:18- INFO- 已获取 20260317 的股票数据
20260323 19:03:18- INFO- 已获取 20260318 的股票数据
20260323 19:03:20- INFO- 20260323 无备份日线数据，跳过
20260323 19:03:20- ERROR- 操作失败 (尝试 1/3): 20260323 无备份日线数据
20260323 19:03:20- INFO- 将在 1 秒后重试...
20260323 19:03:20- INFO- 已获取 20260319 的股票数据
20260323 19:03:20- INFO- 已获取 20260320 的股票数据
20260323 19:03:21- INFO- 20260323 无备份日线数据，跳过
20260323 19:03:21- ERROR- 操作失败 (尝试 2/3): 20260323 无备份日线数据
20260323 19:03:21- INFO- 将在 1 秒后重试...
20260323 19:03:22- INFO- 20260323 无备份日线数据，跳过
20260323 19:03:22- ERROR- 操作失败 (尝试 3/3): 20260323 无备份日线数据
20260323 19:03:22- ERROR- 达到最大重试次数 3，操作最终失败
20260323 19:03:22- INFO- 获取 20260323 数据时出错: local variable 'e' referenced before assignment
20260323 19:03:23- INFO- 已获取 20260323 的复权因子数据
20260323 19:03:24- INFO- 所有交易日复权因子数据获取完成，共合并5492条记录
20260323 19:03:24- INFO- 已获取 20260323 的每日基础指标数据
20260323 19:03:25- INFO- 所有交易日每日基础指标数据获取完成，共合并5483条记录
20260323 21:06:47- INFO- 已获取 20260306 的股票数据
20260323 21:06:47- INFO- 已获取 20260309 的股票数据
20260323 21:06:47- INFO- 已获取 20260311 的股票数据
20260323 21:06:47- INFO- 已获取 20260305 的股票数据
20260323 21:06:47- INFO- 已获取 20260310 的股票数据
20260323 21:06:50- INFO- 已获取 20260312 的股票数据
20260323 21:06:50- INFO- 已获取 20260313 的股票数据
20260323 21:06:50- INFO- 已获取 20260317 的股票数据
20260323 21:06:50- INFO- 已获取 20260318 的股票数据
20260323 21:06:50- INFO- 已获取 20260316 的股票数据
20260323 21:06:53- INFO- 已获取 20260319 的股票数据
20260323 21:06:53- INFO- 已获取 20260323 的股票数据
20260323 21:06:53- INFO- 已获取 20260320 的股票数据
20260323 21:06:55- INFO- 未能获取交易日历数据
20260323 21:06:56- INFO- 未能获取交易日历数据
20260323 21:06:56- INFO- 将5198只股票分成52多线程批处理
20260323 21:07:26- INFO- SZSE.002231 无分钟数据，跳过
20260323 21:08:20- INFO- SZSE.300344 无分钟数据，跳过
20260323 21:12:55- INFO- SHSE.600599 无分钟数据，跳过
20260323 21:13:02- INFO- SZSE.001257 无分钟数据，跳过
20260323 21:13:02- INFO- SZSE.301682 无分钟数据，跳过
20260323 21:13:03- INFO- SZSE.301683 无分钟数据，跳过
20260323 21:13:03- INFO- SZSE.301696 无分钟数据，跳过
20260323 21:13:20- INFO- SHSE.603056 无分钟数据，跳过
20260323 21:13:29- INFO- SHSE.600735 无分钟数据，跳过
20260323 21:17:05- INFO- SHSE.688175 无分钟数据，跳过
20260323 21:17:43- INFO- SHSE.603429 无分钟数据，跳过
20260323 21:17:51- INFO- SHSE.688693 无分钟数据，跳过
20260323 21:18:03- INFO- SHSE.603459 无分钟数据，跳过
20260323 21:18:03- INFO- SHSE.688781 无分钟数据，跳过
20260323 21:18:03- INFO- SHSE.688811 无分钟数据，跳过
20260323 21:18:03- INFO- SHSE.688813 无分钟数据，跳过
20260323 21:18:03- INFO- 所有批次处理完成，共合并93274条记录
20260324 08:55:14- INFO- 已获取 20260311 的股票数据
20260324 08:55:14- INFO- 已获取 20260312 的股票数据
20260324 08:55:14- INFO- 已获取 20260313 的股票数据
20260324 08:55:14- INFO- 已获取 20260310 的股票数据
20260324 08:55:14- INFO- 已获取 20260309 的股票数据
20260324 08:55:17- INFO- 已获取 20260316 的股票数据
20260324 08:55:17- INFO- 已获取 20260317 的股票数据
20260324 08:55:17- INFO- 已获取 20260318 的股票数据
20260324 08:55:17- INFO- 已获取 20260319 的股票数据
20260324 08:55:17- INFO- 已获取 20260320 的股票数据
20260324 08:55:19- INFO- 20260324 无备份日线数据，跳过
20260324 08:55:19- ERROR- 操作失败 (尝试 1/3): 20260324 无备份日线数据
20260324 08:55:19- INFO- 将在 1 秒后重试...
20260324 08:55:20- INFO- 已获取 20260323 的股票数据
20260324 08:55:20- INFO- 20260324 无备份日线数据，跳过
20260324 08:55:20- ERROR- 操作失败 (尝试 2/3): 20260324 无备份日线数据
20260324 08:55:20- INFO- 将在 1 秒后重试...
20260324 08:55:22- INFO- 20260324 无备份日线数据，跳过
20260324 08:55:22- ERROR- 操作失败 (尝试 3/3): 20260324 无备份日线数据
20260324 08:55:22- ERROR- 达到最大重试次数 3，操作最终失败
20260324 08:55:22- INFO- 获取 20260324 数据时出错: local variable 'e' referenced before assignment
20260324 08:55:22- INFO- 20260324 无复权因子数据，跳过
20260324 08:55:22- ERROR- 操作失败 (尝试 1/3): 20260324 无复权因子数据
20260324 08:55:22- INFO- 将在 1 秒后重试...
20260324 08:55:23- INFO- 20260324 无复权因子数据，跳过
20260324 08:55:23- ERROR- 操作失败 (尝试 2/3): 20260324 无复权因子数据
20260324 08:55:23- INFO- 将在 1 秒后重试...
20260324 08:55:25- INFO- 20260324 无复权因子数据，跳过
20260324 08:55:25- ERROR- 操作失败 (尝试 3/3): 20260324 无复权因子数据
20260324 08:55:25- ERROR- 达到最大重试次数 3，操作最终失败
20260324 08:55:25- INFO- 获取 20260324 复权因子数据时出错: local variable 'e' referenced before assignment
20260324 08:55:25- INFO- 所有交易日均未返回有效复权因子数据
20260324 08:55:25- INFO- 20260324 无每日基础指标数据，跳过
20260324 08:55:25- ERROR- 操作失败 (尝试 1/3): 20260324 无每日基础指标数据
20260324 08:55:25- INFO- 将在 1 秒后重试...
20260324 08:55:26- INFO- 20260324 无每日基础指标数据，跳过
20260324 08:55:26- ERROR- 操作失败 (尝试 2/3): 20260324 无每日基础指标数据
20260324 08:55:26- INFO- 将在 1 秒后重试...
20260324 08:55:27- INFO- 20260324 无每日基础指标数据，跳过
20260324 08:55:27- ERROR- 操作失败 (尝试 3/3): 20260324 无每日基础指标数据
20260324 08:55:27- ERROR- 达到最大重试次数 3，操作最终失败
20260324 08:55:27- INFO- 获取 20260324 每日基础指标数据时出错: local variable 'e' referenced before assignment
20260324 08:55:27- INFO- 所有交易日均未返回有效每日基础指标数据
20260324 19:03:20- INFO- 已获取 20260309 的股票数据
20260324 19:03:20- INFO- 已获取 20260311 的股票数据
20260324 19:03:20- INFO- 已获取 20260310 的股票数据
20260324 19:03:20- INFO- 已获取 20260312 的股票数据
20260324 19:03:20- INFO- 已获取 20260313 的股票数据
20260324 19:03:23- INFO- 已获取 20260317 的股票数据
20260324 19:03:23- INFO- 已获取 20260318 的股票数据
20260324 19:03:23- INFO- 已获取 20260316 的股票数据
20260324 19:03:23- INFO- 已获取 20260319 的股票数据
20260324 19:03:23- INFO- 已获取 20260320 的股票数据
20260324 19:03:26- INFO- 已获取 20260324 的股票数据
20260324 19:03:26- INFO- 已获取 20260323 的股票数据
20260324 19:03:29- INFO- 已获取 20260324 的复权因子数据
20260324 19:03:30- INFO- 所有交易日复权因子数据获取完成，共合并5492条记录
20260324 19:03:30- INFO- 已获取 20260324 的每日基础指标数据
20260324 19:03:31- INFO- 所有交易日每日基础指标数据获取完成，共合并5481条记录
20260324 19:03:31- INFO- 将5198只股票分成52多线程批处理
20260324 19:04:14- INFO- SZSE.002231 无分钟数据，跳过
20260324 19:05:05- INFO- SZSE.300344 无分钟数据，跳过
20260324 19:08:35- INFO- SZSE.300992 无分钟数据，跳过
20260324 19:09:33- INFO- SZSE.001257 无分钟数据，跳过
20260324 19:09:34- INFO- SZSE.301682 无分钟数据，跳过
20260324 19:09:35- INFO- SZSE.301683 无分钟数据，跳过
20260324 19:09:36- INFO- SZSE.301696 无分钟数据，跳过
20260324 19:09:45- INFO- SZSE.301309 无分钟数据，跳过
20260324 19:09:54- INFO- SHSE.600599 无分钟数据，跳过
20260324 19:09:58- INFO- SHSE.603056 无分钟数据，跳过
20260324 19:10:16- INFO- SHSE.600735 无分钟数据，跳过
20260324 19:13:42- INFO- SHSE.603950 无分钟数据，跳过
20260324 19:13:56- INFO- SHSE.688175 无分钟数据，跳过
20260324 19:14:30- INFO- SHSE.688693 无分钟数据，跳过
20260324 19:14:47- INFO- SHSE.603459 无分钟数据，跳过
20260324 19:14:47- INFO- SHSE.688781 无分钟数据，跳过
20260324 19:14:47- INFO- SHSE.688811 无分钟数据，跳过
20260324 19:14:47- INFO- SHSE.688813 无分钟数据，跳过
20260324 19:14:47- INFO- 所有批次处理完成，共合并93236条记录
20260325 08:55:17- INFO- 已获取 20260312 的股票数据
20260325 08:55:17- INFO- 已获取 20260310 的股票数据
20260325 08:55:17- INFO- 已获取 20260311 的股票数据
20260325 08:55:17- INFO- 已获取 20260313 的股票数据
20260325 08:55:17- INFO- 已获取 20260309 的股票数据
20260325 08:55:20- INFO- 已获取 20260317 的股票数据
20260325 08:55:20- INFO- 已获取 20260316 的股票数据
20260325 08:55:20- INFO- 已获取 20260318 的股票数据
20260325 08:55:20- INFO- 已获取 20260320 的股票数据
20260325 08:55:20- INFO- 已获取 20260319 的股票数据
20260325 08:55:22- INFO- 20260325 无备份日线数据，跳过
20260325 08:55:22- ERROR- 操作失败 (尝试 1/3): 20260325 无备份日线数据
20260325 08:55:22- INFO- 将在 1 秒后重试...
20260325 08:55:23- INFO- 已获取 20260323 的股票数据
20260325 08:55:23- INFO- 已获取 20260324 的股票数据
20260325 08:55:23- INFO- 20260325 无备份日线数据，跳过
20260325 08:55:23- ERROR- 操作失败 (尝试 2/3): 20260325 无备份日线数据
20260325 08:55:23- INFO- 将在 1 秒后重试...
20260325 08:55:24- INFO- 20260325 无备份日线数据，跳过
20260325 08:55:24- ERROR- 操作失败 (尝试 3/3): 20260325 无备份日线数据
20260325 08:55:24- ERROR- 达到最大重试次数 3，操作最终失败
20260325 08:55:24- INFO- 获取 20260325 数据时出错: local variable 'e' referenced before assignment
20260325 08:55:25- INFO- 20260325 无复权因子数据，跳过
20260325 08:55:25- ERROR- 操作失败 (尝试 1/3): 20260325 无复权因子数据
20260325 08:55:25- INFO- 将在 1 秒后重试...
20260325 08:55:26- INFO- 20260325 无复权因子数据，跳过
20260325 08:55:26- ERROR- 操作失败 (尝试 2/3): 20260325 无复权因子数据
20260325 08:55:26- INFO- 将在 1 秒后重试...
20260325 08:55:28- INFO- 20260325 无复权因子数据，跳过
20260325 08:55:28- ERROR- 操作失败 (尝试 3/3): 20260325 无复权因子数据
20260325 08:55:28- ERROR- 达到最大重试次数 3，操作最终失败
20260325 08:55:28- INFO- 获取 20260325 复权因子数据时出错: local variable 'e' referenced before assignment
20260325 08:55:28- INFO- 所有交易日均未返回有效复权因子数据
20260325 08:55:28- INFO- 20260325 无每日基础指标数据，跳过
20260325 08:55:28- ERROR- 操作失败 (尝试 1/3): 20260325 无每日基础指标数据
20260325 08:55:28- INFO- 将在 1 秒后重试...
20260325 08:55:29- INFO- 20260325 无每日基础指标数据，跳过
20260325 08:55:29- ERROR- 操作失败 (尝试 2/3): 20260325 无每日基础指标数据
20260325 08:55:29- INFO- 将在 1 秒后重试...
20260325 08:55:30- INFO- 20260325 无每日基础指标数据，跳过
20260325 08:55:30- ERROR- 操作失败 (尝试 3/3): 20260325 无每日基础指标数据
20260325 08:55:30- ERROR- 达到最大重试次数 3，操作最终失败
20260325 08:55:30- INFO- 获取 20260325 每日基础指标数据时出错: local variable 'e' referenced before assignment
20260325 08:55:30- INFO- 所有交易日均未返回有效每日基础指标数据
20260325 19:03:20- INFO- 已获取 20260310 的股票数据
20260325 19:03:20- INFO- 已获取 20260312 的股票数据
20260325 19:03:20- INFO- 已获取 20260313 的股票数据
20260325 19:03:20- INFO- 已获取 20260309 的股票数据
20260325 19:03:20- INFO- 已获取 20260311 的股票数据
20260325 19:03:23- INFO- 已获取 20260317 的股票数据
20260325 19:03:23- INFO- 已获取 20260318 的股票数据
20260325 19:03:24- INFO- 已获取 20260320 的股票数据
20260325 19:03:24- INFO- 已获取 20260316 的股票数据
20260325 19:03:24- INFO- 已获取 20260319 的股票数据
20260325 19:03:26- INFO- 20260325 无备份日线数据，跳过
20260325 19:03:26- ERROR- 操作失败 (尝试 1/3): 20260325 无备份日线数据
20260325 19:03:26- INFO- 将在 1 秒后重试...
20260325 19:03:26- INFO- 已获取 20260323 的股票数据
20260325 19:03:26- INFO- 已获取 20260324 的股票数据
20260325 19:03:27- INFO- 20260325 无备份日线数据，跳过
20260325 19:03:27- ERROR- 操作失败 (尝试 2/3): 20260325 无备份日线数据
20260325 19:03:27- INFO- 将在 1 秒后重试...
20260325 19:03:28- INFO- 20260325 无备份日线数据，跳过
20260325 19:03:28- ERROR- 操作失败 (尝试 3/3): 20260325 无备份日线数据
20260325 19:03:28- ERROR- 达到最大重试次数 3，操作最终失败
20260325 19:03:28- INFO- 获取 20260325 数据时出错: local variable 'e' referenced before assignment
20260325 19:03:29- INFO- 已获取 20260325 的复权因子数据
20260325 19:03:30- INFO- 所有交易日复权因子数据获取完成，共合并5494条记录
20260325 19:03:30- INFO- 已获取 20260325 的每日基础指标数据
20260325 19:03:31- INFO- 所有交易日每日基础指标数据获取完成，共合并5482条记录
20260325 22:17:11- INFO- 已获取 20260313 的股票数据
20260325 22:17:11- INFO- 已获取 20260311 的股票数据
20260325 22:17:11- INFO- 已获取 20260312 的股票数据
20260325 22:17:11- INFO- 已获取 20260309 的股票数据
20260325 22:17:11- INFO- 已获取 20260310 的股票数据
20260325 22:17:14- INFO- 已获取 20260317 的股票数据
20260325 22:17:14- INFO- 已获取 20260316 的股票数据
20260325 22:17:14- INFO- 已获取 20260318 的股票数据
20260325 22:17:14- INFO- 已获取 20260319 的股票数据
20260325 22:17:15- INFO- 已获取 20260320 的股票数据
20260325 22:17:17- INFO- 已获取 20260324 的股票数据
20260325 22:17:17- INFO- 已获取 20260323 的股票数据
20260325 22:17:17- INFO- 已获取 20260325 的股票数据
20260325 22:17:19- INFO- 未能获取交易日历数据
20260325 22:17:20- INFO- 未能获取交易日历数据
20260325 22:17:20- INFO- 将5198只股票分成52多线程批处理
20260325 22:17:55- INFO- SZSE.000908 无分钟数据，跳过
20260325 22:18:01- INFO- SZSE.002231 无分钟数据，跳过
20260325 22:18:46- INFO- SZSE.300344 无分钟数据，跳过
20260325 22:19:06- INFO- SZSE.300992 无分钟数据，跳过
20260325 22:23:15- INFO- SZSE.001257 无分钟数据，跳过
20260325 22:23:16- INFO- SZSE.301683 无分钟数据，跳过
20260325 22:23:16- INFO- SZSE.301696 无分钟数据，跳过
20260325 22:23:28- INFO- SZSE.301309 无分钟数据，跳过
20260325 22:23:33- INFO- SHSE.600599 无分钟数据，跳过
20260325 22:23:37- INFO- SHSE.603056 无分钟数据，跳过
20260325 22:23:54- INFO- SHSE.600735 无分钟数据，跳过
20260325 22:27:25- INFO- SHSE.603950 无分钟数据，跳过
20260325 22:27:33- INFO- SHSE.688175 无分钟数据，跳过
20260325 22:28:14- INFO- SHSE.688693 无分钟数据，跳过
20260325 22:28:27- INFO- SHSE.603459 无分钟数据，跳过
20260325 22:28:27- INFO- SHSE.688811 无分钟数据，跳过
20260325 22:28:27- INFO- SHSE.688813 无分钟数据，跳过
20260325 22:28:27- INFO- 所有批次处理完成，共合并93255条记录
20260326 19:03:20- INFO- 已获取 20260313 的股票数据
20260326 19:03:20- INFO- 已获取 20260311 的股票数据
20260326 19:03:20- INFO- 已获取 20260310 的股票数据
20260326 19:03:20- INFO- 已获取 20260312 的股票数据
20260326 19:03:20- INFO- 已获取 20260316 的股票数据
20260326 19:03:23- INFO- 已获取 20260318 的股票数据
20260326 19:03:23- INFO- 已获取 20260317 的股票数据
20260326 19:03:23- INFO- 已获取 20260320 的股票数据
20260326 19:03:23- INFO- 已获取 20260319 的股票数据
20260326 19:03:23- INFO- 已获取 20260323 的股票数据
20260326 19:03:26- INFO- 已获取 20260324 的股票数据
20260326 19:03:26- INFO- 已获取 20260325 的股票数据
20260326 19:03:26- INFO- 已获取 20260326 的股票数据
20260326 19:03:28- INFO- 已获取 20260326 的复权因子数据
20260326 19:03:29- INFO- 所有交易日复权因子数据获取完成，共合并5494条记录
20260326 19:03:30- INFO- 已获取 20260326 的每日基础指标数据
20260326 19:03:31- INFO- 所有交易日每日基础指标数据获取完成，共合并5481条记录
20260326 19:03:31- INFO- 将5198只股票分成52多线程批处理
20260326 19:04:08- INFO- SZSE.002231 无分钟数据，跳过
20260326 19:04:26- INFO- SZSE.002357 无分钟数据，跳过
20260326 19:05:05- INFO- SZSE.300344 无分钟数据，跳过
20260326 19:05:27- INFO- SZSE.300992 无分钟数据，跳过
20260326 19:09:35- INFO- SZSE.301309 无分钟数据，跳过
20260326 19:09:42- INFO- SZSE.001257 无分钟数据，跳过
20260326 19:09:42- INFO- SZSE.301683 无分钟数据，跳过
20260326 19:09:43- INFO- SZSE.301696 无分钟数据，跳过
20260326 19:09:52- INFO- SHSE.603056 无分钟数据，跳过
20260326 19:09:58- INFO- SHSE.600599 无分钟数据，跳过
20260326 19:10:21- INFO- SHSE.600735 无分钟数据，跳过
20260326 19:10:28- INFO- SHSE.603933 无分钟数据，跳过
20260326 19:13:36- INFO- SHSE.603950 无分钟数据，跳过
20260326 19:13:38- INFO- SHSE.688175 无分钟数据，跳过
20260326 19:14:28- INFO- SHSE.688693 无分钟数据，跳过
20260326 19:14:42- INFO- SHSE.603459 无分钟数据，跳过
20260326 19:14:42- INFO- SHSE.688811 无分钟数据，跳过
20260326 19:14:42- INFO- SHSE.688813 无分钟数据，跳过
20260326 19:14:42- INFO- 所有批次处理完成，共合并93240条记录
