20260424 08:09:09- INFO- 读取数据: 2024-01-01 至 2026-04-20
20260424 08:09:10- INFO- 数据行数: 2883743
20260424 08:09:10- INFO- 生成交易信号...
20260424 08:09:10- INFO- 交易日数量: 545
20260424 08:09:30- INFO- 2024-11-01 调仓，现金: 92057.27
20260424 08:10:05- INFO- 信号生成完成: 买入327笔, 卖出325笔
20260424 08:10:05- INFO- 开始回测...
20260424 08:10:52- INFO- 回测完成！
20260424 08:10:56- INFO- 
    指标名称                 指标值
  回测开始日期 2024-01-02 00:00:00
  回测结束日期 2026-04-07 00:00:00
    策略胜率              60.31%
   策略盈亏比                1.44
  策略总收益率              36.78%
 策略年化收益率              14.84%
    最大回撤              -4.27%
最大回撤开始日期 2024-12-12 00:00:00
最大回撤结束日期 2024-12-31 00:00:00
    夏普比率                1.81
    最终净值              1.3678
20260424 08:58:37- INFO- 读取数据: 2024-01-01 至 2026-04-20
20260424 08:58:38- INFO- 数据行数: 2883743
20260424 08:58:38- INFO- 生成交易信号...
20260424 08:58:38- INFO- 交易日数量: 545
20260424 08:58:58- INFO- 2024-11-01 调仓，现金: 92057.27
20260424 08:59:33- INFO- 信号生成完成: 买入327笔, 卖出325笔
20260424 08:59:33- INFO- 开始回测...
20260424 09:00:26- INFO- 回测完成！
20260424 09:02:43- INFO- 
    指标名称                 指标值
  回测开始日期 2024-01-02 00:00:00
  回测结束日期 2026-04-07 00:00:00
    策略胜率              60.31%
   策略盈亏比                1.44
  策略总收益率              36.78%
 策略年化收益率              14.84%
    最大回撤              -4.27%
最大回撤开始日期 2024-12-12 00:00:00
最大回撤结束日期 2024-12-31 00:00:00
    夏普比率                1.81
    最终净值              1.3678
