20260424 08:02:34- INFO- 优化版参数: MV=15-50亿, 换手率>1.0%, 止损=-8.0%
20260424 08:02:34- INFO- 读取数据: 2021-01-04 至 2026-04-20
20260424 08:02:36- INFO- 数据行数: 6362021
20260424 08:02:36- INFO- 生成交易信号...
20260424 08:02:37- INFO- 交易日数量: 1272
20260424 08:02:37- INFO- 2021-01-04 调仓完成，现金: 100000.00
20260424 08:57:26- INFO- 优化版参数: MV=15-50亿, 换手率>1.0%, 止损=-8.0%
20260424 08:57:26- INFO- 读取数据: 2021-01-04 至 2026-04-20
20260424 09:17:01- INFO- 优化版参数: MV=15-50亿, 换手率>1.0%, 止损=-8.0%
20260424 09:17:01- INFO- 读取数据: 2021-01-04 至 2026-04-20
20260424 09:17:02- INFO- 数据行数: 6362021
20260424 09:17:02- INFO- 生成交易信号...
20260424 09:17:02- INFO- 交易日数量: 1272
20260424 09:17:20- INFO- 2021-05-06 调仓，现金: 47939.81
20260424 09:18:40- INFO- 2022-10-28 调仓，现金: 86745.45
20260424 09:19:46- INFO- 2024-01-18 调仓，现金: 124122.17
20260424 09:20:08- INFO- 2024-06-24 调仓，现金: 100940.36
20260424 09:21:43- INFO- 信号生成完成: 买入765笔, 卖出760笔
20260424 09:21:43- INFO- 开始回测...
20260424 09:23:45- INFO- 回测完成！
