20260423 19:46:05- INFO- 参数: START_DATE=2021-01-04, END_DATE=2026-04-20
20260423 19:46:05- INFO- 参数: INITIAL_CASH=100000.0, COMMISSION=0.0003, SLIPPAGE=0.0
20260423 19:46:05- INFO- 参数: STOCK_NUM=3, REFRESH_RATE=5, MV=20-30亿
20260423 19:46:05- INFO- 读取数据: 2021-01-04 至 2026-04-20
20260423 19:46:05- INFO- 数据行数: 6362021
20260423 19:46:06- INFO- 生成交易信号...
20260423 19:46:06- INFO- 交易日数量: 1272
20260423 19:51:09- INFO- 信号生成完成: 买入765笔, 卖出761笔
20260423 19:51:09- INFO- 开始回测...
20260423 19:54:14- INFO- 回测完成！
20260423 19:54:16- INFO- 结果已保存到 因子回测/小市值策略交易记录.csv 和 因子回测/小市值策略资金变化.csv
20260423 21:27:49- INFO- 回测结果:
    指标名称                 指标值
  回测开始日期 2021-01-04 00:00:00
  回测结束日期 2026-04-07 00:00:00
    策略胜率               0.00%
   策略盈亏比                0.00
  策略总收益率              63.41%
 策略年化收益率               9.79%
    最大回撤             -46.23%
最大回撤开始日期 2022-08-23 00:00:00
最大回撤结束日期 2024-02-07 00:00:00
    夏普比率                0.41
    最终净值              1.6341
20260423 21:33:41- INFO- 回测结果:
    指标名称                 指标值
  回测开始日期 2021-01-04 00:00:00
  回测结束日期 2026-04-07 00:00:00
    策略胜率               0.00%
   策略盈亏比                0.00
  策略总收益率              63.41%
 策略年化收益率               9.79%
    最大回撤             -46.23%
最大回撤开始日期 2022-08-23 00:00:00
最大回撤结束日期 2024-02-07 00:00:00
    夏普比率                0.41
    最终净值              1.6341
20260423 21:40:35- INFO- 回测结果:
    指标名称                 指标值
  回测开始日期 2021-01-04 00:00:00
  回测结束日期 2026-04-07 00:00:00
    策略胜率               0.00%
   策略盈亏比                0.00
  策略总收益率              63.41%
 策略年化收益率               9.79%
    最大回撤             -46.23%
最大回撤开始日期 2022-08-23 00:00:00
最大回撤结束日期 2024-02-07 00:00:00
    夏普比率                0.41
    最终净值              1.6341
20260423 23:05:55- INFO- 参数: START_DATE=2021-01-04, END_DATE=2026-04-20
20260423 23:05:55- INFO- 参数: INITIAL_CASH=100000.0, COMMISSION=0.0003, SLIPPAGE=0.0
20260423 23:05:55- INFO- 参数: STOCK_NUM=3, REFRESH_RATE=5, MV=20-30亿
20260423 23:05:55- INFO- 读取数据: 2021-01-04 至 2026-04-20
20260423 23:05:56- INFO- 数据行数: 6362021
20260423 23:05:56- INFO- 生成交易信号...
20260423 23:05:56- INFO- 交易日数量: 1272
20260423 23:10:44- INFO- 信号生成完成: 买入765笔, 卖出761笔
20260423 23:10:45- INFO- 开始回测...
20260423 23:13:00- INFO- 回测完成！
20260423 23:20:03- INFO- 参数: START_DATE=2024-01-04, END_DATE=2026-04-20
20260423 23:20:03- INFO- 参数: INITIAL_CASH=100000.0, COMMISSION=0.0003, SLIPPAGE=0.0
20260423 23:20:03- INFO- 参数: STOCK_NUM=3, REFRESH_RATE=5, MV=20-30亿
20260423 23:20:04- INFO- 读取数据: 2024-01-04 至 2026-04-20
20260423 23:20:04- INFO- 数据行数: 2873394
20260423 23:20:04- INFO- 生成交易信号...
20260423 23:20:04- INFO- 交易日数量: 543
20260423 23:20:54- INFO- 信号生成完成: 买入327笔, 卖出324笔
20260423 23:20:54- INFO- 开始回测...
20260423 23:22:02- INFO- 回测完成！
